<html>
<body>
<pre>
<h1>µVision Build Log</h1>
<h2>Tool Versions:</h2>
IDE-Version: µVision V5.17.0.0
Copyright (C) 2015 ARM Ltd and ARM Germany GmbH. All rights reserved.
License Information: iut cachan iut cachan Flex license: MDK-ARM Professional: 25 user(s) (mdk_pro) Operation stops: 11 Apr 2027
 
Tool Versions:
Toolchain:       MDK-ARM Professional: 25 user(s)  Version: 5.17
Toolchain Path:  C:\Keil_v5\ARM\ARMCC\Bin
C Compiler:      Armcc.exe V5.06 update 1 (build 61)
Assembler:       Armasm.exe V5.06 update 1 (build 61)
Linker/Locator:  ArmLink.exe V5.06 update 1 (build 61)
Library Manager: ArmAr.exe V5.06 update 1 (build 61)
Hex Converter:   FromElf.exe V5.06 update 1 (build 61)
CPU DLL:         SARMCM3.DLL V5.17
Dialog DLL:      DARMP1.DLL V1.25.0.0
Target DLL:      UL2CM3.DLL V1.156.1.0
Dialog DLL:      TARMP1.DLL V1.24.0.0
 
<h2>Project:</h2>
C:\Users\TEMP.GEII2.003\Documents\GitHub\Projet-IT2R-calculateur-central\keil.uvprojx
Project File Date:  03/26/2025

<h2>Output:</h2>
*** Using Compiler 'V5.06 update 1 (build 61)', folder: 'C:\Keil_v5\ARM\ARMCC\Bin'
Build target 'Target 1'
compiling dfplayermini.c...
dfplayermini.h(20): warning:  #1295-D: Deprecated declaration DFPlayer_init - give arg types
  void DFPlayer_init();
dfplayermini.h(21): warning:  #1295-D: Deprecated declaration DFPlayer_next - give arg types
  void DFPlayer_next();
dfplayermini.h(29): warning:  #1-D: last line of file ends without a newline
  #endif
dfplayermini.c(60): warning:  #1-D: last line of file ends without a newline
  }
dfplayermini.c: 4 warnings, 0 errors
compiling main.c...
pwm_moteur.h(14): warning:  #1295-D: Deprecated declaration init_servo_moteur - give arg types
  void init_servo_moteur();
pwm_moteur.h(15): warning:  #1295-D: Deprecated declaration init_moteur - give arg types
  void init_moteur();
pwm_moteur.h(32): warning:  #1-D: last line of file ends without a newline
  ******************************************************************/
dfplayermini.h(20): warning:  #1295-D: Deprecated declaration DFPlayer_init - give arg types
  void DFPlayer_init();
dfplayermini.h(21): warning:  #1295-D: Deprecated declaration DFPlayer_next - give arg types
  void DFPlayer_next();
dfplayermini.h(29): warning:  #1-D: last line of file ends without a newline
  #endif
main.c(208): warning:  #223-D: function "strcmp" declared implicitly
  		if( 0 == strcmp(BADGE,Lecture)){
main.c: 7 warnings, 0 errors
linking...
Program Size: Code=16900 RO-data=1160 RW-data=76 ZI-data=4044  
".\Objects\keil.axf" - 0 Error(s), 11 Warning(s).

<h2>Software Packages used:</h2>

Package Vendor: ARM
                http://www.keil.com/pack/ARM.CMSIS.5.6.0.pack
                ::CMSIS Driver:USART:2.3.0 (API)
                CMSIS (Cortex Microcontroller Software Interface Standard)
   * Component: USART Version: 2.3.0
   * Component: RTOS Version: 1.0.0
   * Component: CORE Version: 5.3.0
   * Component: Keil RTX Version: 4.82.0

Package Vendor: Keil
                https://www.keil.com/pack/Keil.LPC1700_DFP.3.0.0.pack
                Keil::Device:GPIO:1.1.0
                NXP LPC1700 Series Device Support, Drivers and Examples for MCB1700 and LPC1788-32
   * Component: GPIO Version: 1.1.0
   * Component: PIN Version: 1.0.0
   * Component: USART Version: 2.13.0
   * Component: Startup Version: 1.0.0
   * Component: GPDMA Version: 1.4.0

<h2>Collection of Component include folders:</h2>
  C:\Users\TEMP.GEII2.003\Documents\GitHub\Projet-IT2R-calculateur-central\RTE
  C:\Users\TEMP.GEII2.003\Documents\GitHub\Projet-IT2R-calculateur-central\RTE\Device\LPC1768
  C:\Keil_v5\ARM\PACK\ARM\CMSIS\5.6.0\CMSIS\Core\Include
  C:\Keil_v5\ARM\PACK\ARM\CMSIS\5.6.0\CMSIS\Driver\Include
  C:\Keil_v5\ARM\PACK\ARM\CMSIS\5.6.0\CMSIS\RTOS\RTX\INC
  C:\Keil_v5\ARM\PACK\Keil\LPC1700_DFP\3.0.0\Device\Include
  C:\Keil_v5\ARM\PACK\Keil\LPC1700_DFP\3.0.0\RTE_Driver

<h2>Collection of Component Files used:</h2>

   * Component: ::CMSIS Driver:USART:2.3.0 (API)
      Include file:  CMSIS\Driver\Include\Driver_USART.h

   * Component: ::CMSIS:RTOS:1.0.0 (API)

   * Component: ARM::CMSIS:CORE:5.3.0

   * Component: ARM::CMSIS:RTOS:Keil RTX:4.82.0
      Source file:   CMSIS\RTOS\RTX\UserCodeTemplates\main.c
      Source file:   CMSIS\RTOS\RTX\SRC\ARM\SVC_Table.s
      Source file:   CMSIS\RTOS\RTX\Templates\RTX_Conf_CM.c
      Source file:   CMSIS\RTOS\RTX\UserCodeTemplates\MsgQueue.c
      Source file:   CMSIS\RTOS\RTX\UserCodeTemplates\Mutex.c
      Source file:   CMSIS\RTOS\RTX\UserCodeTemplates\Semaphore.c
      Include file:  CMSIS\RTOS\RTX\UserCodeTemplates\osObjects.h
      Source file:   CMSIS\RTOS\RTX\UserCodeTemplates\Thread.c
      Source file:   CMSIS\RTOS\RTX\UserCodeTemplates\Timer.c
      Include file:  CMSIS\RTOS\RTX\INC\cmsis_os.h
      Source file:   CMSIS\RTOS\RTX\UserCodeTemplates\MailQueue.c
      Source file:   CMSIS\RTOS\RTX\UserCodeTemplates\MemPool.c
      Library file:  CMSIS\RTOS\RTX\LIB\ARM\RTX_CM3.lib

   * Component: Keil::Device:GPIO:1.1.0
      Include file:  RTE_Driver\GPIO_LPC17xx.h
      Source file:   RTE_Driver\GPIO_LPC17xx.c

   * Component: Keil::Device:PIN:1.0.0
      Source file:   RTE_Driver\PIN_LPC17xx.c
      Include file:  RTE_Driver\PIN_LPC17xx.h

   * Component: Keil::CMSIS Driver:USART:2.13.0
      Source file:   RTE_Driver\UART_LPC17xx.c

   * Component: Keil::Device:Startup:1.0.0
      Source file:   Device\Source\ARM\startup_LPC17xx.s
      Source file:   Device\Source\system_LPC17xx.c
      Include file:  Device\Include\LPC17xx.h
      Include file:  RTE_Driver\Config\RTE_Device.h

   * Component: Keil::Device:GPDMA:1.4.0
      Source file:   RTE_Driver\GPDMA_LPC17xx.c
      Include file:  RTE_Driver\GPDMA_LPC17xx.h
Build Time Elapsed:  00:00:01
</pre>
</body>
</html>
