Component: ARM Compiler 5.06 update 1 (build 61) Tool: armlink [4d35a8]

==============================================================================

Section Cross References

    lidar rtos v2 marce.o(i.Afficher_LCD) refers to _printf_pad.o(.text) for _printf_pre_padding
    lidar rtos v2 marce.o(i.Afficher_LCD) refers to _printf_percent.o(.ARM.Collect$$_printf_percent$$00000000) for _printf_percent
    lidar rtos v2 marce.o(i.Afficher_LCD) refers to _printf_d.o(.ARM.Collect$$_printf_percent$$00000009) for _printf_d
    lidar rtos v2 marce.o(i.Afficher_LCD) refers to _printf_dec.o(.text) for _printf_int_dec
    lidar rtos v2 marce.o(i.Afficher_LCD) refers to _printf_f.o(.ARM.Collect$$_printf_percent$$00000003) for _printf_f
    lidar rtos v2 marce.o(i.Afficher_LCD) refers to printf1.o(x$fpl$printf1) for _printf_fp_dec
    lidar rtos v2 marce.o(i.Afficher_LCD) refers to rt_cmsis.o(i.osSignalWait) for osSignalWait
    lidar rtos v2 marce.o(i.Afficher_LCD) refers to rt_cmsis.o(i.osSignalClear) for osSignalClear
    lidar rtos v2 marce.o(i.Afficher_LCD) refers to fflt_clz.o(x$fpl$ffltu) for __aeabi_ui2f
    lidar rtos v2 marce.o(i.Afficher_LCD) refers to f2d.o(x$fpl$f2d) for __aeabi_f2d
    lidar rtos v2 marce.o(i.Afficher_LCD) refers to ddiv.o(x$fpl$ddiv) for __aeabi_ddiv
    lidar rtos v2 marce.o(i.Afficher_LCD) refers to dmul.o(x$fpl$dmul) for __aeabi_dmul
    lidar rtos v2 marce.o(i.Afficher_LCD) refers to d2f.o(x$fpl$d2f) for __aeabi_d2f
    lidar rtos v2 marce.o(i.Afficher_LCD) refers to ffix.o(x$fpl$ffix) for __aeabi_f2iz
    lidar rtos v2 marce.o(i.Afficher_LCD) refers to noretval__2sprintf.o(.text) for __2sprintf
    lidar rtos v2 marce.o(i.Afficher_LCD) refers to glcd_mcb1700.o(i.GLCD_DrawString) for GLCD_DrawString
    lidar rtos v2 marce.o(i.Afficher_LCD) refers to rt_cmsis.o(i.osSignalSet) for osSignalSet
    lidar rtos v2 marce.o(i.Afficher_LCD) refers to lidar rtos v2 marce.o(.data) for ID_LCD
    lidar rtos v2 marce.o(i.Init_UART0) refers to uart_lpc17xx.o(.constdata) for Driver_USART0
    lidar rtos v2 marce.o(i.Lidar_Start_Scan) refers to lidar rtos v2 marce.o(i.Send_Lidar_Command) for Send_Lidar_Command
    lidar rtos v2 marce.o(i.Lidar_Stop_Scan) refers to lidar rtos v2 marce.o(i.Send_Lidar_Command) for Send_Lidar_Command
    lidar rtos v2 marce.o(i.Receive_UART) refers to rt_cmsis.o(i.osSignalWait) for osSignalWait
    lidar rtos v2 marce.o(i.Receive_UART) refers to rt_cmsis.o(i.osSignalClear) for osSignalClear
    lidar rtos v2 marce.o(i.Receive_UART) refers to lidar rtos v2 marce.o(i.Lidar_Start_Scan) for Lidar_Start_Scan
    lidar rtos v2 marce.o(i.Receive_UART) refers to rt_cmsis.o(i.osSignalSet) for osSignalSet
    lidar rtos v2 marce.o(i.Receive_UART) refers to lidar rtos v2 marce.o(.data) for ID_Receive
    lidar rtos v2 marce.o(i.Receive_UART) refers to uart_lpc17xx.o(.constdata) for Driver_USART0
    lidar rtos v2 marce.o(i.Send_Lidar_Command) refers to uart_lpc17xx.o(.constdata) for Driver_USART0
    lidar rtos v2 marce.o(i.main) refers to glcd_mcb1700.o(i.GLCD_Initialize) for GLCD_Initialize
    lidar rtos v2 marce.o(i.main) refers to glcd_mcb1700.o(i.GLCD_ClearScreen) for GLCD_ClearScreen
    lidar rtos v2 marce.o(i.main) refers to glcd_mcb1700.o(i.GLCD_SetFont) for GLCD_SetFont
    lidar rtos v2 marce.o(i.main) refers to lidar rtos v2 marce.o(i.Init_UART0) for Init_UART0
    lidar rtos v2 marce.o(i.main) refers to lidar rtos v2 marce.o(i.initTimer0) for initTimer0
    lidar rtos v2 marce.o(i.main) refers to rt_cmsis.o(i.osKernelInitialize) for osKernelInitialize
    lidar rtos v2 marce.o(i.main) refers to rt_cmsis.o(i.osThreadCreate) for osThreadCreate
    lidar rtos v2 marce.o(i.main) refers to rt_cmsis.o(i.osKernelStart) for osKernelStart
    lidar rtos v2 marce.o(i.main) refers to rt_cmsis.o(i.osSignalSet) for osSignalSet
    lidar rtos v2 marce.o(i.main) refers to rt_cmsis.o(i.osDelay) for osDelay
    lidar rtos v2 marce.o(i.main) refers to glcd_fonts.o(.constdata) for GLCD_Font_16x24
    lidar rtos v2 marce.o(i.main) refers to lidar rtos v2 marce.o(.constdata) for os_thread_def_Receive_UART
    lidar rtos v2 marce.o(i.main) refers to lidar rtos v2 marce.o(.data) for ID_Receive
    lidar rtos v2 marce.o(.constdata) refers to lidar rtos v2 marce.o(i.Receive_UART) for Receive_UART
    lidar rtos v2 marce.o(.constdata) refers to lidar rtos v2 marce.o(i.Afficher_LCD) for Afficher_LCD
    glcd_mcb1700.o(i.GLCD_ClearScreen) refers to glcd_mcb1700.o(i.GLCD_SetWindow) for GLCD_SetWindow
    glcd_mcb1700.o(i.GLCD_ClearScreen) refers to glcd_mcb1700.o(i.wr_cmd) for wr_cmd
    glcd_mcb1700.o(i.GLCD_ClearScreen) refers to glcd_mcb1700.o(i.wr_dat_start) for wr_dat_start
    glcd_mcb1700.o(i.GLCD_ClearScreen) refers to glcd_mcb1700.o(i.wr_dat_only) for wr_dat_only
    glcd_mcb1700.o(i.GLCD_ClearScreen) refers to glcd_mcb1700.o(i.wr_dat_stop) for wr_dat_stop
[...]
    rt_timer_insert                          0x00005f35   Thumb Code    48  rt_cmsis.o(i.rt_timer_insert)
    i.rt_tsk_create                          0x00005f68   Section        0  rt_task.o(i.rt_tsk_create)
    i.rt_tsk_delete                          0x00005ff0   Section        0  rt_task.o(i.rt_tsk_delete)
    i.rt_tsk_prio                            0x0000616c   Section        0  rt_task.o(i.rt_tsk_prio)
    i.rt_tsk_self                            0x000061e8   Section        0  rt_task.o(i.rt_tsk_self)
    i.spi_tran                               0x000061f8   Section        0  glcd_mcb1700.o(i.spi_tran)
    spi_tran                                 0x000061f9   Thumb Code    40  glcd_mcb1700.o(i.spi_tran)
    i.spi_tran_man                           0x00006224   Section        0  glcd_mcb1700.o(i.spi_tran_man)
    spi_tran_man                             0x00006225   Thumb Code   132  glcd_mcb1700.o(i.spi_tran_man)
    i.svcDelay                               0x000062ac   Section        0  rt_cmsis.o(i.svcDelay)
    i.svcKernelInitialize                    0x000062c0   Section        0  rt_cmsis.o(i.svcKernelInitialize)
    i.svcKernelStart                         0x00006330   Section        0  rt_cmsis.o(i.svcKernelStart)
    i.svcMessageCreate                       0x00006378   Section        0  rt_cmsis.o(i.svcMessageCreate)
    i.svcMessageGet                          0x0000639c   Section        0  rt_cmsis.o(i.svcMessageGet)
    i.svcSignalClear                         0x000063d6   Section        0  rt_cmsis.o(i.svcSignalClear)
    i.svcSignalSet                           0x000063fa   Section        0  rt_cmsis.o(i.svcSignalSet)
    i.svcSignalWait                          0x00006420   Section        0  rt_cmsis.o(i.svcSignalWait)
    i.svcThreadCreate                        0x00006474   Section        0  rt_cmsis.o(i.svcThreadCreate)
    i.svcThreadGetId                         0x000064e0   Section        0  rt_cmsis.o(i.svcThreadGetId)
    i.svcThreadTerminate                     0x000064fc   Section        0  rt_cmsis.o(i.svcThreadTerminate)
    i.svcTimerCall                           0x00006534   Section        0  rt_cmsis.o(i.svcTimerCall)
    i.sysTimerTick                           0x0000654c   Section        0  rt_cmsis.o(i.sysTimerTick)
    i.wr_cmd                                 0x000065a8   Section        0  glcd_mcb1700.o(i.wr_cmd)
    wr_cmd                                   0x000065a9   Thumb Code    70  glcd_mcb1700.o(i.wr_cmd)
    i.wr_dat_only                            0x000065f4   Section        0  glcd_mcb1700.o(i.wr_dat_only)
    wr_dat_only                              0x000065f5   Thumb Code    46  glcd_mcb1700.o(i.wr_dat_only)
    i.wr_dat_start                           0x00006628   Section        0  glcd_mcb1700.o(i.wr_dat_start)
    wr_dat_start                             0x00006629   Thumb Code    20  glcd_mcb1700.o(i.wr_dat_start)
    i.wr_dat_stop                            0x00006640   Section        0  glcd_mcb1700.o(i.wr_dat_stop)
    wr_dat_stop                              0x00006641   Thumb Code    14  glcd_mcb1700.o(i.wr_dat_stop)
    i.wr_reg                                 0x00006654   Section        0  glcd_mcb1700.o(i.wr_reg)
    wr_reg                                   0x00006655   Thumb Code   140  glcd_mcb1700.o(i.wr_reg)
    locale$$code                             0x000066e4   Section       44  lc_numeric_c.o(locale$$code)
    x$fpl$d2f                                0x00006710   Section       98  d2f.o(x$fpl$d2f)
    x$fpl$ddiv                               0x00006774   Section      688  ddiv.o(x$fpl$ddiv)
    ddiv_entry                               0x0000677b   Thumb Code     0  ddiv.o(x$fpl$ddiv)
    x$fpl$dmul                               0x00006a24   Section      340  dmul.o(x$fpl$dmul)
    x$fpl$dnaninf                            0x00006b78   Section      156  dnaninf.o(x$fpl$dnaninf)
    x$fpl$dretinf                            0x00006c14   Section       12  dretinf.o(x$fpl$dretinf)
    x$fpl$f2d                                0x00006c20   Section       86  f2d.o(x$fpl$f2d)
    x$fpl$ffix                               0x00006c78   Section       54  ffix.o(x$fpl$ffix)
    x$fpl$ffltu                              0x00006cb0   Section       38  fflt_clz.o(x$fpl$ffltu)
    x$fpl$fnaninf                            0x00006cd6   Section      140  fnaninf.o(x$fpl$fnaninf)
    x$fpl$fretinf                            0x00006d62   Section       10  fretinf.o(x$fpl$fretinf)
    x$fpl$printf1                            0x00006d6c   Section        4  printf1.o(x$fpl$printf1)
    .constdata                               0x00006d70   Section       32  lidar rtos v2 marce.o(.constdata)
    x$fpl$usenofp                            0x00006d70   Section        0  usenofp.o(x$fpl$usenofp)
    .constdata                               0x00006d90   Section     6304  glcd_fonts.o(.constdata)
    Font_6x8_h                               0x00006d90   Data         896  glcd_fonts.o(.constdata)
    Font_16x24_h                             0x00007110   Data        5376  glcd_fonts.o(.constdata)
    .constdata                               0x00008630   Section        8  glcd_mcb1700.o(.constdata)
    spi1_pins                                0x00008630   Data           8  glcd_mcb1700.o(.constdata)
    .constdata                               0x00008638   Section      104  rtx_conf_cm.o(.constdata)
    __tagsym$$used                           0x00008654   Number         0  rtx_conf_cm.o(.constdata)
    __tagsym$$used                           0x00008658   Number         0  rtx_conf_cm.o(.constdata)
    __tagsym$$used                           0x0000865c   Number         0  rtx_conf_cm.o(.constdata)
    __tagsym$$used                           0x00008660   Number         0  rtx_conf_cm.o(.constdata)
    .constdata                               0x000086a0   Section      132  ssp_lpc17xx.o(.constdata)
    DriverVersion                            0x000086a0   Data           4  ssp_lpc17xx.o(.constdata)
    DriverCapabilities                       0x000086a4   Data           4  ssp_lpc17xx.o(.constdata)
    SSP1_pin_sck                             0x000086a8   Data           2  ssp_lpc17xx.o(.constdata)
    SSP1_pin_miso                            0x000086aa   Data           2  ssp_lpc17xx.o(.constdata)
    SSP1_pin_mosi                            0x000086ac   Data           2  ssp_lpc17xx.o(.constdata)
    SSP1_pin_ssel                            0x000086ae   Data           2  ssp_lpc17xx.o(.constdata)
    SSP1_Resources                           0x000086b0   Data          72  ssp_lpc17xx.o(.constdata)
    .constdata                               0x00008724   Section      468  uart_lpc17xx.o(.constdata)
    usart_driver_version                     0x00008724   Data           4  uart_lpc17xx.o(.constdata)
    fract_div_lookup_table                   0x00008728   Data         288  uart_lpc17xx.o(.constdata)
    USART0_pin_tx                            0x00008848   Data           2  uart_lpc17xx.o(.constdata)
    USART0_pin_rx                            0x0000884a   Data           2  uart_lpc17xx.o(.constdata)
    UART0_DMA_Tx                             0x0000884c   Data           8  uart_lpc17xx.o(.constdata)
    UART0_DMA_Rx                             0x00008854   Data           8  uart_lpc17xx.o(.constdata)
    USART0_Resources                         0x0000885c   Data         100  uart_lpc17xx.o(.constdata)
    .constdata                               0x000088f8   Section       17  __printf_flags_wp.o(.constdata)
    maptable                                 0x000088f8   Data          17  __printf_flags_wp.o(.constdata)
    .constdata                               0x0000890c   Section      148  bigflt0.o(.constdata)
    tenpwrs_x                                0x0000890c   Data          60  bigflt0.o(.constdata)
    tenpwrs_i                                0x00008948   Data          64  bigflt0.o(.constdata)
    locale$$data                             0x000089c0   Section       28  lc_numeric_c.o(locale$$data)
    __lcnum_c_name                           0x000089c4   Data           2  lc_numeric_c.o(locale$$data)
    __lcnum_c_start                          0x000089cc   Data           0  lc_numeric_c.o(locale$$data)
    __lcnum_c_point                          0x000089d8   Data           0  lc_numeric_c.o(locale$$data)
    __lcnum_c_thousands                      0x000089da   Data           0  lc_numeric_c.o(locale$$data)
    __lcnum_c_grouping                       0x000089db   Data           0  lc_numeric_c.o(locale$$data)
    __lcnum_c_end                            0x000089dc   Data           0  lc_numeric_c.o(locale$$data)
    .data                                    0x10000000   Section       13  lidar rtos v2 marce.o(.data)
    .data                                    0x10000010   Section        9  glcd_mcb1700.o(.data)
    foreground_color                         0x10000010   Data           2  glcd_mcb1700.o(.data)
    background_color                         0x10000012   Data           2  glcd_mcb1700.o(.data)
    active_font                              0x10000014   Data           4  glcd_mcb1700.o(.data)
    Himax                                    0x10000018   Data           1  glcd_mcb1700.o(.data)
    .data                                    0x1000001c   Section       20  rtx_conf_cm.o(.data)
    nr_mutex                                 0x1000002c   Data           4  rtx_conf_cm.o(.data)
    .data                                    0x10000030   Section        8  ssp_lpc17xx.o(.data)
    dummy_data                               0x10000030   Data           4  ssp_lpc17xx.o(.data)
    dummy_data                               0x10000034   Data           4  ssp_lpc17xx.o(.data)
    .data                                    0x10000038   Section        8  gpdma_lpc17xx.o(.data)
    Channel_active                           0x10000038   Data           4  gpdma_lpc17xx.o(.data)
    Init_cnt                                 0x1000003c   Data           4  gpdma_lpc17xx.o(.data)
    .data                                    0x10000040   Section        4  system_lpc17xx.o(.data)
    .data                                    0x10000044   Section        8  rt_cmsis.o(.data)
    .data                                    0x1000004c   Section        8  rt_task.o(.data)
    .data                                    0x10000054   Section        8  rt_system.o(.data)
    os_lock                                  0x10000054   Data           1  rt_system.o(.data)
    os_psh_flag                              0x10000055   Data           1  rt_system.o(.data)
    pend_flags                               0x10000056   Data           1  rt_system.o(.data)
    .data                                    0x1000005c   Section        4  rt_time.o(.data)
    .data                                    0x10000060   Section        8  rt_robin.o(.data)
    .data                                    0x10000068   Section        1  hal_cm.o(.data)
    .bss                                     0x10000070   Section     5416  rtx_conf_cm.o(.bss)
    std_libspace                             0x10001278   Data         672  rtx_conf_cm.o(.bss)
    std_libmutex                             0x10001518   Data         128  rtx_conf_cm.o(.bss)
    .bss                                     0x10001598   Section       44  ssp_lpc17xx.o(.bss)
    SSP1_Info                                0x10001598   Data          16  ssp_lpc17xx.o(.bss)
    SSP1_Xfer                                0x100015a8   Data          28  ssp_lpc17xx.o(.bss)
    .bss                                     0x100015c4   Section       52  uart_lpc17xx.o(.bss)
    USART0_Info                              0x100015c4   Data          52  uart_lpc17xx.o(.bss)
    .bss                                     0x100015f8   Section      160  gpdma_lpc17xx.o(.bss)
    Channel_info                             0x100015f8   Data         160  gpdma_lpc17xx.o(.bss)
    .bss                                     0x10001698   Section       52  rt_task.o(.bss)
    .bss                                     0x100016cc   Section       48  rt_list.o(.bss)
    .bss                                     0x100016fc   Section       96  libspace.o(.bss)
    HEAP                                     0x10001760   Section        0  startup_lpc17xx.o(HEAP)
    STACK                                    0x10001760   Section      512  startup_lpc17xx.o(STACK)
    Heap_Mem                                 0x10001760   Data           0  startup_lpc17xx.o(HEAP)
    Stack_Mem                                0x10001760   Data         512  startup_lpc17xx.o(STACK)
    __initial_sp                             0x10001960   Data           0  startup_lpc17xx.o(STACK)

    Global Symbols

    Symbol Name                              Value     Ov Type        Size  Object(Section)

    BuildAttributes$$THM_ISAv4$P$D$K$B$S$PE$A:L22UL41UL21$X:L11$S22US41US21$IEEE1$IW$USESV6$~STKCKD$USESV7$~SHL$OTIME$ROPI$IEEEJ$EBA8$UX$STANDARDLIB$REQ8$PRES8$EABIv2 0x00000000   Number         0  anon$$obj.o ABSOLUTE
    __ARM_use_no_argv                        0x00000000   Number         0  lidar rtos v2 marce.o ABSOLUTE
    __Vectors                                0x00000000   Data           4  startup_lpc17xx.o(RESET)
    _printf_flags                            0x00000000   Number         0  printf_stubs.o ABSOLUTE
    _printf_return_value                     0x00000000   Number         0  printf_stubs.o ABSOLUTE
    _printf_sizespec                         0x00000000   Number         0  printf_stubs.o ABSOLUTE
    _printf_widthprec                        0x00000000   Number         0  printf_stubs.o ABSOLUTE
    __ARM_exceptions_init                     - Undefined Weak Reference
    __alloca_initialize                       - Undefined Weak Reference
    __arm_preinit_                            - Undefined Weak Reference
    __cpp_initialize__aeabi_                  - Undefined Weak Reference
    __cxa_finalize                            - Undefined Weak Reference
    __sigvec_lookup                           - Undefined Weak Reference
    _atexit_init                              - Undefined Weak Reference
    _call_atexit_fns                          - Undefined Weak Reference
    _clock_init                               - Undefined Weak Reference
    _fp_trap_init                             - Undefined Weak Reference
    _fp_trap_shutdown                         - Undefined Weak Reference
    _get_lc_collate                           - Undefined Weak Reference
    _get_lc_ctype                             - Undefined Weak Reference
    _get_lc_monetary                          - Undefined Weak Reference
    _get_lc_time                              - Undefined Weak Reference
    _getenv_init                              - Undefined Weak Reference
    _handle_redirection                       - Undefined Weak Reference
    _init_alloc                               - Undefined Weak Reference
    _init_user_alloc                          - Undefined Weak Reference
    _initio                                   - Undefined Weak Reference
    _printf_truncate_signed                   - Undefined Weak Reference
    _printf_truncate_unsigned                 - Undefined Weak Reference
    _rand_init                                - Undefined Weak Reference
    _signal_finish                            - Undefined Weak Reference
    _signal_init                              - Undefined Weak Reference
    _terminate_alloc                          - Undefined Weak Reference
    _terminate_user_alloc                     - Undefined Weak Reference
    _terminateio                              - Undefined Weak Reference
    __main                                   0x000000cd   Thumb Code     8  __main.o(!!!main)
    __scatterload                            0x000000d5   Thumb Code     0  __scatter.o(!!!scatter)
    __scatterload_rt2                        0x000000d5   Thumb Code    44  __scatter.o(!!!scatter)
    __scatterload_rt2_thumb_only             0x000000d5   Thumb Code     0  __scatter.o(!!!scatter)
    __scatterload_null                       0x000000e3   Thumb Code     0  __scatter.o(!!!scatter)
    __scatterload_copy                       0x00000109   Thumb Code    26  __scatter_copy.o(!!handler_copy)
    __scatterload_zeroinit                   0x00000125   Thumb Code    28  __scatter_zi.o(!!handler_zi)
    _printf_f                                0x00000141   Thumb Code     0  _printf_f.o(.ARM.Collect$$_printf_percent$$00000003)
    _printf_percent                          0x00000141   Thumb Code     0  _printf_percent.o(.ARM.Collect$$_printf_percent$$00000000)
    _printf_d                                0x00000147   Thumb Code     0  _printf_d.o(.ARM.Collect$$_printf_percent$$00000009)
    _printf_percent_end                      0x0000014d   Thumb Code     0  _printf_percent_end.o(.ARM.Collect$$_printf_percent$$00000017)
    __rt_lib_init                            0x00000151   Thumb Code     0  libinit.o(.ARM.Collect$$libinit$$00000000)
    __rt_lib_init_fp_1                       0x00000153   Thumb Code     0  libinit2.o(.ARM.Collect$$libinit$$00000002)
    __rt_lib_init_heap_1                     0x00000153   Thumb Code     0  libinit2.o(.ARM.Collect$$libinit$$0000000A)
    __rt_lib_init_lc_common                  0x00000153   Thumb Code     0  libinit2.o(.ARM.Collect$$libinit$$0000000F)
    __rt_lib_init_preinit_1                  0x00000153   Thumb Code     0  libinit2.o(.ARM.Collect$$libinit$$00000004)
    __rt_lib_init_rand_1                     0x00000153   Thumb Code     0  libinit2.o(.ARM.Collect$$libinit$$0000000E)
    __rt_lib_init_user_alloc_1               0x00000153   Thumb Code     0  libinit2.o(.ARM.Collect$$libinit$$0000000C)
    __rt_lib_init_lc_collate_1               0x00000159   Thumb Code     0  libinit2.o(.ARM.Collect$$libinit$$00000011)
    __rt_lib_init_lc_ctype_1                 0x00000159   Thumb Code     0  libinit2.o(.ARM.Collect$$libinit$$00000013)
    __rt_lib_init_lc_monetary_1              0x00000159   Thumb Code     0  libinit2.o(.ARM.Collect$$libinit$$00000015)
    __rt_lib_init_lc_numeric_2               0x00000159   Thumb Code     0  libinit2.o(.ARM.Collect$$libinit$$00000016)
    __rt_lib_init_alloca_1                   0x00000163   Thumb Code     0  libinit2.o(.ARM.Collect$$libinit$$0000002E)
    __rt_lib_init_argv_1                     0x00000163   Thumb Code     0  libinit2.o(.ARM.Collect$$libinit$$0000002C)
    __rt_lib_init_atexit_1                   0x00000163   Thumb Code     0  libinit2.o(.ARM.Collect$$libinit$$0000001B)
    __rt_lib_init_clock_1                    0x00000163   Thumb Code     0  libinit2.o(.ARM.Collect$$libinit$$00000021)
    __rt_lib_init_cpp_1                      0x00000163   Thumb Code     0  libinit2.o(.ARM.Collect$$libinit$$00000032)
    __rt_lib_init_exceptions_1               0x00000163   Thumb Code     0  libinit2.o(.ARM.Collect$$libinit$$00000030)
    __rt_lib_init_fp_trap_1                  0x00000163   Thumb Code     0  libinit2.o(.ARM.Collect$$libinit$$0000001F)
    __rt_lib_init_getenv_1                   0x00000163   Thumb Code     0  libinit2.o(.ARM.Collect$$libinit$$00000023)
    __rt_lib_init_lc_numeric_1               0x00000163   Thumb Code     0  libinit2.o(.ARM.Collect$$libinit$$00000017)
    __rt_lib_init_lc_time_1                  0x00000163   Thumb Code     0  libinit2.o(.ARM.Collect$$libinit$$00000019)
    __rt_lib_init_return                     0x00000163   Thumb Code     0  libinit2.o(.ARM.Collect$$libinit$$00000033)
    __rt_lib_init_signal_1                   0x00000163   Thumb Code     0  libinit2.o(.ARM.Collect$$libinit$$0000001D)
    __rt_lib_init_stdio_1                    0x00000163   Thumb Code     0  libinit2.o(.ARM.Collect$$libinit$$00000025)
    __rt_lib_shutdown                        0x00000165   Thumb Code     0  libshutdown.o(.ARM.Collect$$libshutdown$$00000000)
    __rt_lib_shutdown_cpp_1                  0x00000167   Thumb Code     0  libshutdown2.o(.ARM.Collect$$libshutdown$$00000002)
    __rt_lib_shutdown_fp_trap_1              0x00000167   Thumb Code     0  libshutdown2.o(.ARM.Collect$$libshutdown$$00000007)
    __rt_lib_shutdown_heap_1                 0x00000167   Thumb Code     0  libshutdown2.o(.ARM.Collect$$libshutdown$$0000000F)
    __rt_lib_shutdown_return                 0x00000167   Thumb Code     0  libshutdown2.o(.ARM.Collect$$libshutdown$$00000010)
    __rt_lib_shutdown_signal_1               0x00000167   Thumb Code     0  libshutdown2.o(.ARM.Collect$$libshutdown$$0000000A)
    __rt_lib_shutdown_stdio_1                0x00000167   Thumb Code     0  libshutdown2.o(.ARM.Collect$$libshutdown$$00000004)
    __rt_lib_shutdown_user_alloc_1           0x00000167   Thumb Code     0  libshutdown2.o(.ARM.Collect$$libshutdown$$0000000C)
    __rt_entry                               0x00000169   Thumb Code     0  __rtentry.o(.ARM.Collect$$rtentry$$00000000)
    __rt_entry_presh_1                       0x00000169   Thumb Code     0  __rtentry2.o(.ARM.Collect$$rtentry$$00000002)
    __rt_entry_sh                            0x00000169   Thumb Code     0  __rtentry4.o(.ARM.Collect$$rtentry$$00000004)
    __rt_entry_li                            0x0000016f   Thumb Code     0  __rtentry2.o(.ARM.Collect$$rtentry$$0000000A)
    __rt_entry_postsh_1                      0x0000016f   Thumb Code     0  __rtentry2.o(.ARM.Collect$$rtentry$$00000009)
    __rt_entry_postli_1                      0x00000173   Thumb Code     0  __rtentry2.o(.ARM.Collect$$rtentry$$0000000B)
    __rt_entry_main                          0x0000017b   Thumb Code     0  __rtentry2.o(.ARM.Collect$$rtentry$$0000000D)
    __rt_exit                                0x00000183   Thumb Code     0  rtexit.o(.ARM.Collect$$rtexit$$00000000)
    __rt_exit_ls                             0x00000185   Thumb Code     0  rtexit2.o(.ARM.Collect$$rtexit$$00000003)
    __rt_exit_prels_1                        0x00000185   Thumb Code     0  rtexit2.o(.ARM.Collect$$rtexit$$00000002)
    __rt_exit_exit                           0x00000189   Thumb Code     0  rtexit2.o(.ARM.Collect$$rtexit$$00000004)
    _platform_post_lib_init                  0x00000191   Thumb Code    24  rtx_conf_cm.o(.emb_text)
    rt_set_PSP                               0x000001ad   Thumb Code     6  hal_cm3.o(.emb_text)
    rt_get_PSP                               0x000001b3   Thumb Code     6  hal_cm3.o(.emb_text)
    os_set_env                               0x000001b9   Thumb Code    24  hal_cm3.o(.emb_text)
    _alloc_box                               0x000001d5   Thumb Code    28  hal_cm3.o(.emb_text)
    _free_box                                0x000001f5   Thumb Code    28  hal_cm3.o(.emb_text)
    SVC_Handler                              0x00000215   Thumb Code   108  hal_cm3.o(.emb_text)
    PendSV_Handler                           0x0000028d   Thumb Code    56  hal_cm3.o(.emb_text)
    SysTick_Handler                          0x000002c9   Thumb Code     8  hal_cm3.o(.emb_text)
    OS_Tick_Handler                          0x000002d1   Thumb Code    12  hal_cm3.o(.emb_text)
    __user_libspace                          0x000002dd   Thumb Code     8  libspace.o(.text)
    __user_perproc_libspace                  0x000002dd   Thumb Code     0  libspace.o(.text)
    exit                                     0x000002e5   Thumb Code    18  exit.o(.text)
    __use_two_region_memory                  0x000002f7   Thumb Code     2  heapauxi.o(.text)
    __rt_heap_escrow$2region                 0x000002f9   Thumb Code     2  heapauxi.o(.text)
    __rt_heap_expand$2region                 0x000002fb   Thumb Code     2  heapauxi.o(.text)
    Reset_Handler                            0x00000301   Thumb Code     8  startup_lpc17xx.o(.text)
    NMI_Handler                              0x00000309   Thumb Code     2  startup_lpc17xx.o(.text)
    HardFault_Handler                        0x0000030b   Thumb Code     2  startup_lpc17xx.o(.text)
    MemManage_Handler                        0x0000030d   Thumb Code     2  startup_lpc17xx.o(.text)
    BusFault_Handler                         0x0000030f   Thumb Code     2  startup_lpc17xx.o(.text)
    UsageFault_Handler                       0x00000311   Thumb Code     2  startup_lpc17xx.o(.text)
    DebugMon_Handler                         0x00000315   Thumb Code     2  startup_lpc17xx.o(.text)
    ADC_IRQHandler                           0x0000031b   Thumb Code     0  startup_lpc17xx.o(.text)
    BOD_IRQHandler                           0x0000031b   Thumb Code     0  startup_lpc17xx.o(.text)
    CANActivity_IRQHandler                   0x0000031b   Thumb Code     0  startup_lpc17xx.o(.text)
    CAN_IRQHandler                           0x0000031b   Thumb Code     0  startup_lpc17xx.o(.text)
    EINT0_IRQHandler                         0x0000031b   Thumb Code     0  startup_lpc17xx.o(.text)
    EINT1_IRQHandler                         0x0000031b   Thumb Code     0  startup_lpc17xx.o(.text)
    EINT2_IRQHandler                         0x0000031b   Thumb Code     0  startup_lpc17xx.o(.text)
    EINT3_IRQHandler                         0x0000031b   Thumb Code     0  startup_lpc17xx.o(.text)
    ENET_IRQHandler                          0x0000031b   Thumb Code     0  startup_lpc17xx.o(.text)
    I2C0_IRQHandler                          0x0000031b   Thumb Code     0  startup_lpc17xx.o(.text)
    I2C1_IRQHandler                          0x0000031b   Thumb Code     0  startup_lpc17xx.o(.text)
    I2C2_IRQHandler                          0x0000031b   Thumb Code     0  startup_lpc17xx.o(.text)
    I2S_IRQHandler                           0x0000031b   Thumb Code     0  startup_lpc17xx.o(.text)
    MCPWM_IRQHandler                         0x0000031b   Thumb Code     0  startup_lpc17xx.o(.text)
    PLL0_IRQHandler                          0x0000031b   Thumb Code     0  startup_lpc17xx.o(.text)
    PLL1_IRQHandler                          0x0000031b   Thumb Code     0  startup_lpc17xx.o(.text)
    PWM1_IRQHandler                          0x0000031b   Thumb Code     0  startup_lpc17xx.o(.text)
    QEI_IRQHandler                           0x0000031b   Thumb Code     0  startup_lpc17xx.o(.text)
    RIT_IRQHandler                           0x0000031b   Thumb Code     0  startup_lpc17xx.o(.text)
    RTC_IRQHandler                           0x0000031b   Thumb Code     0  startup_lpc17xx.o(.text)
    SPI_IRQHandler                           0x0000031b   Thumb Code     0  startup_lpc17xx.o(.text)
    SSP0_IRQHandler                          0x0000031b   Thumb Code     0  startup_lpc17xx.o(.text)
    TIMER0_IRQHandler                        0x0000031b   Thumb Code     0  startup_lpc17xx.o(.text)
    TIMER1_IRQHandler                        0x0000031b   Thumb Code     0  startup_lpc17xx.o(.text)
    TIMER2_IRQHandler                        0x0000031b   Thumb Code     0  startup_lpc17xx.o(.text)
    TIMER3_IRQHandler                        0x0000031b   Thumb Code     0  startup_lpc17xx.o(.text)
    UART1_IRQHandler                         0x0000031b   Thumb Code     0  startup_lpc17xx.o(.text)
    UART2_IRQHandler                         0x0000031b   Thumb Code     0  startup_lpc17xx.o(.text)
    UART3_IRQHandler                         0x0000031b   Thumb Code     0  startup_lpc17xx.o(.text)
    USBActivity_IRQHandler                   0x0000031b   Thumb Code     0  startup_lpc17xx.o(.text)
    USB_IRQHandler                           0x0000031b   Thumb Code     0  startup_lpc17xx.o(.text)
    WDT_IRQHandler                           0x0000031b   Thumb Code     0  startup_lpc17xx.o(.text)
    __user_initial_stackheap                 0x0000031d   Thumb Code     0  startup_lpc17xx.o(.text)
    __aeabi_uldivmod                         0x0000033d   Thumb Code     0  lludivv7m.o(.text)
    _ll_udiv                                 0x0000033d   Thumb Code   238  lludivv7m.o(.text)
    __2sprintf                               0x0000042d   Thumb Code    34  noretval__2sprintf.o(.text)
    _printf_pre_padding                      0x00000455   Thumb Code    44  _printf_pad.o(.text)
    _printf_post_padding                     0x00000481   Thumb Code    34  _printf_pad.o(.text)
    __RL_RTX_VER                             0x00000482   Number         0  rt_system.o ABSOLUTE
    _printf_int_dec                          0x000004a5   Thumb Code   104  _printf_dec.o(.text)
    __printf                                 0x0000051d   Thumb Code   308  __printf_flags_wp.o(.text)
    __aeabi_memclr4                          0x00000655   Thumb Code     0  rt_memclr_w.o(.text)
    __aeabi_memclr8                          0x00000655   Thumb Code     0  rt_memclr_w.o(.text)
    __rt_memclr_w                            0x00000655   Thumb Code    78  rt_memclr_w.o(.text)
    _memset_w                                0x00000659   Thumb Code     0  rt_memclr_w.o(.text)
    _printf_int_common                       0x000006a3   Thumb Code   178  _printf_intcommon.o(.text)
    __lib_sel_fp_printf                      0x00000755   Thumb Code     2  _printf_fp_dec.o(.text)
    _printf_fp_dec_real                      0x00000903   Thumb Code   620  _printf_fp_dec.o(.text)
    _printf_char_common                      0x00000b7b   Thumb Code    32  _printf_char_common.o(.text)
    _sputc                                   0x00000ba1   Thumb Code    10  _sputc.o(.text)
    __rt_locale                              0x00000bab   Thumb Code    10  rt_locale_twolibspace.o(.text)
    _ll_udiv10                               0x00000bb5   Thumb Code   138  lludiv10.o(.text)
    _printf_fp_infnan                        0x00000c41   Thumb Code   112  _printf_fp_infnan.o(.text)
    _btod_etento                             0x00000cc1   Thumb Code   216  bigflt0.o(.text)
    _sys_exit                                0x00000d9d   Thumb Code     8  sys_exit.o(.text)
    __user_setup_stackheap                   0x00000da9   Thumb Code    74  sys_stackheap_outer.o(.text)
    strcmp                                   0x00000df5   Thumb Code   128  strcmpv7m.o(.text)
    __I$use$semihosting                      0x00000e75   Thumb Code     0  use_no_semi.o(.text)
    __use_no_semihosting_swi                 0x00000e75   Thumb Code     2  use_no_semi.o(.text)
    __semihosting_library_function           0x00000e77   Thumb Code     0  indicate_semi.o(.text)
    _btod_d2e                                0x00000e77   Thumb Code    62  btod.o(CL$$btod_d2e)
    _d2e_denorm_low                          0x00000eb5   Thumb Code    70  btod.o(CL$$btod_d2e_denorm_low)
    _d2e_norm_op1                            0x00000efb   Thumb Code    96  btod.o(CL$$btod_d2e_norm_op1)
    __btod_div_common                        0x00000f5b   Thumb Code   696  btod.o(CL$$btod_div_common)
    _e2e                                     0x00001293   Thumb Code   198  btod.o(CL$$btod_e2e)
    _btod_ediv                               0x00001359   Thumb Code    40  btod.o(CL$$btod_ediv)
    _btod_emul                               0x00001381   Thumb Code    40  btod.o(CL$$btod_emul)
    __btod_mult_common                       0x000013a9   Thumb Code   580  btod.o(CL$$btod_mult_common)
    SVC_Count                                0x000015ec   Data           4  svc_table.o(SVC_TABLE)
    Afficher_LCD                             0x000015f1   Thumb Code   214  lidar rtos v2 marce.o(i.Afficher_LCD)
    SVC_Table                                0x000015f0   Data           0  svc_table.o(SVC_TABLE)
    DMA_IRQHandler                           0x00001729   Thumb Code   372  gpdma_lpc17xx.o(i.DMA_IRQHandler)
    GLCD_ClearScreen                         0x000018a9   Thumb Code    54  glcd_mcb1700.o(i.GLCD_ClearScreen)
    GLCD_DrawChar                            0x000018e5   Thumb Code   194  glcd_mcb1700.o(i.GLCD_DrawChar)
    GLCD_DrawString                          0x000019b5   Thumb Code    38  glcd_mcb1700.o(i.GLCD_DrawString)
    GLCD_Initialize                          0x000019e1   Thumb Code  1534  glcd_mcb1700.o(i.GLCD_Initialize)
    GLCD_SetFont                             0x00001fe1   Thumb Code    10  glcd_mcb1700.o(i.GLCD_SetFont)
    GPDMA_ChannelConfigure                   0x00002091   Thumb Code   232  gpdma_lpc17xx.o(i.GPDMA_ChannelConfigure)
    GPDMA_ChannelDisable                     0x00002185   Thumb Code    44  gpdma_lpc17xx.o(i.GPDMA_ChannelDisable)
    GPDMA_ChannelGetCount                    0x000021b5   Thumb Code    38  gpdma_lpc17xx.o(i.GPDMA_ChannelGetCount)
    GPDMA_Initialize                         0x000021e5   Thumb Code   154  gpdma_lpc17xx.o(i.GPDMA_Initialize)
    GPDMA_PeripheralSelect                   0x00002295   Thumb Code    62  gpdma_lpc17xx.o(i.GPDMA_PeripheralSelect)
    GPDMA_Uninitialize                       0x000022d9   Thumb Code   116  gpdma_lpc17xx.o(i.GPDMA_Uninitialize)
    GPIO_PinRead                             0x00002359   Thumb Code    28  gpio_lpc17xx.o(i.GPIO_PinRead)
    GPIO_PinWrite                            0x00002379   Thumb Code    36  gpio_lpc17xx.o(i.GPIO_PinWrite)
    GPIO_PortClock                           0x000023a1   Thumb Code    38  gpio_lpc17xx.o(i.GPIO_PortClock)
    GPIO_SetDir                              0x000023cd   Thumb Code    52  gpio_lpc17xx.o(i.GPIO_SetDir)
    Init_UART0                               0x0000248d   Thumb Code    52  lidar rtos v2 marce.o(i.Init_UART0)
    Lidar_Start_Scan                         0x000024c5   Thumb Code    14  lidar rtos v2 marce.o(i.Lidar_Start_Scan)
    PIN_Configure                            0x000024d5   Thumb Code   246  pin_lpc17xx.o(i.PIN_Configure)
    Receive_UART                             0x000025d1   Thumb Code    66  lidar rtos v2 marce.o(i.Receive_UART)
    SSP1_GPDMA_Rx_SignalEvent                0x0000263d   Thumb Code    14  ssp_lpc17xx.o(i.SSP1_GPDMA_Rx_SignalEvent)
    SSP1_GPDMA_Tx_SignalEvent                0x00002651   Thumb Code    14  ssp_lpc17xx.o(i.SSP1_GPDMA_Tx_SignalEvent)
    SSP1_IRQHandler                          0x00002685   Thumb Code    10  ssp_lpc17xx.o(i.SSP1_IRQHandler)
    SSPx_GPDMA_Rx_SignalEvent                0x00002c53   Thumb Code    54  ssp_lpc17xx.o(i.SSPx_GPDMA_Rx_SignalEvent)
    SSPx_GPDMA_Tx_SignalEvent                0x00002c89   Thumb Code    28  ssp_lpc17xx.o(i.SSPx_GPDMA_Tx_SignalEvent)
    Send_Lidar_Command                       0x00003525   Thumb Code   194  lidar rtos v2 marce.o(i.Send_Lidar_Command)
    SystemInit                               0x00003625   Thumb Code   302  system_lpc17xx.o(i.SystemInit)
    UART0_IRQHandler                         0x00003765   Thumb Code    10  uart_lpc17xx.o(i.UART0_IRQHandler)
    USART0_GPDMA_Rx_Event                    0x0000378d   Thumb Code    14  uart_lpc17xx.o(i.USART0_GPDMA_Rx_Event)
    USART0_GPDMA_Tx_Event                    0x000037a1   Thumb Code    14  uart_lpc17xx.o(i.USART0_GPDMA_Tx_Event)
    USART_SetBaudrate                        0x00004a09   Thumb Code   314  uart_lpc17xx.o(i.USART_SetBaudrate)
    __ARM_fpclassify                         0x00004d55   Thumb Code    40  fpclassify.o(i.__ARM_fpclassify)
    _init_box                                0x00004dd1   Thumb Code    70  rt_membox.o(i._init_box)
    _is_digit                                0x00004e17   Thumb Code    14  __printf_wp.o(i._is_digit)
    _mutex_acquire                           0x00004e25   Thumb Code    22  rtx_conf_cm.o(i._mutex_acquire)
    _mutex_release                           0x00004e45   Thumb Code    18  rtx_conf_cm.o(i._mutex_release)
    dbg_init                                 0x00004e61   Thumb Code    34  hal_cm.o(i.dbg_init)
    dbg_task_notify                          0x00004e91   Thumb Code    32  hal_cm.o(i.dbg_task_notify)
    dbg_task_switch                          0x00004eb1   Thumb Code    16  hal_cm.o(i.dbg_task_switch)
    initTimer0                               0x00004ef1   Thumb Code   102  lidar rtos v2 marce.o(i.initTimer0)
    isrMessageGet                            0x00004f65   Thumb Code    42  rt_cmsis.o(i.isrMessageGet)
    isrMessagePut                            0x00004f8f   Thumb Code    44  rt_cmsis.o(i.isrMessagePut)
    isrSignalSet                             0x00004fbb   Thumb Code    36  rt_cmsis.o(i.isrSignalSet)
    isr_evt_set                              0x00004fe1   Thumb Code    34  rt_event.o(i.isr_evt_set)
    isr_mbx_receive                          0x00005009   Thumb Code    86  rt_mailbox.o(i.isr_mbx_receive)
    isr_mbx_send                             0x0000505f   Thumb Code    14  rt_mailbox.o(i.isr_mbx_send)
    main                                     0x0000506d   Thumb Code    90  lidar rtos v2 marce.o(i.main)
    osDelay                                  0x000050e1   Thumb Code    18  rt_cmsis.o(i.osDelay)
    osKernelInitialize                       0x000050f9   Thumb Code    30  rt_cmsis.o(i.osKernelInitialize)
    osKernelStart                            0x0000511d   Thumb Code    98  rt_cmsis.o(i.osKernelStart)
    osMessageGet                             0x00005189   Thumb Code    18  rt_cmsis.o(i.osMessageGet)
    osSignalClear                            0x000051a1   Thumb Code    20  rt_cmsis.o(i.osSignalClear)
    osSignalSet                              0x000051b9   Thumb Code    18  rt_cmsis.o(i.osSignalSet)
    osSignalWait                             0x000051d1   Thumb Code    18  rt_cmsis.o(i.osSignalWait)
    osThreadCreate                           0x000051e9   Thumb Code    36  rt_cmsis.o(i.osThreadCreate)
    osThreadExit                             0x00005215   Thumb Code    14  rt_cmsis.o(i.osThreadExit)
    osTimerCall                              0x0000522d   Thumb Code     8  rt_cmsis.o(i.osTimerCall)
    osTimerThread                            0x00005239   Thumb Code    38  rt_cmsis.o(i.osTimerThread)
    os_error                                 0x00005265   Thumb Code    34  rtx_conf_cm.o(i.os_error)
    os_idle_demon                            0x00005287   Thumb Code     4  rtx_conf_cm.o(i.os_idle_demon)
    os_tick_init                             0x0000528d   Thumb Code    32  rt_system.o(i.os_tick_init)
    os_tick_irqack                           0x000052b5   Thumb Code     2  rt_system.o(i.os_tick_irqack)
    rt_alloc_box                             0x00005381   Thumb Code    26  rt_membox.o(i.rt_alloc_box)
    rt_alloc_mem                             0x0000539b   Thumb Code    62  rt_memory.o(i.rt_alloc_mem)
    rt_block                                 0x000053d9   Thumb Code    48  rt_task.o(i.rt_block)
    rt_chk_robin                             0x00005411   Thumb Code    60  rt_robin.o(i.rt_chk_robin)
    rt_dec_dly                               0x00005459   Thumb Code   102  rt_list.o(i.rt_dec_dly)
    rt_dispatch                              0x000054c9   Thumb Code    60  rt_task.o(i.rt_dispatch)
    rt_dly_wait                              0x0000550d   Thumb Code     6  rt_time.o(i.rt_dly_wait)
    rt_evt_clr                               0x00005515   Thumb Code    22  rt_event.o(i.rt_evt_clr)
    rt_evt_psh                               0x00005531   Thumb Code    76  rt_event.o(i.rt_evt_psh)
    rt_evt_set                               0x00005581   Thumb Code    88  rt_event.o(i.rt_evt_set)
    rt_evt_wait                              0x000055dd   Thumb Code    56  rt_event.o(i.rt_evt_wait)
    rt_free_box                              0x00005619   Thumb Code    44  rt_membox.o(i.rt_free_box)
    rt_free_mem                              0x00005645   Thumb Code    40  rt_memory.o(i.rt_free_mem)
    rt_get_first                             0x0000566d   Thumb Code    40  rt_list.o(i.rt_get_first)
    rt_init_mem                              0x000056e5   Thumb Code    26  rt_memory.o(i.rt_init_mem)
    rt_init_robin                            0x00005701   Thumb Code    14  rt_robin.o(i.rt_init_robin)
    rt_init_stack                            0x00005719   Thumb Code   118  hal_cm.o(i.rt_init_stack)
    rt_mbx_check                             0x00005799   Thumb Code     8  rt_mailbox.o(i.rt_mbx_check)
    rt_mbx_init                              0x000057a1   Thumb Code    26  rt_mailbox.o(i.rt_mbx_init)
    rt_mbx_psh                               0x000057bd   Thumb Code   236  rt_mailbox.o(i.rt_mbx_psh)
    rt_mbx_wait                              0x000058ad   Thumb Code   174  rt_mailbox.o(i.rt_mbx_wait)
    rt_mut_release                           0x000059a5   Thumb Code   208  rt_mutex.o(i.rt_mut_release)
    rt_mut_wait                              0x00005a7d   Thumb Code   114  rt_mutex.o(i.rt_mut_wait)
    rt_pop_req                               0x00005af5   Thumb Code   112  rt_system.o(i.rt_pop_req)
    rt_psh_req                               0x00005b71   Thumb Code    22  rt_system.o(i.rt_psh_req)
    rt_psq_enq                               0x00005b91   Thumb Code    88  rt_list.o(i.rt_psq_enq)
    rt_put_dly                               0x00005bed   Thumb Code    68  rt_list.o(i.rt_put_dly)
    rt_put_prio                              0x00005c35   Thumb Code    54  rt_list.o(i.rt_put_prio)
    rt_put_rdy_first                         0x00005c6d   Thumb Code    14  rt_list.o(i.rt_put_rdy_first)
    rt_resort_prio                           0x00005c81   Thumb Code    46  rt_list.o(i.rt_resort_prio)
    rt_ret_val                               0x00005cb5   Thumb Code     6  hal_cm.o(i.rt_ret_val)
    rt_ret_val2                              0x00005cbb   Thumb Code     8  hal_cm.o(i.rt_ret_val2)
    rt_rmv_dly                               0x00005cc3   Thumb Code    40  rt_list.o(i.rt_rmv_dly)
    rt_rmv_list                              0x00005ced   Thumb Code    44  rt_list.o(i.rt_rmv_list)
    rt_sem_psh                               0x00005d1d   Thumb Code    48  rt_semaphore.o(i.rt_sem_psh)
    rt_stk_check                             0x00005d51   Thumb Code    28  rt_system.o(i.rt_stk_check)
    rt_switch_req                            0x00005d75   Thumb Code    30  rt_task.o(i.rt_switch_req)
    rt_sys_init                              0x00005d9d   Thumb Code   138  rt_task.o(i.rt_sys_init)
    rt_sys_start                             0x00005e69   Thumb Code   110  rt_task.o(i.rt_sys_start)
    rt_systick                               0x00005ee1   Thumb Code    50  rt_system.o(i.rt_systick)
    rt_tsk_create                            0x00005f69   Thumb Code   118  rt_task.o(i.rt_tsk_create)
    rt_tsk_delete                            0x00005ff1   Thumb Code   352  rt_task.o(i.rt_tsk_delete)
    rt_tsk_prio                              0x0000616d   Thumb Code   108  rt_task.o(i.rt_tsk_prio)
    rt_tsk_self                              0x000061e9   Thumb Code    12  rt_task.o(i.rt_tsk_self)
    svcDelay                                 0x000062ad   Thumb Code    18  rt_cmsis.o(i.svcDelay)
    svcKernelInitialize                      0x000062c1   Thumb Code    80  rt_cmsis.o(i.svcKernelInitialize)
    svcKernelStart                           0x00006331   Thumb Code    62  rt_cmsis.o(i.svcKernelStart)
    svcMessageCreate                         0x00006379   Thumb Code    36  rt_cmsis.o(i.svcMessageCreate)
    svcMessageGet                            0x0000639d   Thumb Code    58  rt_cmsis.o(i.svcMessageGet)
    svcSignalClear                           0x000063d7   Thumb Code    36  rt_cmsis.o(i.svcSignalClear)
    svcSignalSet                             0x000063fb   Thumb Code    36  rt_cmsis.o(i.svcSignalSet)
    svcSignalWait                            0x00006421   Thumb Code    80  rt_cmsis.o(i.svcSignalWait)
    svcThreadCreate                          0x00006475   Thumb Code    96  rt_cmsis.o(i.svcThreadCreate)
    svcThreadGetId                           0x000064e1   Thumb Code    22  rt_cmsis.o(i.svcThreadGetId)
    svcThreadTerminate                       0x000064fd   Thumb Code    50  rt_cmsis.o(i.svcThreadTerminate)
    svcTimerCall                             0x00006535   Thumb Code    24  rt_cmsis.o(i.svcTimerCall)
    sysTimerTick                             0x0000654d   Thumb Code    84  rt_cmsis.o(i.sysTimerTick)
    _get_lc_numeric                          0x000066e5   Thumb Code    44  lc_numeric_c.o(locale$$code)
    __aeabi_d2f                              0x00006711   Thumb Code     0  d2f.o(x$fpl$d2f)
    _d2f                                     0x00006711   Thumb Code    98  d2f.o(x$fpl$d2f)
    __aeabi_ddiv                             0x00006775   Thumb Code     0  ddiv.o(x$fpl$ddiv)
    _ddiv                                    0x00006775   Thumb Code   552  ddiv.o(x$fpl$ddiv)
    __aeabi_dmul                             0x00006a25   Thumb Code     0  dmul.o(x$fpl$dmul)
    _dmul                                    0x00006a25   Thumb Code   332  dmul.o(x$fpl$dmul)
    __fpl_dnaninf                            0x00006b79   Thumb Code   156  dnaninf.o(x$fpl$dnaninf)
    __fpl_dretinf                            0x00006c15   Thumb Code    12  dretinf.o(x$fpl$dretinf)
    __aeabi_f2d                              0x00006c21   Thumb Code     0  f2d.o(x$fpl$f2d)
    _f2d                                     0x00006c21   Thumb Code    86  f2d.o(x$fpl$f2d)
    __aeabi_f2iz                             0x00006c79   Thumb Code     0  ffix.o(x$fpl$ffix)
    _ffix                                    0x00006c79   Thumb Code    54  ffix.o(x$fpl$ffix)
    __aeabi_ui2f                             0x00006cb1   Thumb Code     0  fflt_clz.o(x$fpl$ffltu)
    _ffltu                                   0x00006cb1   Thumb Code    38  fflt_clz.o(x$fpl$ffltu)
    __fpl_fnaninf                            0x00006cd7   Thumb Code   140  fnaninf.o(x$fpl$fnaninf)
    __fpl_fretinf                            0x00006d63   Thumb Code    10  fretinf.o(x$fpl$fretinf)
    _printf_fp_dec                           0x00006d6d   Thumb Code     4  printf1.o(x$fpl$printf1)
    __I$use$fp                               0x00006d70   Number         0  usenofp.o(x$fpl$usenofp)
    os_thread_def_Receive_UART               0x00006d70   Data          16  lidar rtos v2 marce.o(.constdata)
    os_thread_def_Afficher_LCD               0x00006d80   Data          16  lidar rtos v2 marce.o(.constdata)
    GLCD_Font_6x8                            0x00008610   Data          16  glcd_fonts.o(.constdata)
    GLCD_Font_16x24                          0x00008620   Data          16  glcd_fonts.o(.constdata)
    os_maxtaskrun                            0x00008638   Data           2  rtx_conf_cm.o(.constdata)
    os_stackinfo                             0x0000863c   Data           4  rtx_conf_cm.o(.constdata)
    os_rrobin                                0x00008640   Data           4  rtx_conf_cm.o(.constdata)
    os_tickfreq                              0x00008644   Data           4  rtx_conf_cm.o(.constdata)
    os_tickus_i                              0x00008648   Data           2  rtx_conf_cm.o(.constdata)
    os_tickus_f                              0x0000864a   Data           2  rtx_conf_cm.o(.constdata)
    os_trv                                   0x0000864c   Data           4  rtx_conf_cm.o(.constdata)
    os_flags                                 0x00008650   Data           1  rtx_conf_cm.o(.constdata)
    CMSIS_RTOS_API_Version                   0x00008654   Data           4  rtx_conf_cm.o(.constdata)
    CMSIS_RTOS_RTX_Version                   0x00008658   Data           4  rtx_conf_cm.o(.constdata)
    os_clockrate                             0x0000865c   Data           4  rtx_conf_cm.o(.constdata)
    os_timernum                              0x00008660   Data           4  rtx_conf_cm.o(.constdata)
    mp_tcb_size                              0x00008664   Data           2  rtx_conf_cm.o(.constdata)
    mp_stk_size                              0x00008668   Data           4  rtx_conf_cm.o(.constdata)
    os_stack_sz                              0x0000866c   Data           4  rtx_conf_cm.o(.constdata)
    os_fifo_size                             0x00008670   Data           1  rtx_conf_cm.o(.constdata)
    os_thread_def_osTimerThread              0x00008674   Data          16  rtx_conf_cm.o(.constdata)
    os_messageQ_def_osTimerMessageQ          0x00008684   Data           8  rtx_conf_cm.o(.constdata)
    mp_tmr_size                              0x0000868c   Data           2  rtx_conf_cm.o(.constdata)
    os_thread_def_main                       0x00008690   Data          16  rtx_conf_cm.o(.constdata)
    Driver_SPI1                              0x000086f8   Data          44  ssp_lpc17xx.o(.constdata)
    Driver_USART0                            0x000088c0   Data          56  uart_lpc17xx.o(.constdata)
    Region$$Table$$Base                      0x000089a0   Number         0  anon$$obj.o(Region$$Table)
    Region$$Table$$Limit                     0x000089c0   Number         0  anon$$obj.o(Region$$Table)
    ID_Receive                               0x10000000   Data           4  lidar rtos v2 marce.o(.data)
    ID_LCD                                   0x10000004   Data           4  lidar rtos v2 marce.o(.data)
    ValeurRecue                              0x10000008   Data           5  lidar rtos v2 marce.o(.data)
    osThreadId_osTimerThread                 0x1000001c   Data           4  rtx_conf_cm.o(.data)
    osMessageQId_osTimerMessageQ             0x10000020   Data           4  rtx_conf_cm.o(.data)
    os_tmr                                   0x10000024   Data           4  rtx_conf_cm.o(.data)
    m_tmr                                    0x10000028   Data           4  rtx_conf_cm.o(.data)
    SystemCoreClock                          0x10000040   Data           4  system_lpc17xx.o(.data)
    os_initialized                           0x10000044   Data           1  rt_cmsis.o(.data)
    os_running                               0x10000045   Data           1  rt_cmsis.o(.data)
    os_timer_head                            0x10000048   Data           4  rt_cmsis.o(.data)
    os_tsk                                   0x1000004c   Data           8  rt_task.o(.data)
    os_tick_irqn                             0x10000058   Data           4  rt_system.o(.data)
    os_time                                  0x1000005c   Data           4  rt_time.o(.data)
    os_robin                                 0x10000060   Data           8  rt_robin.o(.data)
    dbg_msg                                  0x10000068   Data           1  hal_cm.o(.data)
    mp_tcb                                   0x10000070   Data         376  rtx_conf_cm.o(.bss)
    mp_stk                                   0x100001e8   Data        3616  rtx_conf_cm.o(.bss)
    os_stack_mem                             0x10001008   Data         432  rtx_conf_cm.o(.bss)
    os_fifo                                  0x100011b8   Data         132  rtx_conf_cm.o(.bss)
    os_active_TCB                            0x1000123c   Data          28  rtx_conf_cm.o(.bss)
    os_messageQ_q_osTimerMessageQ            0x10001258   Data          32  rtx_conf_cm.o(.bss)
    os_idle_TCB                              0x10001698   Data          52  rt_task.o(.bss)
    os_rdy                                   0x100016cc   Data          24  rt_list.o(.bss)
    os_dly                                   0x100016e4   Data          24  rt_list.o(.bss)
    __libspace_start                         0x100016fc   Data          96  libspace.o(.bss)
    __temporary_stack_top$libspace           0x1000175c   Data           0  libspace.o(.bss)



==============================================================================

Memory Map of the image

  Image Entry point : 0x000000cd

  Load Region LR_IROM1 (Base: 0x00000000, Size: 0x00008a48, Max: 0x00080000, ABSOLUTE)

    Execution Region ER_IROM1 (Base: 0x00000000, Size: 0x000089dc, Max: 0x00080000, ABSOLUTE)

    Base Addr    Size         Type   Attr      Idx    E Section Name        Object

    0x00000000   0x000000cc   Data   RO          987    RESET               startup_lpc17xx.o
    0x000000cc   0x00000008   Code   RO         2288  * !!!main             c_w.l(__main.o)
    0x000000d4   0x00000034   Code   RO         2536    !!!scatter          c_w.l(__scatter.o)
    0x00000108   0x0000001a   Code   RO         2538    !!handler_copy      c_w.l(__scatter_copy.o)
    0x00000122   0x00000002   PAD
    0x00000124   0x0000001c   Code   RO         2540    !!handler_zi        c_w.l(__scatter_zi.o)
    0x00000140   0x00000000   Code   RO         2281    .ARM.Collect$$_printf_percent$$00000000  c_w.l(_printf_percent.o)
    0x00000140   0x00000006   Code   RO         2280    .ARM.Collect$$_printf_percent$$00000003  c_w.l(_printf_f.o)
    0x00000146   0x00000006   Code   RO         2279    .ARM.Collect$$_printf_percent$$00000009  c_w.l(_printf_d.o)
    0x0000014c   0x00000004   Code   RO         2327    .ARM.Collect$$_printf_percent$$00000017  c_w.l(_printf_percent_end.o)
    0x00000150   0x00000002   Code   RO         2422    .ARM.Collect$$libinit$$00000000  c_w.l(libinit.o)
    0x00000152   0x00000000   Code   RO         2424    .ARM.Collect$$libinit$$00000002  c_w.l(libinit2.o)
    0x00000152   0x00000000   Code   RO         2426    .ARM.Collect$$libinit$$00000004  c_w.l(libinit2.o)
    0x00000152   0x00000000   Code   RO         2429    .ARM.Collect$$libinit$$0000000A  c_w.l(libinit2.o)
    0x00000152   0x00000000   Code   RO         2431    .ARM.Collect$$libinit$$0000000C  c_w.l(libinit2.o)
    0x00000152   0x00000000   Code   RO         2433    .ARM.Collect$$libinit$$0000000E  c_w.l(libinit2.o)
    0x00000152   0x00000006   Code   RO         2434    .ARM.Collect$$libinit$$0000000F  c_w.l(libinit2.o)
    0x00000158   0x00000000   Code   RO         2436    .ARM.Collect$$libinit$$00000011  c_w.l(libinit2.o)
    0x00000158   0x00000000   Code   RO         2438    .ARM.Collect$$libinit$$00000013  c_w.l(libinit2.o)
    0x00000158   0x00000000   Code   RO         2440    .ARM.Collect$$libinit$$00000015  c_w.l(libinit2.o)
    0x00000158   0x0000000a   Code   RO         2441    .ARM.Collect$$libinit$$00000016  c_w.l(libinit2.o)
    0x00000162   0x00000000   Code   RO         2442    .ARM.Collect$$libinit$$00000017  c_w.l(libinit2.o)
    0x00000162   0x00000000   Code   RO         2444    .ARM.Collect$$libinit$$00000019  c_w.l(libinit2.o)
    0x00000162   0x00000000   Code   RO         2446    .ARM.Collect$$libinit$$0000001B  c_w.l(libinit2.o)
    0x00000162   0x00000000   Code   RO         2448    .ARM.Collect$$libinit$$0000001D  c_w.l(libinit2.o)
    0x00000162   0x00000000   Code   RO         2450    .ARM.Collect$$libinit$$0000001F  c_w.l(libinit2.o)
    0x00000162   0x00000000   Code   RO         2452    .ARM.Collect$$libinit$$00000021  c_w.l(libinit2.o)
    0x00000162   0x00000000   Code   RO         2454    .ARM.Collect$$libinit$$00000023  c_w.l(libinit2.o)
    0x00000162   0x00000000   Code   RO         2456    .ARM.Collect$$libinit$$00000025  c_w.l(libinit2.o)
    0x00000162   0x00000000   Code   RO         2460    .ARM.Collect$$libinit$$0000002C  c_w.l(libinit2.o)
    0x00000162   0x00000000   Code   RO         2462    .ARM.Collect$$libinit$$0000002E  c_w.l(libinit2.o)
    0x00000162   0x00000000   Code   RO         2464    .ARM.Collect$$libinit$$00000030  c_w.l(libinit2.o)
    0x00000162   0x00000000   Code   RO         2466    .ARM.Collect$$libinit$$00000032  c_w.l(libinit2.o)
    0x00000162   0x00000002   Code   RO         2467    .ARM.Collect$$libinit$$00000033  c_w.l(libinit2.o)
    0x00000164   0x00000002   Code   RO         2468    .ARM.Collect$$libshutdown$$00000000  c_w.l(libshutdown.o)
    0x00000166   0x00000000   Code   RO         2481    .ARM.Collect$$libshutdown$$00000002  c_w.l(libshutdown2.o)
    0x00000166   0x00000000   Code   RO         2483    .ARM.Collect$$libshutdown$$00000004  c_w.l(libshutdown2.o)
    0x00000166   0x00000000   Code   RO         2486    .ARM.Collect$$libshutdown$$00000007  c_w.l(libshutdown2.o)
    0x00000166   0x00000000   Code   RO         2489    .ARM.Collect$$libshutdown$$0000000A  c_w.l(libshutdown2.o)
    0x00000166   0x00000000   Code   RO         2491    .ARM.Collect$$libshutdown$$0000000C  c_w.l(libshutdown2.o)
    0x00000166   0x00000000   Code   RO         2494    .ARM.Collect$$libshutdown$$0000000F  c_w.l(libshutdown2.o)
    0x00000166   0x00000002   Code   RO         2495    .ARM.Collect$$libshutdown$$00000010  c_w.l(libshutdown2.o)
    0x00000168   0x00000000   Code   RO         2312    .ARM.Collect$$rtentry$$00000000  c_w.l(__rtentry.o)
    0x00000168   0x00000000   Code   RO         2338    .ARM.Collect$$rtentry$$00000002  c_w.l(__rtentry2.o)
    0x00000168   0x00000006   Code   RO         2350    .ARM.Collect$$rtentry$$00000004  c_w.l(__rtentry4.o)
    0x0000016e   0x00000000   Code   RO         2340    .ARM.Collect$$rtentry$$00000009  c_w.l(__rtentry2.o)
    0x0000016e   0x00000004   Code   RO         2341    .ARM.Collect$$rtentry$$0000000A  c_w.l(__rtentry2.o)
    0x00000172   0x00000008   Code   RO         2342    .ARM.Collect$$rtentry$$0000000B  c_w.l(__rtentry2.o)
    0x0000017a   0x00000008   Code   RO         2344    .ARM.Collect$$rtentry$$0000000D  c_w.l(__rtentry2.o)
    0x00000182   0x00000002   Code   RO         2313    .ARM.Collect$$rtexit$$00000000  c_w.l(rtexit.o)
    0x00000184   0x00000000   Code   RO         2353    .ARM.Collect$$rtexit$$00000002  c_w.l(rtexit2.o)
    0x00000184   0x00000004   Code   RO         2354    .ARM.Collect$$rtexit$$00000003  c_w.l(rtexit2.o)
    0x00000188   0x00000006   Code   RO         2355    .ARM.Collect$$rtexit$$00000004  c_w.l(rtexit2.o)
    0x0000018e   0x00000002   PAD
    0x00000190   0x0000001c   Code   RO          337    .emb_text           rtx_conf_cm.o
    0x000001ac   0x00000130   Code   RO         2229    .emb_text           RTX_CM3.lib(hal_cm3.o)
    0x000002dc   0x00000008   Code   RO         2244    .text               c_w.l(libspace.o)
    0x000002e4   0x00000012   Code   RO         2282    .text               c_w.l(exit.o)
    0x000002f6   0x00000006   Code   RO         2286    .text               c_w.l(heapauxi.o)
    0x000002fc   0x00000004   Code   RO          988    .ARM.__at_0x02FC    startup_lpc17xx.o
    0x00000300   0x0000003c   Code   RO          989    .text               startup_lpc17xx.o
    0x0000033c   0x000000ee   Code   RO         2247    .text               c_w.l(lludivv7m.o)
    0x0000042a   0x00000002   PAD
    0x0000042c   0x00000028   Code   RO         2251    .text               c_w.l(noretval__2sprintf.o)
    0x00000454   0x0000004e   Code   RO         2255    .text               c_w.l(_printf_pad.o)
    0x000004a2   0x00000002   PAD
    0x000004a4   0x00000078   Code   RO         2257    .text               c_w.l(_printf_dec.o)
    0x0000051c   0x00000138   Code   RO         2271    .text               c_w.l(__printf_flags_wp.o)
    0x00000654   0x0000004e   Code   RO         2284    .text               c_w.l(rt_memclr_w.o)
    0x000006a2   0x000000b2   Code   RO         2319    .text               c_w.l(_printf_intcommon.o)
    0x00000754   0x0000041a   Code   RO         2321    .text               c_w.l(_printf_fp_dec.o)
    0x00000b6e   0x00000002   PAD
    0x00000b70   0x00000030   Code   RO         2323    .text               c_w.l(_printf_char_common.o)
    0x00000ba0   0x0000000a   Code   RO         2325    .text               c_w.l(_sputc.o)
    0x00000baa   0x0000000a   Code   RO         2366    .text               c_w.l(rt_locale_twolibspace.o)
    0x00000bb4   0x0000008a   Code   RO         2368    .text               c_w.l(lludiv10.o)
    0x00000c3e   0x00000002   PAD
    0x00000c40   0x00000080   Code   RO         2370    .text               c_w.l(_printf_fp_infnan.o)
    0x00000cc0   0x000000dc   Code   RO         2374    .text               c_w.l(bigflt0.o)
    0x00000d9c   0x0000000c   Code   RO         2406    .text               c_w.l(sys_exit.o)
    0x00000da8   0x0000004a   Code   RO         2408    .text               c_w.l(sys_stackheap_outer.o)
    0x00000df2   0x00000002   PAD
    0x00000df4   0x00000080   Code   RO         2414    .text               c_w.l(strcmpv7m.o)
    0x00000e74   0x00000002   Code   RO         2469    .text               c_w.l(use_no_semi.o)
    0x00000e76   0x00000000   Code   RO         2471    .text               c_w.l(indicate_semi.o)
    0x00000e76   0x0000003e   Code   RO         2377    CL$$btod_d2e        c_w.l(btod.o)
    0x00000eb4   0x00000046   Code   RO         2379    CL$$btod_d2e_denorm_low  c_w.l(btod.o)
    0x00000efa   0x00000060   Code   RO         2378    CL$$btod_d2e_norm_op1  c_w.l(btod.o)
    0x00000f5a   0x00000338   Code   RO         2387    CL$$btod_div_common  c_w.l(btod.o)
    0x00001292   0x000000c6   Code   RO         2384    CL$$btod_e2e        c_w.l(btod.o)
    0x00001358   0x00000028   Code   RO         2381    CL$$btod_ediv       c_w.l(btod.o)
    0x00001380   0x00000028   Code   RO         2380    CL$$btod_emul       c_w.l(btod.o)
    0x000013a8   0x00000244   Code   RO         2386    CL$$btod_mult_common  c_w.l(btod.o)
    0x000015ec   0x00000004   Code   RO         2239    SVC_TABLE           RTX_CM3.lib(svc_table.o)
    0x000015f0   0x00000118   Code   RO            4    i.Afficher_LCD      lidar rtos v2 marce.o
    0x00001708   0x00000020   Code   RO          808    i.Clear_Channel_active_flag  gpdma_lpc17xx.o
    0x00001728   0x00000180   Code   RO          809    i.DMA_IRQHandler    gpdma_lpc17xx.o
    0x000018a8   0x0000003c   Code   RO          153    i.GLCD_ClearScreen  glcd_mcb1700.o
    0x000018e4   0x000000d0   Code   RO          156    i.GLCD_DrawChar     glcd_mcb1700.o
    0x000019b4   0x0000002c   Code   RO          160    i.GLCD_DrawString   glcd_mcb1700.o
    0x000019e0   0x000005fe   Code   RO          164    i.GLCD_Initialize   glcd_mcb1700.o
    0x00001fde   0x00000002   PAD
    0x00001fe0   0x00000010   Code   RO          166    i.GLCD_SetFont      glcd_mcb1700.o
    0x00001ff0   0x000000a0   Code   RO          168    i.GLCD_SetWindow    glcd_mcb1700.o
    0x00002090   0x000000f4   Code   RO          810    i.GPDMA_ChannelConfigure  gpdma_lpc17xx.o
    0x00002184   0x00000030   Code   RO          811    i.GPDMA_ChannelDisable  gpdma_lpc17xx.o
    0x000021b4   0x00000030   Code   RO          813    i.GPDMA_ChannelGetCount  gpdma_lpc17xx.o
    0x000021e4   0x000000b0   Code   RO          815    i.GPDMA_Initialize  gpdma_lpc17xx.o
    0x00002294   0x00000044   Code   RO          816    i.GPDMA_PeripheralSelect  gpdma_lpc17xx.o
    0x000022d8   0x00000080   Code   RO          817    i.GPDMA_Uninitialize  gpdma_lpc17xx.o
    0x00002358   0x00000020   Code   RO          898    i.GPIO_PinRead      gpio_lpc17xx.o
    0x00002378   0x00000028   Code   RO          899    i.GPIO_PinWrite     gpio_lpc17xx.o
    0x000023a0   0x0000002c   Code   RO          900    i.GPIO_PortClock    gpio_lpc17xx.o
    0x000023cc   0x00000038   Code   RO          903    i.GPIO_SetDir       gpio_lpc17xx.o
    0x00002404   0x00000044   Code   RO          398    i.GetSSPClockFreq   ssp_lpc17xx.o
    0x00002448   0x00000044   Code   RO          589    i.GetUsartClockFreq  uart_lpc17xx.o
    0x0000248c   0x00000038   Code   RO            5    i.Init_UART0        lidar rtos v2 marce.o
    0x000024c4   0x0000000e   Code   RO            6    i.Lidar_Start_Scan  lidar rtos v2 marce.o
    0x000024d2   0x00000002   PAD
    0x000024d4   0x000000fc   Code   RO          952    i.PIN_Configure     pin_lpc17xx.o
    0x000025d0   0x00000054   Code   RO            9    i.Receive_UART      lidar rtos v2 marce.o
    0x00002624   0x00000018   Code   RO          399    i.SSP1_Control      ssp_lpc17xx.o
    0x0000263c   0x00000014   Code   RO          400    i.SSP1_GPDMA_Rx_SignalEvent  ssp_lpc17xx.o
    0x00002650   0x00000014   Code   RO          401    i.SSP1_GPDMA_Tx_SignalEvent  ssp_lpc17xx.o
    0x00002664   0x00000010   Code   RO          402    i.SSP1_GetDataCount  ssp_lpc17xx.o
    0x00002674   0x00000010   Code   RO          403    i.SSP1_GetStatus    ssp_lpc17xx.o
    0x00002684   0x00000010   Code   RO          404    i.SSP1_IRQHandler   ssp_lpc17xx.o
    0x00002694   0x00000014   Code   RO          405    i.SSP1_Initialize   ssp_lpc17xx.o
    0x000026a8   0x00000014   Code   RO          406    i.SSP1_PowerControl  ssp_lpc17xx.o
    0x000026bc   0x00000018   Code   RO          407    i.SSP1_Receive      ssp_lpc17xx.o
    0x000026d4   0x00000018   Code   RO          408    i.SSP1_Send         ssp_lpc17xx.o
    0x000026ec   0x0000001c   Code   RO          409    i.SSP1_Transfer     ssp_lpc17xx.o
    0x00002708   0x00000010   Code   RO          410    i.SSP1_Uninitialize  ssp_lpc17xx.o
    0x00002718   0x0000000c   Code   RO          411    i.SSP_GetCapabilities  ssp_lpc17xx.o
    0x00002724   0x00000010   Code   RO          412    i.SSP_GetVersion    ssp_lpc17xx.o
    0x00002734   0x0000051e   Code   RO          413    i.SSPx_Control      ssp_lpc17xx.o
    0x00002c52   0x00000036   Code   RO          414    i.SSPx_GPDMA_Rx_SignalEvent  ssp_lpc17xx.o
    0x00002c88   0x0000001c   Code   RO          415    i.SSPx_GPDMA_Tx_SignalEvent  ssp_lpc17xx.o
    0x00002ca4   0x0000002c   Code   RO          416    i.SSPx_GetDataCount  ssp_lpc17xx.o
    0x00002cd0   0x0000005a   Code   RO          417    i.SSPx_GetStatus    ssp_lpc17xx.o
    0x00002d2a   0x00000104   Code   RO          418    i.SSPx_IRQHandler   ssp_lpc17xx.o
    0x00002e2e   0x000000a8   Code   RO          419    i.SSPx_Initialize   ssp_lpc17xx.o
    0x00002ed6   0x00000002   PAD
    0x00002ed8   0x000001d8   Code   RO          420    i.SSPx_PowerControl  ssp_lpc17xx.o
    0x000030b0   0x0000015c   Code   RO          421    i.SSPx_Receive      ssp_lpc17xx.o
    0x0000320c   0x00000154   Code   RO          422    i.SSPx_Send         ssp_lpc17xx.o
    0x00003360   0x00000152   Code   RO          423    i.SSPx_Transfer     ssp_lpc17xx.o
    0x000034b2   0x00000070   Code   RO          424    i.SSPx_Uninitialize  ssp_lpc17xx.o
    0x00003522   0x00000002   PAD
    0x00003524   0x000000c8   Code   RO           10    i.Send_Lidar_Command  lidar rtos v2 marce.o
    0x000035ec   0x00000038   Code   RO          818    i.Set_Channel_active_flag  gpdma_lpc17xx.o
    0x00003624   0x00000140   Code   RO          999    i.SystemInit        system_lpc17xx.o
    0x00003764   0x00000010   Code   RO          590    i.UART0_IRQHandler  uart_lpc17xx.o
    0x00003774   0x00000018   Code   RO          591    i.USART0_Control    uart_lpc17xx.o
    0x0000378c   0x00000014   Code   RO          592    i.USART0_GPDMA_Rx_Event  uart_lpc17xx.o
    0x000037a0   0x00000014   Code   RO          593    i.USART0_GPDMA_Tx_Event  uart_lpc17xx.o
    0x000037b4   0x00000010   Code   RO          594    i.USART0_GetCapabilities  uart_lpc17xx.o
    0x000037c4   0x00000010   Code   RO          595    i.USART0_GetModemStatus  uart_lpc17xx.o
    0x000037d4   0x00000010   Code   RO          596    i.USART0_GetRxCount  uart_lpc17xx.o
    0x000037e4   0x00000010   Code   RO          597    i.USART0_GetStatus  uart_lpc17xx.o
    0x000037f4   0x00000010   Code   RO          598    i.USART0_GetTxCount  uart_lpc17xx.o
    0x00003804   0x00000014   Code   RO          599    i.USART0_Initialize  uart_lpc17xx.o
    0x00003818   0x00000014   Code   RO          600    i.USART0_PowerControl  uart_lpc17xx.o
    0x0000382c   0x00000018   Code   RO          601    i.USART0_Receive    uart_lpc17xx.o
    0x00003844   0x00000018   Code   RO          602    i.USART0_Send       uart_lpc17xx.o
    0x0000385c   0x00000014   Code   RO          603    i.USART0_SetModemControl  uart_lpc17xx.o
    0x00003870   0x0000001c   Code   RO          604    i.USART0_Transfer   uart_lpc17xx.o
    0x0000388c   0x00000010   Code   RO          605    i.USART0_Uninitialize  uart_lpc17xx.o
    0x0000389c   0x00000550   Code   RO          606    i.USART_Control     uart_lpc17xx.o
    0x00003dec   0x00000086   Code   RO          607    i.USART_GPDMA_Rx_Event  uart_lpc17xx.o
    0x00003e72   0x0000004a   Code   RO          608    i.USART_GPDMA_Tx_Event  uart_lpc17xx.o
    0x00003ebc   0x00000006   Code   RO          609    i.USART_GetCapabilities  uart_lpc17xx.o
    0x00003ec2   0x000000ec   Code   RO          610    i.USART_GetModemStatus  uart_lpc17xx.o
    0x00003fae   0x0000001c   Code   RO          611    i.USART_GetRxCount  uart_lpc17xx.o
    0x00003fca   0x000000bc   Code   RO          612    i.USART_GetStatus   uart_lpc17xx.o
    0x00004086   0x0000001c   Code   RO          613    i.USART_GetTxCount  uart_lpc17xx.o
    0x000040a2   0x0000021a   Code   RO          614    i.USART_IRQHandler  uart_lpc17xx.o
    0x000042bc   0x000000fe   Code   RO          615    i.USART_Initialize  uart_lpc17xx.o
    0x000043ba   0x000000f6   Code   RO          616    i.USART_PIN_Configure  uart_lpc17xx.o
    0x000044b0   0x00000244   Code   RO          617    i.USART_PowerControl  uart_lpc17xx.o
    0x000046f4   0x00000110   Code   RO          618    i.USART_Receive     uart_lpc17xx.o
    0x00004804   0x00000068   Code   RO          619    i.USART_RxLineIntHandler  uart_lpc17xx.o
    0x0000486c   0x0000019c   Code   RO          620    i.USART_Send        uart_lpc17xx.o
    0x00004a08   0x00000140   Code   RO          621    i.USART_SetBaudrate  uart_lpc17xx.o
    0x00004b48   0x000000a0   Code   RO          622    i.USART_SetModemControl  uart_lpc17xx.o
    0x00004be8   0x0000007a   Code   RO          623    i.USART_Transfer    uart_lpc17xx.o
    0x00004c62   0x000000e2   Code   RO          624    i.USART_Uninitialize  uart_lpc17xx.o
    0x00004d44   0x00000010   Code   RO          625    i.USARTx_GetVersion  uart_lpc17xx.o
    0x00004d54   0x00000028   Code   RO         2404    i.__ARM_fpclassify  m_ws.l(fpclassify.o)
    0x00004d7c   0x0000001c   Code   RO          425    i.__NVIC_ClearPendingIRQ  ssp_lpc17xx.o
    0x00004d98   0x0000001c   Code   RO          626    i.__NVIC_ClearPendingIRQ  uart_lpc17xx.o
    0x00004db4   0x0000001c   Code   RO          819    i.__NVIC_ClearPendingIRQ  gpdma_lpc17xx.o
    0x00004dd0   0x00000046   Code   RO         2128    i._init_box         RTX_CM3.lib(rt_membox.o)
    0x00004e16   0x0000000e   Code   RO         2269    i._is_digit         c_w.l(__printf_wp.o)
    0x00004e24   0x00000020   Code   RO          339    i._mutex_acquire    rtx_conf_cm.o
    0x00004e44   0x0000001c   Code   RO          341    i._mutex_release    rtx_conf_cm.o
    0x00004e60   0x00000030   Code   RO         2181    i.dbg_init          RTX_CM3.lib(hal_cm.o)
    0x00004e90   0x00000020   Code   RO         2182    i.dbg_task_notify   RTX_CM3.lib(hal_cm.o)
    0x00004eb0   0x00000010   Code   RO         2183    i.dbg_task_switch   RTX_CM3.lib(hal_cm.o)
    0x00004ec0   0x00000030   Code   RO          171    i.delay_ms          glcd_mcb1700.o
    0x00004ef0   0x00000074   Code   RO           12    i.initTimer0        lidar rtos v2 marce.o
    0x00004f64   0x0000002a   Code   RO         1034    i.isrMessageGet     RTX_CM3.lib(rt_cmsis.o)
    0x00004f8e   0x0000002c   Code   RO         1035    i.isrMessagePut     RTX_CM3.lib(rt_cmsis.o)
    0x00004fba   0x00000024   Code   RO         1037    i.isrSignalSet      RTX_CM3.lib(rt_cmsis.o)
    0x00004fde   0x00000002   PAD
    0x00004fe0   0x00000028   Code   RO         1865    i.isr_evt_set       RTX_CM3.lib(rt_event.o)
    0x00005008   0x00000056   Code   RO         1983    i.isr_mbx_receive   RTX_CM3.lib(rt_mailbox.o)
    0x0000505e   0x0000000e   Code   RO         1984    i.isr_mbx_send      RTX_CM3.lib(rt_mailbox.o)
    0x0000506c   0x00000074   Code   RO           13    i.main              lidar rtos v2 marce.o
    0x000050e0   0x00000018   Code   RO         1038    i.osDelay           RTX_CM3.lib(rt_cmsis.o)
    0x000050f8   0x00000024   Code   RO         1039    i.osKernelInitialize  RTX_CM3.lib(rt_cmsis.o)
    0x0000511c   0x0000006c   Code   RO         1041    i.osKernelStart     RTX_CM3.lib(rt_cmsis.o)
    0x00005188   0x00000018   Code   RO         1050    i.osMessageGet      RTX_CM3.lib(rt_cmsis.o)
    0x000051a0   0x00000018   Code   RO         1064    i.osSignalClear     RTX_CM3.lib(rt_cmsis.o)
    0x000051b8   0x00000018   Code   RO         1065    i.osSignalSet       RTX_CM3.lib(rt_cmsis.o)
    0x000051d0   0x00000018   Code   RO         1066    i.osSignalWait      RTX_CM3.lib(rt_cmsis.o)
    0x000051e8   0x0000002c   Code   RO         1067    i.osThreadCreate    RTX_CM3.lib(rt_cmsis.o)
    0x00005214   0x00000018   Code   RO         1068    i.osThreadExit      RTX_CM3.lib(rt_cmsis.o)
    0x0000522c   0x0000000c   Code   RO         1074    i.osTimerCall       RTX_CM3.lib(rt_cmsis.o)
    0x00005238   0x0000002c   Code   RO         1079    i.osTimerThread     RTX_CM3.lib(rt_cmsis.o)
    0x00005264   0x00000022   Code   RO          342    i.os_error          rtx_conf_cm.o
    0x00005286   0x00000004   Code   RO          343    i.os_idle_demon     rtx_conf_cm.o
    0x0000528a   0x00000002   PAD
    0x0000528c   0x00000028   Code   RO         1775    i.os_tick_init      RTX_CM3.lib(rt_system.o)
    0x000052b4   0x00000002   Code   RO         1776    i.os_tick_irqack    RTX_CM3.lib(rt_system.o)
    0x000052b6   0x00000002   PAD
    0x000052b8   0x000000c8   Code   RO          172    i.rd_id_man         glcd_mcb1700.o
    0x00005380   0x0000001a   Code   RO         2129    i.rt_alloc_box      RTX_CM3.lib(rt_membox.o)
    0x0000539a   0x0000003e   Code   RO         2157    i.rt_alloc_mem      RTX_CM3.lib(rt_memory.o)
    0x000053d8   0x00000038   Code   RO         1656    i.rt_block          RTX_CM3.lib(rt_task.o)
    0x00005410   0x00000048   Code   RO         2106    i.rt_chk_robin      RTX_CM3.lib(rt_robin.o)
    0x00005458   0x00000070   Code   RO         1907    i.rt_dec_dly        RTX_CM3.lib(rt_list.o)
    0x000054c8   0x00000044   Code   RO         1657    i.rt_dispatch       RTX_CM3.lib(rt_task.o)
    0x0000550c   0x00000006   Code   RO         2073    i.rt_dly_wait       RTX_CM3.lib(rt_time.o)
    0x00005512   0x00000002   PAD
    0x00005514   0x0000001c   Code   RO         1866    i.rt_evt_clr        RTX_CM3.lib(rt_event.o)
    0x00005530   0x00000050   Code   RO         1868    i.rt_evt_psh        RTX_CM3.lib(rt_event.o)
    0x00005580   0x0000005c   Code   RO         1869    i.rt_evt_set        RTX_CM3.lib(rt_event.o)
    0x000055dc   0x0000003c   Code   RO         1870    i.rt_evt_wait       RTX_CM3.lib(rt_event.o)
    0x00005618   0x0000002c   Code   RO         2130    i.rt_free_box       RTX_CM3.lib(rt_membox.o)
    0x00005644   0x00000028   Code   RO         2158    i.rt_free_mem       RTX_CM3.lib(rt_memory.o)
    0x0000566c   0x00000028   Code   RO         1908    i.rt_get_first      RTX_CM3.lib(rt_list.o)
    0x00005694   0x00000008   Code   RO         1084    i.rt_id2obj         RTX_CM3.lib(rt_cmsis.o)
    0x0000569c   0x00000048   Code   RO         1658    i.rt_init_context   RTX_CM3.lib(rt_task.o)
    0x000056e4   0x0000001a   Code   RO         2159    i.rt_init_mem       RTX_CM3.lib(rt_memory.o)
    0x000056fe   0x00000002   PAD
    0x00005700   0x00000018   Code   RO         2107    i.rt_init_robin     RTX_CM3.lib(rt_robin.o)
    0x00005718   0x00000080   Code   RO         2184    i.rt_init_stack     RTX_CM3.lib(hal_cm.o)
    0x00005798   0x00000008   Code   RO         1985    i.rt_mbx_check      RTX_CM3.lib(rt_mailbox.o)
    0x000057a0   0x0000001a   Code   RO         1986    i.rt_mbx_init       RTX_CM3.lib(rt_mailbox.o)
    0x000057ba   0x00000002   PAD
    0x000057bc   0x000000f0   Code   RO         1987    i.rt_mbx_psh        RTX_CM3.lib(rt_mailbox.o)
    0x000058ac   0x000000b4   Code   RO         1989    i.rt_mbx_wait       RTX_CM3.lib(rt_mailbox.o)
    0x00005960   0x00000044   Code   RO         1085    i.rt_ms2tick        RTX_CM3.lib(rt_cmsis.o)
    0x000059a4   0x000000d8   Code   RO         1742    i.rt_mut_release    RTX_CM3.lib(rt_mutex.o)
    0x00005a7c   0x00000078   Code   RO         1743    i.rt_mut_wait       RTX_CM3.lib(rt_mutex.o)
    0x00005af4   0x0000007c   Code   RO         1779    i.rt_pop_req        RTX_CM3.lib(rt_system.o)
    0x00005b70   0x00000020   Code   RO         1780    i.rt_psh_req        RTX_CM3.lib(rt_system.o)
    0x00005b90   0x0000005c   Code   RO         1910    i.rt_psq_enq        RTX_CM3.lib(rt_list.o)
    0x00005bec   0x00000048   Code   RO         1911    i.rt_put_dly        RTX_CM3.lib(rt_list.o)
    0x00005c34   0x00000036   Code   RO         1912    i.rt_put_prio       RTX_CM3.lib(rt_list.o)
    0x00005c6a   0x00000002   PAD
    0x00005c6c   0x00000014   Code   RO         1913    i.rt_put_rdy_first  RTX_CM3.lib(rt_list.o)
    0x00005c80   0x00000034   Code   RO         1914    i.rt_resort_prio    RTX_CM3.lib(rt_list.o)
    0x00005cb4   0x00000006   Code   RO         2185    i.rt_ret_val        RTX_CM3.lib(hal_cm.o)
    0x00005cba   0x00000008   Code   RO         2186    i.rt_ret_val2       RTX_CM3.lib(hal_cm.o)
    0x00005cc2   0x00000028   Code   RO         1915    i.rt_rmv_dly        RTX_CM3.lib(rt_list.o)
    0x00005cea   0x00000002   PAD
    0x00005cec   0x00000030   Code   RO         1916    i.rt_rmv_list       RTX_CM3.lib(rt_list.o)
    0x00005d1c   0x00000034   Code   RO         2034    i.rt_sem_psh        RTX_CM3.lib(rt_semaphore.o)
    0x00005d50   0x00000024   Code   RO         1782    i.rt_stk_check      RTX_CM3.lib(rt_system.o)
    0x00005d74   0x00000028   Code   RO         1659    i.rt_switch_req     RTX_CM3.lib(rt_task.o)
    0x00005d9c   0x000000cc   Code   RO         1660    i.rt_sys_init       RTX_CM3.lib(rt_task.o)
    0x00005e68   0x00000078   Code   RO         1661    i.rt_sys_start      RTX_CM3.lib(rt_task.o)
    0x00005ee0   0x00000040   Code   RO         1784    i.rt_systick        RTX_CM3.lib(rt_system.o)
    0x00005f20   0x00000012   Code   RO         1086    i.rt_tid2ptcb       RTX_CM3.lib(rt_cmsis.o)
    0x00005f32   0x00000002   PAD
    0x00005f34   0x00000034   Code   RO         1087    i.rt_timer_insert   RTX_CM3.lib(rt_cmsis.o)
    0x00005f68   0x00000088   Code   RO         1662    i.rt_tsk_create     RTX_CM3.lib(rt_task.o)
    0x00005ff0   0x0000017c   Code   RO         1663    i.rt_tsk_delete     RTX_CM3.lib(rt_task.o)
    0x0000616c   0x0000007c   Code   RO         1665    i.rt_tsk_prio       RTX_CM3.lib(rt_task.o)
    0x000061e8   0x00000010   Code   RO         1666    i.rt_tsk_self       RTX_CM3.lib(rt_task.o)
    0x000061f8   0x0000002c   Code   RO          173    i.spi_tran          glcd_mcb1700.o
    0x00006224   0x00000088   Code   RO          174    i.spi_tran_man      glcd_mcb1700.o
    0x000062ac   0x00000012   Code   RO         1089    i.svcDelay          RTX_CM3.lib(rt_cmsis.o)
    0x000062be   0x00000002   PAD
    0x000062c0   0x00000070   Code   RO         1090    i.svcKernelInitialize  RTX_CM3.lib(rt_cmsis.o)
    0x00006330   0x00000048   Code   RO         1092    i.svcKernelStart    RTX_CM3.lib(rt_cmsis.o)
    0x00006378   0x00000024   Code   RO         1095    i.svcMessageCreate  RTX_CM3.lib(rt_cmsis.o)
    0x0000639c   0x0000003a   Code   RO         1096    i.svcMessageGet     RTX_CM3.lib(rt_cmsis.o)
    0x000063d6   0x00000024   Code   RO         1107    i.svcSignalClear    RTX_CM3.lib(rt_cmsis.o)
    0x000063fa   0x00000024   Code   RO         1108    i.svcSignalSet      RTX_CM3.lib(rt_cmsis.o)
    0x0000641e   0x00000002   PAD
    0x00006420   0x00000054   Code   RO         1109    i.svcSignalWait     RTX_CM3.lib(rt_cmsis.o)
    0x00006474   0x0000006c   Code   RO         1110    i.svcThreadCreate   RTX_CM3.lib(rt_cmsis.o)
    0x000064e0   0x0000001c   Code   RO         1111    i.svcThreadGetId    RTX_CM3.lib(rt_cmsis.o)
    0x000064fc   0x00000038   Code   RO         1114    i.svcThreadTerminate  RTX_CM3.lib(rt_cmsis.o)
    0x00006534   0x00000018   Code   RO         1116    i.svcTimerCall      RTX_CM3.lib(rt_cmsis.o)
    0x0000654c   0x0000005c   Code   RO         1125    i.sysTimerTick      RTX_CM3.lib(rt_cmsis.o)
    0x000065a8   0x0000004c   Code   RO          175    i.wr_cmd            glcd_mcb1700.o
    0x000065f4   0x00000034   Code   RO          176    i.wr_dat_only       glcd_mcb1700.o
    0x00006628   0x00000018   Code   RO          177    i.wr_dat_start      glcd_mcb1700.o
    0x00006640   0x00000014   Code   RO          178    i.wr_dat_stop       glcd_mcb1700.o
    0x00006654   0x00000090   Code   RO          179    i.wr_reg            glcd_mcb1700.o
    0x000066e4   0x0000002c   Code   RO         2400    locale$$code        c_w.l(lc_numeric_c.o)
    0x00006710   0x00000062   Code   RO         2290    x$fpl$d2f           fz_ws.l(d2f.o)
    0x00006772   0x00000002   PAD
    0x00006774   0x000002b0   Code   RO         2293    x$fpl$ddiv          fz_ws.l(ddiv.o)
    0x00006a24   0x00000154   Code   RO         2296    x$fpl$dmul          fz_ws.l(dmul.o)
    0x00006b78   0x0000009c   Code   RO         2328    x$fpl$dnaninf       fz_ws.l(dnaninf.o)
    0x00006c14   0x0000000c   Code   RO         2330    x$fpl$dretinf       fz_ws.l(dretinf.o)
    0x00006c20   0x00000056   Code   RO         2298    x$fpl$f2d           fz_ws.l(f2d.o)
    0x00006c76   0x00000002   PAD
    0x00006c78   0x00000036   Code   RO         2300    x$fpl$ffix          fz_ws.l(ffix.o)
    0x00006cae   0x00000002   PAD
    0x00006cb0   0x00000026   Code   RO         2304    x$fpl$ffltu         fz_ws.l(fflt_clz.o)
    0x00006cd6   0x0000008c   Code   RO         2332    x$fpl$fnaninf       fz_ws.l(fnaninf.o)
    0x00006d62   0x0000000a   Code   RO         2334    x$fpl$fretinf       fz_ws.l(fretinf.o)
    0x00006d6c   0x00000004   Code   RO         2310    x$fpl$printf1       fz_ws.l(printf1.o)
    0x00006d70   0x00000000   Code   RO         2336    x$fpl$usenofp       fz_ws.l(usenofp.o)
    0x00006d70   0x00000020   Data   RO           14    .constdata          lidar rtos v2 marce.o
    0x00006d90   0x000018a0   Data   RO          138    .constdata          glcd_fonts.o
    0x00008630   0x00000008   Data   RO          180    .constdata          glcd_mcb1700.o
    0x00008638   0x00000068   Data   RO          345    .constdata          rtx_conf_cm.o
    0x000086a0   0x00000084   Data   RO          427    .constdata          ssp_lpc17xx.o
    0x00008724   0x000001d4   Data   RO          628    .constdata          uart_lpc17xx.o
    0x000088f8   0x00000011   Data   RO         2272    .constdata          c_w.l(__printf_flags_wp.o)
    0x00008909   0x00000003   PAD
    0x0000890c   0x00000094   Data   RO         2375    .constdata          c_w.l(bigflt0.o)
    0x000089a0   0x00000020   Data   RO         2534    Region$$Table       anon$$obj.o
    0x000089c0   0x0000001c   Data   RO         2399    locale$$data        c_w.l(lc_numeric_c.o)


    Execution Region RW_IRAM1 (Base: 0x10000000, Size: 0x00001960, Max: 0x00008000, ABSOLUTE)

    Base Addr    Size         Type   Attr      Idx    E Section Name        Object

    0x10000000   0x0000000d   Data   RW           15    .data               lidar rtos v2 marce.o
    0x1000000d   0x00000003   PAD
    0x10000010   0x00000009   Data   RW          181    .data               glcd_mcb1700.o
    0x10000019   0x00000003   PAD
    0x1000001c   0x00000014   Data   RW          346    .data               rtx_conf_cm.o
    0x10000030   0x00000008   Data   RW          428    .data               ssp_lpc17xx.o
    0x10000038   0x00000008   Data   RW          821    .data               gpdma_lpc17xx.o
    0x10000040   0x00000004   Data   RW         1000    .data               system_lpc17xx.o
    0x10000044   0x00000008   Data   RW         1128    .data               RTX_CM3.lib(rt_cmsis.o)
    0x1000004c   0x00000008   Data   RW         1668    .data               RTX_CM3.lib(rt_task.o)
    0x10000054   0x00000008   Data   RW         1787    .data               RTX_CM3.lib(rt_system.o)
    0x1000005c   0x00000004   Data   RW         2077    .data               RTX_CM3.lib(rt_time.o)
    0x10000060   0x00000008   Data   RW         2108    .data               RTX_CM3.lib(rt_robin.o)
    0x10000068   0x00000001   Data   RW         2187    .data               RTX_CM3.lib(hal_cm.o)
    0x10000069   0x00000007   PAD
    0x10000070   0x00001528   Zero   RW          344    .bss                rtx_conf_cm.o
    0x10001598   0x0000002c   Zero   RW          426    .bss                ssp_lpc17xx.o
    0x100015c4   0x00000034   Zero   RW          627    .bss                uart_lpc17xx.o
    0x100015f8   0x000000a0   Zero   RW          820    .bss                gpdma_lpc17xx.o
    0x10001698   0x00000034   Zero   RW         1667    .bss                RTX_CM3.lib(rt_task.o)
    0x100016cc   0x00000030   Zero   RW         1917    .bss                RTX_CM3.lib(rt_list.o)
    0x100016fc   0x00000060   Zero   RW         2245    .bss                c_w.l(libspace.o)
    0x1000175c   0x00000004   PAD
    0x10001760   0x00000000   Zero   RW          986    HEAP                startup_lpc17xx.o
    0x10001760   0x00000200   Zero   RW          985    STACK               startup_lpc17xx.o


==============================================================================

Image component sizes


      Code (inc. data)   RO Data    RW Data    ZI Data      Debug   Object Name

         0          0       6304          0          0        828   glcd_fonts.o
      2766         98          8          9          0      29456   glcd_mcb1700.o
      1212         94          0          8        160       8086   gpdma_lpc17xx.o
       172         18          0          0          0       2294   gpio_lpc17xx.o
       866        134         32         13          0      24519   lidar rtos v2 marce.o
       252          6          0          0          0        804   pin_lpc17xx.o
       126         26        104         20       5416       8955   rtx_conf_cm.o
      3932        106        132          8         44      53337   ssp_lpc17xx.o
        64         26        204          0        512        964   startup_lpc17xx.o
       320         18          0          4          0        771   system_lpc17xx.o
      5712        160        468          0         52      33295   uart_lpc17xx.o

    ----------------------------------------------------------------------
     15432        686       7284         68       6184     163309   Object Totals
         0          0         32          0          0          0   (incl. Generated)
        10          0          0          6          0          0   (incl. Padding)

    ----------------------------------------------------------------------

      Code (inc. data)   RO Data    RW Data    ZI Data      Debug   Library Member Name

       238         24          0          1          0       3268   hal_cm.o
       304         36          0          0          0        760   hal_cm3.o
      1416        164          0          8          0      37751   rt_cmsis.o
       300         24          0          0          0       3143   rt_event.o
       530         34          0          0         48       8169   rt_list.o
       554         10          0          0          0       3901   rt_mailbox.o
       140          0          0          0          0       1901   rt_membox.o
       128          0          0          0          0       2275   rt_memory.o
       336         14          0          0          0       1631   rt_mutex.o
        96         22          0          8          0       1134   rt_robin.o
        52          4          0          0          0        565   rt_semaphore.o
       298         52          0          8          0       6151   rt_system.o
      1216        174          0          8         52       9565   rt_task.o
         6          0          0          4          0        644   rt_time.o
         4          4          0          0          0        200   svc_table.o
         8          0          0          0          0         68   __main.o
       312          4         17          0          0         92   __printf_flags_wp.o
        14          0          0          0          0         68   __printf_wp.o
         0          0          0          0          0          0   __rtentry.o
        20          0          0          0          0          0   __rtentry2.o
         6          0          0          0          0          0   __rtentry4.o
        52          8          0          0          0          0   __scatter.o
        26          0          0          0          0          0   __scatter_copy.o
        28          0          0          0          0          0   __scatter_zi.o
        48          6          0          0          0         96   _printf_char_common.o
         6          0          0          0          0          0   _printf_d.o
       120         16          0          0          0         92   _printf_dec.o
         6          0          0          0          0          0   _printf_f.o
      1050          0          0          0          0        216   _printf_fp_dec.o
       128         16          0          0          0         84   _printf_fp_infnan.o
       178          0          0          0          0         88   _printf_intcommon.o
        78          0          0          0          0        108   _printf_pad.o
         0          0          0          0          0          0   _printf_percent.o
         4          0          0          0          0          0   _printf_percent_end.o
        10          0          0          0          0         68   _sputc.o
       220          4        148          0          0         96   bigflt0.o
      1910        128          0          0          0        672   btod.o
        18          0          0          0          0         80   exit.o
         6          0          0          0          0        152   heapauxi.o
         0          0          0          0          0          0   indicate_semi.o
        44         10         28          0          0         76   lc_numeric_c.o
         2          0          0          0          0          0   libinit.o
        18          0          0          0          0          0   libinit2.o
         2          0          0          0          0          0   libshutdown.o
         2          0          0          0          0          0   libshutdown2.o
         8          4          0          0         96         68   libspace.o
       138          0          0          0          0         80   lludiv10.o
       238          0          0          0          0        100   lludivv7m.o
        40          6          0          0          0         84   noretval__2sprintf.o
        10          0          0          0          0         76   rt_locale_twolibspace.o
        78          0          0          0          0         80   rt_memclr_w.o
         2          0          0          0          0          0   rtexit.o
        10          0          0          0          0          0   rtexit2.o
       128          0          0          0          0         68   strcmpv7m.o
        12          4          0          0          0         68   sys_exit.o
        74          0          0          0          0         80   sys_stackheap_outer.o
         2          0          0          0          0         68   use_no_semi.o
        98          4          0          0          0         92   d2f.o
       688        140          0          0          0        208   ddiv.o
       340         12          0          0          0        104   dmul.o
       156          4          0          0          0         92   dnaninf.o
        12          0          0          0          0         68   dretinf.o
        86          4          0          0          0         84   f2d.o
        54          4          0          0          0         84   ffix.o
        38          0          0          0          0         68   fflt_clz.o
       140          4          0          0          0         84   fnaninf.o
        10          0          0          0          0         68   fretinf.o
         4          0          0          0          0         68   printf1.o
         0          0          0          0          0          0   usenofp.o
        40          0          0          0          0         68   fpclassify.o

    ----------------------------------------------------------------------
     12380        940        196         40        204      84974   Library Totals
        40          0          3          3          8          0   (incl. Padding)

    ----------------------------------------------------------------------

      Code (inc. data)   RO Data    RW Data    ZI Data      Debug   Library Name

      5618        562          0         37        100      81058   RTX_CM3.lib
      5056        206        193          0         96       2828   c_w.l
      1626        172          0          0          0       1020   fz_ws.l
        40          0          0          0          0         68   m_ws.l

    ----------------------------------------------------------------------
     12380        940        196         40        204      84974   Library Totals

    ----------------------------------------------------------------------

==============================================================================


      Code (inc. data)   RO Data    RW Data    ZI Data      Debug   

     27812       1626       7480        108       6388     236475   Grand Totals
     27812       1626       7480        108       6388     236475   ELF Image Totals
     27812       1626       7480        108          0          0   ROM Totals

==============================================================================

    Total RO  Size (Code + RO Data)                35292 (  34.46kB)
    Total RW  Size (RW Data + ZI Data)              6496 (   6.34kB)
    Total ROM Size (Code + RO Data + RW Data)      35400 (  34.57kB)

==============================================================================

