Component: ARM Compiler 5.06 update 1 (build 61) Tool: armlink [4d35a8]

==============================================================================

Section Cross References

    main.o(i.RB_event) refers to rt_cmsis.o(i.osSignalSet) for osSignalSet
    main.o(i.RB_event) refers to main.o(.data) for ID_RECEPTIONBT
    main.o(i.RFID_event) refers to rt_cmsis.o(i.osSignalSet) for osSignalSet
    main.o(i.RFID_event) refers to main.o(.data) for ID_RFID
    main.o(i.TaskDFPlayer) refers to rt_cmsis.o(i.osMailGet) for osMailGet
    main.o(i.TaskDFPlayer) refers to dfplayermini.o(i.DFPlayer_play_in_folder) for DFPlayer_play_in_folder
    main.o(i.TaskDFPlayer) refers to rt_cmsis.o(i.osMutexWait) for osMutexWait
    main.o(i.TaskDFPlayer) refers to glcd_mcb1700.o(i.GLCD_DrawString) for GLCD_DrawString
    main.o(i.TaskDFPlayer) refers to rt_cmsis.o(i.osMutexRelease) for osMutexRelease
    main.o(i.TaskDFPlayer) refers to rt_cmsis.o(i.osMailFree) for osMailFree
    main.o(i.TaskDFPlayer) refers to main.o(.data) for ID_SOUND2PLAY
    main.o(i.TaskMoteur) refers to rt_cmsis.o(i.osMailGet) for osMailGet
    main.o(i.TaskMoteur) refers to pwm_moteur.o(i.moteur_set_direction) for moteur_set_direction
    main.o(i.TaskMoteur) refers to dflt_clz.o(x$fpl$dflt) for __aeabi_i2d
    main.o(i.TaskMoteur) refers to ddiv.o(x$fpl$ddiv) for __aeabi_ddiv
    main.o(i.TaskMoteur) refers to daddsub_clz.o(x$fpl$drsb) for __aeabi_drsub
    main.o(i.TaskMoteur) refers to d2f.o(x$fpl$d2f) for __aeabi_d2f
    main.o(i.TaskMoteur) refers to dflt_clz.o(x$fpl$dfltu) for __aeabi_ui2d
    main.o(i.TaskMoteur) refers to dmul.o(x$fpl$dmul) for __aeabi_dmul
    main.o(i.TaskMoteur) refers to pwm_moteur.o(i.moteur_set_duty) for moteur_set_duty
    main.o(i.TaskMoteur) refers to daddsub_clz.o(x$fpl$dadd) for __aeabi_dadd
    main.o(i.TaskMoteur) refers to pwm_moteur.o(i.servo_moteur_set_duty) for servo_moteur_set_duty
    main.o(i.TaskMoteur) refers to rt_cmsis.o(i.osMailFree) for osMailFree
    main.o(i.TaskMoteur) refers to main.o(.data) for ID_RB_JOYSTICK
    main.o(i.TaskReadRFID) refers to _printf_percent.o(.ARM.Collect$$_printf_percent$$00000000) for _printf_percent
    main.o(i.TaskReadRFID) refers to _printf_s.o(.ARM.Collect$$_printf_percent$$00000014) for _printf_s
    main.o(i.TaskReadRFID) refers to _printf_str.o(.text) for _printf_str
    main.o(i.TaskReadRFID) refers to rt_cmsis.o(i.osMutexWait) for osMutexWait
    main.o(i.TaskReadRFID) refers to glcd_mcb1700.o(i.GLCD_DrawString) for GLCD_DrawString
    main.o(i.TaskReadRFID) refers to rt_cmsis.o(i.osMutexRelease) for osMutexRelease
    main.o(i.TaskReadRFID) refers to rt_cmsis.o(i.osSignalWait) for osSignalWait
    main.o(i.TaskReadRFID) refers to rt_cmsis.o(i.osMailAlloc) for osMailAlloc
    main.o(i.TaskReadRFID) refers to module_rfid.o(i.RFID_read) for RFID_read
    main.o(i.TaskReadRFID) refers to noretval__2sprintf.o(.text) for __2sprintf
    main.o(i.TaskReadRFID) refers to strcmpv7m.o(.text) for strcmp
    main.o(i.TaskReadRFID) refers to rt_cmsis.o(i.osMailPut) for osMailPut
    main.o(i.TaskReadRFID) refers to rt_cmsis.o(i.osMailFree) for osMailFree
    main.o(i.TaskReadRFID) refers to rt_cmsis.o(i.osSignalClear) for osSignalClear
    main.o(i.TaskReadRFID) refers to main.o(.data) for ID_mut_GLCD
    main.o(i.TaskReceptionBT) refers to _printf_pad.o(.text) for _printf_pre_padding
    main.o(i.TaskReceptionBT) refers to _printf_percent.o(.ARM.Collect$$_printf_percent$$00000000) for _printf_percent
    main.o(i.TaskReceptionBT) refers to _printf_d.o(.ARM.Collect$$_printf_percent$$00000009) for _printf_d
    main.o(i.TaskReceptionBT) refers to _printf_dec.o(.text) for _printf_int_dec
    main.o(i.TaskReceptionBT) refers to rt_cmsis.o(i.osMutexWait) for osMutexWait
    main.o(i.TaskReceptionBT) refers to glcd_mcb1700.o(i.GLCD_DrawString) for GLCD_DrawString
    main.o(i.TaskReceptionBT) refers to rt_cmsis.o(i.osMutexRelease) for osMutexRelease
    main.o(i.TaskReceptionBT) refers to rt_cmsis.o(i.osSignalWait) for osSignalWait
    main.o(i.TaskReceptionBT) refers to rt_cmsis.o(i.osMailAlloc) for osMailAlloc
    main.o(i.TaskReceptionBT) refers to reception_bluetooth.o(i.RB_get_data) for RB_get_data
    main.o(i.TaskReceptionBT) refers to noretval__2sprintf.o(.text) for __2sprintf
    main.o(i.TaskReceptionBT) refers to rt_cmsis.o(i.osMailPut) for osMailPut
    main.o(i.TaskReceptionBT) refers to rt_cmsis.o(i.osSignalClear) for osSignalClear
    main.o(i.TaskReceptionBT) refers to main.o(.data) for ID_mut_GLCD
    main.o(i.main) refers to rt_cmsis.o(i.osKernelInitialize) for osKernelInitialize
    main.o(i.main) refers to glcd_mcb1700.o(i.GLCD_Initialize) for GLCD_Initialize
    main.o(i.main) refers to glcd_mcb1700.o(i.GLCD_ClearScreen) for GLCD_ClearScreen
    main.o(i.main) refers to glcd_mcb1700.o(i.GLCD_SetFont) for GLCD_SetFont
[...]
    __ARM_exceptions_init                     - Undefined Weak Reference
    __alloca_initialize                       - Undefined Weak Reference
    __arm_preinit_                            - Undefined Weak Reference
    __cpp_initialize__aeabi_                  - Undefined Weak Reference
    __cxa_finalize                            - Undefined Weak Reference
    __rt_locale                               - Undefined Weak Reference
    __sigvec_lookup                           - Undefined Weak Reference
    __user_heap_extent                        - Undefined Weak Reference
    _atexit_init                              - Undefined Weak Reference
    _call_atexit_fns                          - Undefined Weak Reference
    _clock_init                               - Undefined Weak Reference
    _fp_trap_init                             - Undefined Weak Reference
    _fp_trap_shutdown                         - Undefined Weak Reference
    _get_lc_collate                           - Undefined Weak Reference
    _get_lc_ctype                             - Undefined Weak Reference
    _get_lc_monetary                          - Undefined Weak Reference
    _get_lc_numeric                           - Undefined Weak Reference
    _get_lc_time                              - Undefined Weak Reference
    _getenv_init                              - Undefined Weak Reference
    _handle_redirection                       - Undefined Weak Reference
    _initio                                   - Undefined Weak Reference
    _mutex_free                               - Undefined Weak Reference
    _printf_mbtowc                            - Undefined Weak Reference
    _printf_truncate_signed                   - Undefined Weak Reference
    _printf_truncate_unsigned                 - Undefined Weak Reference
    _rand_init                                - Undefined Weak Reference
    _signal_finish                            - Undefined Weak Reference
    _signal_init                              - Undefined Weak Reference
    _terminateio                              - Undefined Weak Reference
    __main                                   0x000000cd   Thumb Code     8  __main.o(!!!main)
    __scatterload                            0x000000d5   Thumb Code     0  __scatter.o(!!!scatter)
    __scatterload_rt2                        0x000000d5   Thumb Code    44  __scatter.o(!!!scatter)
    __scatterload_rt2_thumb_only             0x000000d5   Thumb Code     0  __scatter.o(!!!scatter)
    __scatterload_null                       0x000000e3   Thumb Code     0  __scatter.o(!!!scatter)
    __scatterload_copy                       0x00000109   Thumb Code    26  __scatter_copy.o(!!handler_copy)
    __scatterload_zeroinit                   0x00000125   Thumb Code    28  __scatter_zi.o(!!handler_zi)
    _printf_d                                0x00000141   Thumb Code     0  _printf_d.o(.ARM.Collect$$_printf_percent$$00000009)
    _printf_percent                          0x00000141   Thumb Code     0  _printf_percent.o(.ARM.Collect$$_printf_percent$$00000000)
    _printf_s                                0x00000147   Thumb Code     0  _printf_s.o(.ARM.Collect$$_printf_percent$$00000014)
    _printf_percent_end                      0x0000014d   Thumb Code     0  _printf_percent_end.o(.ARM.Collect$$_printf_percent$$00000017)
    __rt_lib_init                            0x00000151   Thumb Code     0  libinit.o(.ARM.Collect$$libinit$$00000000)
    __rt_lib_init_alloca_1                   0x00000153   Thumb Code     0  libinit2.o(.ARM.Collect$$libinit$$0000002E)
    __rt_lib_init_argv_1                     0x00000153   Thumb Code     0  libinit2.o(.ARM.Collect$$libinit$$0000002C)
    __rt_lib_init_atexit_1                   0x00000153   Thumb Code     0  libinit2.o(.ARM.Collect$$libinit$$0000001B)
    __rt_lib_init_clock_1                    0x00000153   Thumb Code     0  libinit2.o(.ARM.Collect$$libinit$$00000021)
    __rt_lib_init_cpp_1                      0x00000153   Thumb Code     0  libinit2.o(.ARM.Collect$$libinit$$00000032)
    __rt_lib_init_exceptions_1               0x00000153   Thumb Code     0  libinit2.o(.ARM.Collect$$libinit$$00000030)
    __rt_lib_init_fp_1                       0x00000153   Thumb Code     0  libinit2.o(.ARM.Collect$$libinit$$00000002)
    __rt_lib_init_fp_trap_1                  0x00000153   Thumb Code     0  libinit2.o(.ARM.Collect$$libinit$$0000001F)
    __rt_lib_init_getenv_1                   0x00000153   Thumb Code     0  libinit2.o(.ARM.Collect$$libinit$$00000023)
    __rt_lib_init_heap_1                     0x00000153   Thumb Code     0  libinit2.o(.ARM.Collect$$libinit$$0000000A)
    __rt_lib_init_lc_collate_1               0x00000153   Thumb Code     0  libinit2.o(.ARM.Collect$$libinit$$00000011)
    __rt_lib_init_lc_ctype_1                 0x00000153   Thumb Code     0  libinit2.o(.ARM.Collect$$libinit$$00000013)
    __rt_lib_init_lc_monetary_1              0x00000153   Thumb Code     0  libinit2.o(.ARM.Collect$$libinit$$00000015)
    __rt_lib_init_lc_numeric_1               0x00000153   Thumb Code     0  libinit2.o(.ARM.Collect$$libinit$$00000017)
    __rt_lib_init_lc_time_1                  0x00000153   Thumb Code     0  libinit2.o(.ARM.Collect$$libinit$$00000019)
    __rt_lib_init_preinit_1                  0x00000153   Thumb Code     0  libinit2.o(.ARM.Collect$$libinit$$00000004)
    __rt_lib_init_rand_1                     0x00000153   Thumb Code     0  libinit2.o(.ARM.Collect$$libinit$$0000000E)
    __rt_lib_init_return                     0x00000153   Thumb Code     0  libinit2.o(.ARM.Collect$$libinit$$00000033)
    __rt_lib_init_signal_1                   0x00000153   Thumb Code     0  libinit2.o(.ARM.Collect$$libinit$$0000001D)
    __rt_lib_init_stdio_1                    0x00000153   Thumb Code     0  libinit2.o(.ARM.Collect$$libinit$$00000025)
    __rt_lib_init_user_alloc_1               0x00000153   Thumb Code     0  libinit2.o(.ARM.Collect$$libinit$$0000000C)
    __rt_lib_shutdown                        0x00000155   Thumb Code     0  libshutdown.o(.ARM.Collect$$libshutdown$$00000000)
    __rt_lib_shutdown_cpp_1                  0x00000157   Thumb Code     0  libshutdown2.o(.ARM.Collect$$libshutdown$$00000002)
    __rt_lib_shutdown_fp_trap_1              0x00000157   Thumb Code     0  libshutdown2.o(.ARM.Collect$$libshutdown$$00000007)
    __rt_lib_shutdown_heap_1                 0x00000157   Thumb Code     0  libshutdown2.o(.ARM.Collect$$libshutdown$$0000000F)
    __rt_lib_shutdown_return                 0x00000157   Thumb Code     0  libshutdown2.o(.ARM.Collect$$libshutdown$$00000010)
    __rt_lib_shutdown_signal_1               0x00000157   Thumb Code     0  libshutdown2.o(.ARM.Collect$$libshutdown$$0000000A)
    __rt_lib_shutdown_stdio_1                0x00000157   Thumb Code     0  libshutdown2.o(.ARM.Collect$$libshutdown$$00000004)
    __rt_lib_shutdown_user_alloc_1           0x00000157   Thumb Code     0  libshutdown2.o(.ARM.Collect$$libshutdown$$0000000C)
    __rt_entry                               0x00000159   Thumb Code     0  __rtentry.o(.ARM.Collect$$rtentry$$00000000)
    __rt_entry_presh_1                       0x00000159   Thumb Code     0  __rtentry2.o(.ARM.Collect$$rtentry$$00000002)
    __rt_entry_sh                            0x00000159   Thumb Code     0  __rtentry4.o(.ARM.Collect$$rtentry$$00000004)
    __rt_entry_li                            0x0000015f   Thumb Code     0  __rtentry2.o(.ARM.Collect$$rtentry$$0000000A)
    __rt_entry_postsh_1                      0x0000015f   Thumb Code     0  __rtentry2.o(.ARM.Collect$$rtentry$$00000009)
    __rt_entry_postli_1                      0x00000163   Thumb Code     0  __rtentry2.o(.ARM.Collect$$rtentry$$0000000B)
    __rt_entry_main                          0x0000016b   Thumb Code     0  __rtentry2.o(.ARM.Collect$$rtentry$$0000000D)
    __rt_exit                                0x00000173   Thumb Code     0  rtexit.o(.ARM.Collect$$rtexit$$00000000)
    __rt_exit_ls                             0x00000175   Thumb Code     0  rtexit2.o(.ARM.Collect$$rtexit$$00000003)
    __rt_exit_prels_1                        0x00000175   Thumb Code     0  rtexit2.o(.ARM.Collect$$rtexit$$00000002)
    __rt_exit_exit                           0x00000179   Thumb Code     0  rtexit2.o(.ARM.Collect$$rtexit$$00000004)
    _platform_post_lib_init                  0x00000181   Thumb Code    24  rtx_conf_cm.o(.emb_text)
    rt_set_PSP                               0x0000019d   Thumb Code     6  hal_cm3.o(.emb_text)
    rt_get_PSP                               0x000001a3   Thumb Code     6  hal_cm3.o(.emb_text)
    os_set_env                               0x000001a9   Thumb Code    24  hal_cm3.o(.emb_text)
    _alloc_box                               0x000001c5   Thumb Code    28  hal_cm3.o(.emb_text)
    _free_box                                0x000001e5   Thumb Code    28  hal_cm3.o(.emb_text)
    SVC_Handler                              0x00000205   Thumb Code   108  hal_cm3.o(.emb_text)
    PendSV_Handler                           0x0000027d   Thumb Code    56  hal_cm3.o(.emb_text)
    SysTick_Handler                          0x000002b9   Thumb Code     8  hal_cm3.o(.emb_text)
    OS_Tick_Handler                          0x000002c1   Thumb Code    12  hal_cm3.o(.emb_text)
    __user_libspace                          0x000002cd   Thumb Code     8  libspace.o(.text)
    __user_perproc_libspace                  0x000002cd   Thumb Code     0  libspace.o(.text)
    __2sprintf                               0x000002d5   Thumb Code    34  noretval__2sprintf.o(.text)
    Reset_Handler                            0x00000301   Thumb Code     8  startup_lpc17xx.o(.text)
    NMI_Handler                              0x00000309   Thumb Code     2  startup_lpc17xx.o(.text)
    HardFault_Handler                        0x0000030b   Thumb Code     2  startup_lpc17xx.o(.text)
    MemManage_Handler                        0x0000030d   Thumb Code     2  startup_lpc17xx.o(.text)
    BusFault_Handler                         0x0000030f   Thumb Code     2  startup_lpc17xx.o(.text)
    UsageFault_Handler                       0x00000311   Thumb Code     2  startup_lpc17xx.o(.text)
    DebugMon_Handler                         0x00000315   Thumb Code     2  startup_lpc17xx.o(.text)
    ADC_IRQHandler                           0x0000031b   Thumb Code     0  startup_lpc17xx.o(.text)
    BOD_IRQHandler                           0x0000031b   Thumb Code     0  startup_lpc17xx.o(.text)
    CANActivity_IRQHandler                   0x0000031b   Thumb Code     0  startup_lpc17xx.o(.text)
    CAN_IRQHandler                           0x0000031b   Thumb Code     0  startup_lpc17xx.o(.text)
    EINT0_IRQHandler                         0x0000031b   Thumb Code     0  startup_lpc17xx.o(.text)
    EINT1_IRQHandler                         0x0000031b   Thumb Code     0  startup_lpc17xx.o(.text)
    EINT2_IRQHandler                         0x0000031b   Thumb Code     0  startup_lpc17xx.o(.text)
    EINT3_IRQHandler                         0x0000031b   Thumb Code     0  startup_lpc17xx.o(.text)
    ENET_IRQHandler                          0x0000031b   Thumb Code     0  startup_lpc17xx.o(.text)
    I2C0_IRQHandler                          0x0000031b   Thumb Code     0  startup_lpc17xx.o(.text)
    I2C1_IRQHandler                          0x0000031b   Thumb Code     0  startup_lpc17xx.o(.text)
    I2C2_IRQHandler                          0x0000031b   Thumb Code     0  startup_lpc17xx.o(.text)
    I2S_IRQHandler                           0x0000031b   Thumb Code     0  startup_lpc17xx.o(.text)
    MCPWM_IRQHandler                         0x0000031b   Thumb Code     0  startup_lpc17xx.o(.text)
    PLL0_IRQHandler                          0x0000031b   Thumb Code     0  startup_lpc17xx.o(.text)
    PLL1_IRQHandler                          0x0000031b   Thumb Code     0  startup_lpc17xx.o(.text)
    PWM1_IRQHandler                          0x0000031b   Thumb Code     0  startup_lpc17xx.o(.text)
    QEI_IRQHandler                           0x0000031b   Thumb Code     0  startup_lpc17xx.o(.text)
    RIT_IRQHandler                           0x0000031b   Thumb Code     0  startup_lpc17xx.o(.text)
    RTC_IRQHandler                           0x0000031b   Thumb Code     0  startup_lpc17xx.o(.text)
    SPI_IRQHandler                           0x0000031b   Thumb Code     0  startup_lpc17xx.o(.text)
    SSP0_IRQHandler                          0x0000031b   Thumb Code     0  startup_lpc17xx.o(.text)
    TIMER1_IRQHandler                        0x0000031b   Thumb Code     0  startup_lpc17xx.o(.text)
    TIMER2_IRQHandler                        0x0000031b   Thumb Code     0  startup_lpc17xx.o(.text)
    TIMER3_IRQHandler                        0x0000031b   Thumb Code     0  startup_lpc17xx.o(.text)
    USBActivity_IRQHandler                   0x0000031b   Thumb Code     0  startup_lpc17xx.o(.text)
    USB_IRQHandler                           0x0000031b   Thumb Code     0  startup_lpc17xx.o(.text)
    WDT_IRQHandler                           0x0000031b   Thumb Code     0  startup_lpc17xx.o(.text)
    __user_initial_stackheap                 0x0000031d   Thumb Code     0  startup_lpc17xx.o(.text)
    __aeabi_uldivmod                         0x0000033d   Thumb Code     0  lludivv7m.o(.text)
    _ll_udiv                                 0x0000033d   Thumb Code   238  lludivv7m.o(.text)
    _printf_pre_padding                      0x0000042b   Thumb Code    44  _printf_pad.o(.text)
    _printf_post_padding                     0x00000457   Thumb Code    34  _printf_pad.o(.text)
    _printf_str                              0x00000479   Thumb Code    82  _printf_str.o(.text)
    __RL_RTX_VER                             0x00000482   Number         0  rt_system.o ABSOLUTE
    _printf_int_dec                          0x000004cd   Thumb Code   104  _printf_dec.o(.text)
    __printf                                 0x00000545   Thumb Code   270  __printf_wp.o(.text)
    exit                                     0x00000653   Thumb Code    18  exit.o(.text)
    __aeabi_memclr4                          0x00000665   Thumb Code     0  rt_memclr_w.o(.text)
    __aeabi_memclr8                          0x00000665   Thumb Code     0  rt_memclr_w.o(.text)
    __rt_memclr_w                            0x00000665   Thumb Code    78  rt_memclr_w.o(.text)
    _memset_w                                0x00000669   Thumb Code     0  rt_memclr_w.o(.text)
    strcmp                                   0x000006b5   Thumb Code   128  strcmpv7m.o(.text)
    __use_two_region_memory                  0x00000735   Thumb Code     2  heapauxi.o(.text)
    __rt_heap_escrow                         0x00000737   Thumb Code     2  heapauxi.o(.text)
    __rt_heap_expand                         0x00000739   Thumb Code     2  heapauxi.o(.text)
    _printf_int_common                       0x0000073b   Thumb Code   178  _printf_intcommon.o(.text)
    _printf_char_common                      0x000007f7   Thumb Code    32  _printf_char_common.o(.text)
    _sputc                                   0x0000081d   Thumb Code    10  _sputc.o(.text)
    _printf_cs_common                        0x00000827   Thumb Code    20  _printf_char.o(.text)
    _printf_char                             0x0000083b   Thumb Code    16  _printf_char.o(.text)
    _printf_string                           0x0000084b   Thumb Code     8  _printf_char.o(.text)
    _sys_exit                                0x00000855   Thumb Code     8  sys_exit.o(.text)
    __I$use$semihosting                      0x00000861   Thumb Code     0  use_no_semi.o(.text)
    __use_no_semihosting_swi                 0x00000861   Thumb Code     2  use_no_semi.o(.text)
    __semihosting_library_function           0x00000863   Thumb Code     0  indicate_semi.o(.text)
    __user_setup_stackheap                   0x00000863   Thumb Code    74  sys_stackheap_outer.o(.text)
    SVC_Count                                0x000008ac   Data           4  svc_table.o(SVC_TABLE)
    SVC_Table                                0x000008b0   Data           0  svc_table.o(SVC_TABLE)
    DFPlayer_init                            0x000008d1   Thumb Code    18  dfplayermini.o(i.DFPlayer_init)
    DFPlayer_play_in_folder                  0x000008e3   Thumb Code    18  dfplayermini.o(i.DFPlayer_play_in_folder)
    DFPlayer_send_command                    0x000008f5   Thumb Code   160  dfplayermini.o(i.DFPlayer_send_command)
    DFPlayer_set_volume                      0x00000999   Thumb Code    22  dfplayermini.o(i.DFPlayer_set_volume)
    DMA_IRQHandler                           0x000009b1   Thumb Code   372  gpdma_lpc17xx.o(i.DMA_IRQHandler)
    GLCD_ClearScreen                         0x00000b31   Thumb Code    54  glcd_mcb1700.o(i.GLCD_ClearScreen)
    GLCD_DrawChar                            0x00000b6d   Thumb Code   194  glcd_mcb1700.o(i.GLCD_DrawChar)
    GLCD_DrawString                          0x00000c3d   Thumb Code    38  glcd_mcb1700.o(i.GLCD_DrawString)
    GLCD_Initialize                          0x00000c69   Thumb Code  1534  glcd_mcb1700.o(i.GLCD_Initialize)
    GLCD_SetFont                             0x00001269   Thumb Code    10  glcd_mcb1700.o(i.GLCD_SetFont)
    GLCD_SetForegroundColor                  0x00001279   Thumb Code    10  glcd_mcb1700.o(i.GLCD_SetForegroundColor)
    GPDMA_ChannelConfigure                   0x00001329   Thumb Code   232  gpdma_lpc17xx.o(i.GPDMA_ChannelConfigure)
    GPDMA_ChannelDisable                     0x0000141d   Thumb Code    44  gpdma_lpc17xx.o(i.GPDMA_ChannelDisable)
    GPDMA_ChannelGetCount                    0x0000144d   Thumb Code    38  gpdma_lpc17xx.o(i.GPDMA_ChannelGetCount)
    GPDMA_Initialize                         0x0000147d   Thumb Code   154  gpdma_lpc17xx.o(i.GPDMA_Initialize)
    GPDMA_PeripheralSelect                   0x0000152d   Thumb Code    62  gpdma_lpc17xx.o(i.GPDMA_PeripheralSelect)
    GPDMA_Uninitialize                       0x00001571   Thumb Code   116  gpdma_lpc17xx.o(i.GPDMA_Uninitialize)
    GPIO_PinRead                             0x000015f1   Thumb Code    28  gpio_lpc17xx.o(i.GPIO_PinRead)
    GPIO_PinWrite                            0x00001611   Thumb Code    36  gpio_lpc17xx.o(i.GPIO_PinWrite)
    GPIO_PortClock                           0x00001639   Thumb Code    38  gpio_lpc17xx.o(i.GPIO_PortClock)
    GPIO_SetDir                              0x00001665   Thumb Code    52  gpio_lpc17xx.o(i.GPIO_SetDir)
    Init_UART1                               0x00001725   Thumb Code    54  reception_bluetooth.o(i.Init_UART1)
    Init_UART2                               0x00001761   Thumb Code    54  module_rfid.o(i.Init_UART2)
    Init_UART3                               0x0000179d   Thumb Code    52  dfplayermini.o(i.Init_UART3)
    PIN_Configure                            0x000017d5   Thumb Code   246  pin_lpc17xx.o(i.PIN_Configure)
    RB_event                                 0x000018d1   Thumb Code    16  main.o(i.RB_event)
    RB_get_data                              0x000018e5   Thumb Code    80  reception_bluetooth.o(i.RB_get_data)
    RB_init                                  0x00001939   Thumb Code    46  reception_bluetooth.o(i.RB_init)
    RFID_event                               0x00001971   Thumb Code    16  main.o(i.RFID_event)
    RFID_init                                0x00001985   Thumb Code    46  module_rfid.o(i.RFID_init)
    RFID_read                                0x000019bd   Thumb Code    28  module_rfid.o(i.RFID_read)
    SSP1_GPDMA_Rx_SignalEvent                0x000019f5   Thumb Code    14  ssp_lpc17xx.o(i.SSP1_GPDMA_Rx_SignalEvent)
    SSP1_GPDMA_Tx_SignalEvent                0x00001a09   Thumb Code    14  ssp_lpc17xx.o(i.SSP1_GPDMA_Tx_SignalEvent)
    SSP1_IRQHandler                          0x00001a3d   Thumb Code    10  ssp_lpc17xx.o(i.SSP1_IRQHandler)
    SSPx_GPDMA_Rx_SignalEvent                0x0000200b   Thumb Code    54  ssp_lpc17xx.o(i.SSPx_GPDMA_Rx_SignalEvent)
    SSPx_GPDMA_Tx_SignalEvent                0x00002041   Thumb Code    28  ssp_lpc17xx.o(i.SSPx_GPDMA_Tx_SignalEvent)
    SystemInit                               0x00002915   Thumb Code   302  system_lpc17xx.o(i.SystemInit)
    TIMER0_IRQHandler                        0x00002a55   Thumb Code    48  pwm_moteur.o(i.TIMER0_IRQHandler)
    TaskDFPlayer                             0x00002a89   Thumb Code    82  main.o(i.TaskDFPlayer)
    TaskMoteur                               0x00002ae9   Thumb Code   218  main.o(i.TaskMoteur)
    TaskReadRFID                             0x00002be1   Thumb Code   188  main.o(i.TaskReadRFID)
    TaskReceptionBT                          0x00002cd1   Thumb Code   204  main.o(i.TaskReceptionBT)
    UART0_IRQHandler                         0x00002dc9   Thumb Code    10  uart_lpc17xx.o(i.UART0_IRQHandler)
    UART1_IRQHandler                         0x00002dd9   Thumb Code    10  uart_lpc17xx.o(i.UART1_IRQHandler)
    UART2_IRQHandler                         0x00002de9   Thumb Code    10  uart_lpc17xx.o(i.UART2_IRQHandler)
    UART3_IRQHandler                         0x00002df9   Thumb Code    10  uart_lpc17xx.o(i.UART3_IRQHandler)
    USART0_GPDMA_Rx_Event                    0x00002e21   Thumb Code    14  uart_lpc17xx.o(i.USART0_GPDMA_Rx_Event)
    USART0_GPDMA_Tx_Event                    0x00002e35   Thumb Code    14  uart_lpc17xx.o(i.USART0_GPDMA_Tx_Event)
    USART1_GPDMA_Rx_Event                    0x00002f49   Thumb Code    14  uart_lpc17xx.o(i.USART1_GPDMA_Rx_Event)
    USART1_GPDMA_Tx_Event                    0x00002f5d   Thumb Code    14  uart_lpc17xx.o(i.USART1_GPDMA_Tx_Event)
    USART2_GPDMA_Rx_Event                    0x00003071   Thumb Code    14  uart_lpc17xx.o(i.USART2_GPDMA_Rx_Event)
    USART2_GPDMA_Tx_Event                    0x00003085   Thumb Code    14  uart_lpc17xx.o(i.USART2_GPDMA_Tx_Event)
    USART3_GPDMA_Rx_Event                    0x00003199   Thumb Code    14  uart_lpc17xx.o(i.USART3_GPDMA_Rx_Event)
    USART3_GPDMA_Tx_Event                    0x000031ad   Thumb Code    14  uart_lpc17xx.o(i.USART3_GPDMA_Tx_Event)
    USART_SetBaudrate                        0x000044b9   Thumb Code   314  uart_lpc17xx.o(i.USART_SetBaudrate)
    _init_box                                0x00004859   Thumb Code    70  rt_membox.o(i._init_box)
    _is_digit                                0x0000489f   Thumb Code    14  __printf_wp.o(i._is_digit)
    _mutex_acquire                           0x000048ad   Thumb Code    22  rtx_conf_cm.o(i._mutex_acquire)
    _mutex_release                           0x000048cd   Thumb Code    18  rtx_conf_cm.o(i._mutex_release)
    dbg_init                                 0x000048e9   Thumb Code    34  hal_cm.o(i.dbg_init)
    dbg_task_notify                          0x00004919   Thumb Code    32  hal_cm.o(i.dbg_task_notify)
    dbg_task_switch                          0x00004939   Thumb Code    16  hal_cm.o(i.dbg_task_switch)
    init_moteur                              0x00004979   Thumb Code    96  pwm_moteur.o(i.init_moteur)
    init_servo_moteur                        0x000049e9   Thumb Code   136  pwm_moteur.o(i.init_servo_moteur)
    isrMessageGet                            0x00004a81   Thumb Code    42  rt_cmsis.o(i.isrMessageGet)
    isrMessagePut                            0x00004aab   Thumb Code    44  rt_cmsis.o(i.isrMessagePut)
    isrSignalSet                             0x00004ad7   Thumb Code    36  rt_cmsis.o(i.isrSignalSet)
    isr_evt_set                              0x00004afd   Thumb Code    34  rt_event.o(i.isr_evt_set)
    isr_mbx_receive                          0x00004b25   Thumb Code    86  rt_mailbox.o(i.isr_mbx_receive)
    isr_mbx_send                             0x00004b7b   Thumb Code    14  rt_mailbox.o(i.isr_mbx_send)
    main                                     0x00004b89   Thumb Code   240  main.o(i.main)
    moteur_set_direction                     0x00004cd1   Thumb Code    20  pwm_moteur.o(i.moteur_set_direction)
    moteur_set_duty                          0x00004ce9   Thumb Code    34  pwm_moteur.o(i.moteur_set_duty)
    osDelay                                  0x00004d11   Thumb Code    18  rt_cmsis.o(i.osDelay)
    osKernelInitialize                       0x00004d29   Thumb Code    30  rt_cmsis.o(i.osKernelInitialize)
    osKernelStart                            0x00004d4d   Thumb Code    98  rt_cmsis.o(i.osKernelStart)
    osMailAlloc                              0x00004db9   Thumb Code    22  rt_cmsis.o(i.osMailAlloc)
    osMailCreate                             0x00004dd5   Thumb Code    36  rt_cmsis.o(i.osMailCreate)
    osMailFree                               0x00004e01   Thumb Code    22  rt_cmsis.o(i.osMailFree)
    osMailGet                                0x00004e1d   Thumb Code    22  rt_cmsis.o(i.osMailGet)
    osMailPut                                0x00004e33   Thumb Code    20  rt_cmsis.o(i.osMailPut)
    osMessageGet                             0x00004e49   Thumb Code    18  rt_cmsis.o(i.osMessageGet)
    osMessagePut                             0x00004e61   Thumb Code    18  rt_cmsis.o(i.osMessagePut)
    osMutexCreate                            0x00004e79   Thumb Code    36  rt_cmsis.o(i.osMutexCreate)
    osMutexRelease                           0x00004ea5   Thumb Code    18  rt_cmsis.o(i.osMutexRelease)
    osMutexWait                              0x00004ebd   Thumb Code    18  rt_cmsis.o(i.osMutexWait)
    osSignalClear                            0x00004ed5   Thumb Code    20  rt_cmsis.o(i.osSignalClear)
    osSignalSet                              0x00004eed   Thumb Code    18  rt_cmsis.o(i.osSignalSet)
    osSignalWait                             0x00004f05   Thumb Code    18  rt_cmsis.o(i.osSignalWait)
    osThreadCreate                           0x00004f1d   Thumb Code    36  rt_cmsis.o(i.osThreadCreate)
    osThreadExit                             0x00004f49   Thumb Code    14  rt_cmsis.o(i.osThreadExit)
    osTimerCall                              0x00004f61   Thumb Code     8  rt_cmsis.o(i.osTimerCall)
    osTimerThread                            0x00004f6d   Thumb Code    38  rt_cmsis.o(i.osTimerThread)
    os_error                                 0x00004f99   Thumb Code    34  rtx_conf_cm.o(i.os_error)
    os_idle_demon                            0x00004fbb   Thumb Code     4  rtx_conf_cm.o(i.os_idle_demon)
    os_tick_init                             0x00004fc1   Thumb Code    32  rt_system.o(i.os_tick_init)
    os_tick_irqack                           0x00004fe9   Thumb Code     2  rt_system.o(i.os_tick_irqack)
    rt_alloc_box                             0x000050b5   Thumb Code    26  rt_membox.o(i.rt_alloc_box)
    rt_alloc_mem                             0x000050cf   Thumb Code    62  rt_memory.o(i.rt_alloc_mem)
    rt_block                                 0x0000510d   Thumb Code    48  rt_task.o(i.rt_block)
    rt_chk_robin                             0x00005145   Thumb Code    60  rt_robin.o(i.rt_chk_robin)
    rt_dec_dly                               0x0000518d   Thumb Code   102  rt_list.o(i.rt_dec_dly)
    rt_dispatch                              0x000051fd   Thumb Code    60  rt_task.o(i.rt_dispatch)
    rt_dly_wait                              0x00005241   Thumb Code     6  rt_time.o(i.rt_dly_wait)
    rt_evt_clr                               0x00005249   Thumb Code    22  rt_event.o(i.rt_evt_clr)
    rt_evt_psh                               0x00005265   Thumb Code    76  rt_event.o(i.rt_evt_psh)
    rt_evt_set                               0x000052b5   Thumb Code    88  rt_event.o(i.rt_evt_set)
    rt_evt_wait                              0x00005311   Thumb Code    56  rt_event.o(i.rt_evt_wait)
    rt_free_box                              0x0000534d   Thumb Code    44  rt_membox.o(i.rt_free_box)
    rt_free_mem                              0x00005379   Thumb Code    40  rt_memory.o(i.rt_free_mem)
    rt_get_first                             0x000053a1   Thumb Code    40  rt_list.o(i.rt_get_first)
    rt_init_mem                              0x00005419   Thumb Code    26  rt_memory.o(i.rt_init_mem)
    rt_init_robin                            0x00005435   Thumb Code    14  rt_robin.o(i.rt_init_robin)
    rt_init_stack                            0x0000544d   Thumb Code   118  hal_cm.o(i.rt_init_stack)
    rt_mbx_check                             0x000054cd   Thumb Code     8  rt_mailbox.o(i.rt_mbx_check)
    rt_mbx_init                              0x000054d5   Thumb Code    26  rt_mailbox.o(i.rt_mbx_init)
    rt_mbx_psh                               0x000054f1   Thumb Code   236  rt_mailbox.o(i.rt_mbx_psh)
    rt_mbx_send                              0x000055e1   Thumb Code   148  rt_mailbox.o(i.rt_mbx_send)
    rt_mbx_wait                              0x00005679   Thumb Code   174  rt_mailbox.o(i.rt_mbx_wait)
    rt_mut_init                              0x00005771   Thumb Code    16  rt_mutex.o(i.rt_mut_init)
    rt_mut_release                           0x00005781   Thumb Code   208  rt_mutex.o(i.rt_mut_release)
    rt_mut_wait                              0x00005859   Thumb Code   114  rt_mutex.o(i.rt_mut_wait)
    rt_pop_req                               0x000058d1   Thumb Code   112  rt_system.o(i.rt_pop_req)
    rt_psh_req                               0x0000594d   Thumb Code    22  rt_system.o(i.rt_psh_req)
    rt_psq_enq                               0x0000596d   Thumb Code    88  rt_list.o(i.rt_psq_enq)
    rt_put_dly                               0x000059c9   Thumb Code    68  rt_list.o(i.rt_put_dly)
    rt_put_prio                              0x00005a11   Thumb Code    54  rt_list.o(i.rt_put_prio)
    rt_put_rdy_first                         0x00005a49   Thumb Code    14  rt_list.o(i.rt_put_rdy_first)
    rt_resort_prio                           0x00005a5d   Thumb Code    46  rt_list.o(i.rt_resort_prio)
    rt_ret_val                               0x00005a91   Thumb Code     6  hal_cm.o(i.rt_ret_val)
    rt_ret_val2                              0x00005a97   Thumb Code     8  hal_cm.o(i.rt_ret_val2)
    rt_rmv_dly                               0x00005a9f   Thumb Code    40  rt_list.o(i.rt_rmv_dly)
    rt_rmv_list                              0x00005ac9   Thumb Code    44  rt_list.o(i.rt_rmv_list)
    rt_sem_psh                               0x00005af9   Thumb Code    48  rt_semaphore.o(i.rt_sem_psh)
    rt_stk_check                             0x00005b2d   Thumb Code    28  rt_system.o(i.rt_stk_check)
    rt_switch_req                            0x00005b51   Thumb Code    30  rt_task.o(i.rt_switch_req)
    rt_sys_init                              0x00005b79   Thumb Code   138  rt_task.o(i.rt_sys_init)
    rt_sys_start                             0x00005c45   Thumb Code   110  rt_task.o(i.rt_sys_start)
    rt_systick                               0x00005cbd   Thumb Code    50  rt_system.o(i.rt_systick)
    rt_tsk_create                            0x00005d45   Thumb Code   118  rt_task.o(i.rt_tsk_create)
    rt_tsk_delete                            0x00005dcd   Thumb Code   352  rt_task.o(i.rt_tsk_delete)
    rt_tsk_prio                              0x00005f49   Thumb Code   108  rt_task.o(i.rt_tsk_prio)
    rt_tsk_self                              0x00005fc5   Thumb Code    12  rt_task.o(i.rt_tsk_self)
    servo_moteur_set_duty                    0x00005fd5   Thumb Code    76  pwm_moteur.o(i.servo_moteur_set_duty)
    svcDelay                                 0x000060d9   Thumb Code    18  rt_cmsis.o(i.svcDelay)
    svcKernelInitialize                      0x000060ed   Thumb Code    80  rt_cmsis.o(i.svcKernelInitialize)
    svcKernelStart                           0x0000615d   Thumb Code    62  rt_cmsis.o(i.svcKernelStart)
    svcMailCreate                            0x000061a5   Thumb Code    66  rt_cmsis.o(i.svcMailCreate)
    svcMessageCreate                         0x000061e7   Thumb Code    36  rt_cmsis.o(i.svcMessageCreate)
    svcMessageGet                            0x0000620b   Thumb Code    58  rt_cmsis.o(i.svcMessageGet)
    svcMessagePut                            0x00006245   Thumb Code    54  rt_cmsis.o(i.svcMessagePut)
    svcMutexCreate                           0x0000627b   Thumb Code    28  rt_cmsis.o(i.svcMutexCreate)
    svcMutexRelease                          0x00006297   Thumb Code    34  rt_cmsis.o(i.svcMutexRelease)
    svcMutexWait                             0x000062b9   Thumb Code    58  rt_cmsis.o(i.svcMutexWait)
    svcSignalClear                           0x000062f3   Thumb Code    36  rt_cmsis.o(i.svcSignalClear)
    svcSignalSet                             0x00006317   Thumb Code    36  rt_cmsis.o(i.svcSignalSet)
    svcSignalWait                            0x0000633d   Thumb Code    80  rt_cmsis.o(i.svcSignalWait)
    svcThreadCreate                          0x00006391   Thumb Code    96  rt_cmsis.o(i.svcThreadCreate)
    svcThreadGetId                           0x000063fd   Thumb Code    22  rt_cmsis.o(i.svcThreadGetId)
    svcThreadTerminate                       0x00006419   Thumb Code    50  rt_cmsis.o(i.svcThreadTerminate)
    svcTimerCall                             0x00006451   Thumb Code    24  rt_cmsis.o(i.svcTimerCall)
    sysMailAlloc                             0x00006469   Thumb Code    84  rt_cmsis.o(i.sysMailAlloc)
    sysMailFree                              0x000064c1   Thumb Code    96  rt_cmsis.o(i.sysMailFree)
    sysTimerTick                             0x00006521   Thumb Code    84  rt_cmsis.o(i.sysTimerTick)
    __aeabi_d2f                              0x000066b9   Thumb Code     0  d2f.o(x$fpl$d2f)
    _d2f                                     0x000066b9   Thumb Code    98  d2f.o(x$fpl$d2f)
    __aeabi_dadd                             0x0000671d   Thumb Code     0  daddsub_clz.o(x$fpl$dadd)
    _dadd                                    0x0000671d   Thumb Code   332  daddsub_clz.o(x$fpl$dadd)
    __aeabi_ddiv                             0x0000686d   Thumb Code     0  ddiv.o(x$fpl$ddiv)
    _ddiv                                    0x0000686d   Thumb Code   552  ddiv.o(x$fpl$ddiv)
    __aeabi_d2iz                             0x00006b1d   Thumb Code     0  dfix.o(x$fpl$dfix)
    _dfix                                    0x00006b1d   Thumb Code    94  dfix.o(x$fpl$dfix)
    __aeabi_d2uiz                            0x00006b7d   Thumb Code     0  dfixu.o(x$fpl$dfixu)
    _dfixu                                   0x00006b7d   Thumb Code    90  dfixu.o(x$fpl$dfixu)
    __aeabi_i2d                              0x00006bd7   Thumb Code     0  dflt_clz.o(x$fpl$dflt)
    _dflt                                    0x00006bd7   Thumb Code    46  dflt_clz.o(x$fpl$dflt)
    __aeabi_ui2d                             0x00006c05   Thumb Code     0  dflt_clz.o(x$fpl$dfltu)
    _dfltu                                   0x00006c05   Thumb Code    38  dflt_clz.o(x$fpl$dfltu)
    __aeabi_dmul                             0x00006c2d   Thumb Code     0  dmul.o(x$fpl$dmul)
    _dmul                                    0x00006c2d   Thumb Code   332  dmul.o(x$fpl$dmul)
    __fpl_dnaninf                            0x00006d81   Thumb Code   156  dnaninf.o(x$fpl$dnaninf)
    __fpl_dretinf                            0x00006e1d   Thumb Code    12  dretinf.o(x$fpl$dretinf)
    __aeabi_drsub                            0x00006e29   Thumb Code     0  daddsub_clz.o(x$fpl$drsb)
    _drsb                                    0x00006e29   Thumb Code    22  daddsub_clz.o(x$fpl$drsb)
    __aeabi_dsub                             0x00006e41   Thumb Code     0  daddsub_clz.o(x$fpl$dsub)
    _dsub                                    0x00006e41   Thumb Code   464  daddsub_clz.o(x$fpl$dsub)
    __aeabi_f2d                              0x00007015   Thumb Code     0  f2d.o(x$fpl$f2d)
    _f2d                                     0x00007015   Thumb Code    86  f2d.o(x$fpl$f2d)
    __aeabi_f2iz                             0x0000706d   Thumb Code     0  ffix.o(x$fpl$ffix)
    _ffix                                    0x0000706d   Thumb Code    54  ffix.o(x$fpl$ffix)
    __aeabi_ui2f                             0x000070a5   Thumb Code     0  fflt_clz.o(x$fpl$ffltu)
    _ffltu                                   0x000070a5   Thumb Code    38  fflt_clz.o(x$fpl$ffltu)
    __aeabi_fmul                             0x000070cd   Thumb Code     0  fmul.o(x$fpl$fmul)
    _fmul                                    0x000070cd   Thumb Code   258  fmul.o(x$fpl$fmul)
    __fpl_fnaninf                            0x000071cf   Thumb Code   140  fnaninf.o(x$fpl$fnaninf)
    __fpl_fretinf                            0x0000725b   Thumb Code    10  fretinf.o(x$fpl$fretinf)
    __I$use$fp                               0x00007264   Number         0  usenofp.o(x$fpl$usenofp)
    os_thread_def_TaskReadRFID               0x00007264   Data          16  main.o(.constdata)
    os_thread_def_TaskDFPlayer               0x00007274   Data          16  main.o(.constdata)
    os_thread_def_TaskReceptionBT            0x00007284   Data          16  main.o(.constdata)
    os_thread_def_TaskMoteur                 0x00007294   Data          16  main.o(.constdata)
    os_mutex_def_mut_GLCD                    0x000072a4   Data           4  main.o(.constdata)
    os_mutex_def_mut_UART                    0x000072a8   Data           4  main.o(.constdata)
    os_mailQ_def_rb_joystick                 0x000072ac   Data          12  main.o(.constdata)
    os_mailQ_def_sound2play                  0x000072b8   Data          12  main.o(.constdata)
    GLCD_Font_6x8                            0x00008b44   Data          16  glcd_fonts.o(.constdata)
    GLCD_Font_16x24                          0x00008b54   Data          16  glcd_fonts.o(.constdata)
    os_maxtaskrun                            0x00008b6c   Data           2  rtx_conf_cm.o(.constdata)
    os_stackinfo                             0x00008b70   Data           4  rtx_conf_cm.o(.constdata)
    os_rrobin                                0x00008b74   Data           4  rtx_conf_cm.o(.constdata)
    os_tickfreq                              0x00008b78   Data           4  rtx_conf_cm.o(.constdata)
    os_tickus_i                              0x00008b7c   Data           2  rtx_conf_cm.o(.constdata)
    os_tickus_f                              0x00008b7e   Data           2  rtx_conf_cm.o(.constdata)
    os_trv                                   0x00008b80   Data           4  rtx_conf_cm.o(.constdata)
    os_flags                                 0x00008b84   Data           1  rtx_conf_cm.o(.constdata)
    CMSIS_RTOS_API_Version                   0x00008b88   Data           4  rtx_conf_cm.o(.constdata)
    CMSIS_RTOS_RTX_Version                   0x00008b8c   Data           4  rtx_conf_cm.o(.constdata)
    os_clockrate                             0x00008b90   Data           4  rtx_conf_cm.o(.constdata)
    os_timernum                              0x00008b94   Data           4  rtx_conf_cm.o(.constdata)
    mp_tcb_size                              0x00008b98   Data           2  rtx_conf_cm.o(.constdata)
    mp_stk_size                              0x00008b9c   Data           4  rtx_conf_cm.o(.constdata)
    os_stack_sz                              0x00008ba0   Data           4  rtx_conf_cm.o(.constdata)
    os_fifo_size                             0x00008ba4   Data           1  rtx_conf_cm.o(.constdata)
    os_thread_def_osTimerThread              0x00008ba8   Data          16  rtx_conf_cm.o(.constdata)
    os_messageQ_def_osTimerMessageQ          0x00008bb8   Data           8  rtx_conf_cm.o(.constdata)
    mp_tmr_size                              0x00008bc0   Data           2  rtx_conf_cm.o(.constdata)
    os_thread_def_main                       0x00008bc4   Data          16  rtx_conf_cm.o(.constdata)
    Driver_SPI1                              0x00008c2c   Data          44  ssp_lpc17xx.o(.constdata)
    Driver_USART0                            0x00008f5c   Data          56  uart_lpc17xx.o(.constdata)
    Driver_USART1                            0x00008f94   Data          56  uart_lpc17xx.o(.constdata)
    Driver_USART2                            0x00008fcc   Data          56  uart_lpc17xx.o(.constdata)
    Driver_USART3                            0x00009004   Data          56  uart_lpc17xx.o(.constdata)
    Region$$Table$$Base                      0x0000903c   Number         0  anon$$obj.o(Region$$Table)
    Region$$Table$$Limit                     0x0000905c   Number         0  anon$$obj.o(Region$$Table)
    ID_RFID                                  0x10000000   Data           4  main.o(.data)
    ID_DFPlayer                              0x10000004   Data           4  main.o(.data)
    ID_MOTEUR                                0x10000008   Data           4  main.o(.data)
    ID_RECEPTIONBT                           0x1000000c   Data           4  main.o(.data)
    ID_mut_GLCD                              0x10000010   Data           4  main.o(.data)
    ID_mut_UART                              0x10000014   Data           4  main.o(.data)
    ID_SOUND2PLAY                            0x10000018   Data           4  main.o(.data)
    ID_ETAT_MOT                              0x1000001c   Data           4  main.o(.data)
    ID_Lumiere2DFPlayer                      0x10000020   Data           4  main.o(.data)
    ID_RB_JOYSTICK                           0x10000024   Data           4  main.o(.data)
    ID_RB_BUTTON                             0x10000028   Data           4  main.o(.data)
    os_mailQ_p_rb_joystick                   0x1000002c   Data           8  main.o(.data)
    os_mailQ_p_sound2play                    0x10000034   Data           8  main.o(.data)
    osThreadId_osTimerThread                 0x10000048   Data           4  rtx_conf_cm.o(.data)
    osMessageQId_osTimerMessageQ             0x1000004c   Data           4  rtx_conf_cm.o(.data)
    os_tmr                                   0x10000050   Data           4  rtx_conf_cm.o(.data)
    m_tmr                                    0x10000054   Data           4  rtx_conf_cm.o(.data)
    SystemCoreClock                          0x1000006c   Data           4  system_lpc17xx.o(.data)
    os_initialized                           0x10000070   Data           1  rt_cmsis.o(.data)
    os_running                               0x10000071   Data           1  rt_cmsis.o(.data)
    os_timer_head                            0x10000074   Data           4  rt_cmsis.o(.data)
    os_tsk                                   0x10000078   Data           8  rt_task.o(.data)
    os_tick_irqn                             0x10000084   Data           4  rt_system.o(.data)
    os_time                                  0x10000088   Data           4  rt_time.o(.data)
    os_robin                                 0x1000008c   Data           8  rt_robin.o(.data)
    dbg_msg                                  0x10000094   Data           1  hal_cm.o(.data)
    os_mutex_cb_mut_GLCD                     0x10000098   Data          16  main.o(.bss)
    os_mutex_cb_mut_UART                     0x100000a8   Data          16  main.o(.bss)
    os_mailQ_q_rb_joystick                   0x100000b8   Data         216  main.o(.bss)
    os_mailQ_m_rb_joystick                   0x10000190   Data         212  main.o(.bss)
    os_mailQ_q_sound2play                    0x10000264   Data         216  main.o(.bss)
    os_mailQ_m_sound2play                    0x1000033c   Data         212  main.o(.bss)
    mp_tcb                                   0x10000410   Data         376  rtx_conf_cm.o(.bss)
    mp_stk                                   0x10000588   Data       24592  rtx_conf_cm.o(.bss)
    os_stack_mem                             0x10006598   Data        4328  rtx_conf_cm.o(.bss)
    os_fifo                                  0x10007680   Data         132  rtx_conf_cm.o(.bss)
    os_active_TCB                            0x10007704   Data          28  rtx_conf_cm.o(.bss)
    os_messageQ_q_osTimerMessageQ            0x10007720   Data          32  rtx_conf_cm.o(.bss)
    os_idle_TCB                              0x10007bfc   Data          52  rt_task.o(.bss)
    os_rdy                                   0x10007c30   Data          24  rt_list.o(.bss)
    os_dly                                   0x10007c48   Data          24  rt_list.o(.bss)
    __libspace_start                         0x10007c60   Data          96  libspace.o(.bss)
    __temporary_stack_top$libspace           0x10007cc0   Data           0  libspace.o(.bss)



==============================================================================

Memory Map of the image

  Image Entry point : 0x00000301

  Load Region LR_1 (Base: 0x00000000, Size: 0x000090f4, Max: 0xffffffff, ABSOLUTE)

    Execution Region ER_RO (Base: 0x00000000, Size: 0x0000905c, Max: 0xffffffff, ABSOLUTE)

    Base Addr    Size         Type   Attr      Idx    E Section Name        Object

    0x00000000   0x000000cc   Data   RO         1529    RESET               startup_lpc17xx.o
    0x000000cc   0x00000008   Code   RO         2890  * !!!main             c_w.l(__main.o)
    0x000000d4   0x00000034   Code   RO         3165    !!!scatter          c_w.l(__scatter.o)
    0x00000108   0x0000001a   Code   RO         3167    !!handler_copy      c_w.l(__scatter_copy.o)
    0x00000122   0x00000002   PAD
    0x00000124   0x0000001c   Code   RO         3169    !!handler_zi        c_w.l(__scatter_zi.o)
    0x00000140   0x00000000   Code   RO         2881    .ARM.Collect$$_printf_percent$$00000000  c_w.l(_printf_percent.o)
    0x00000140   0x00000006   Code   RO         2880    .ARM.Collect$$_printf_percent$$00000009  c_w.l(_printf_d.o)
    0x00000146   0x00000006   Code   RO         2879    .ARM.Collect$$_printf_percent$$00000014  c_w.l(_printf_s.o)
    0x0000014c   0x00000004   Code   RO         2982    .ARM.Collect$$_printf_percent$$00000017  c_w.l(_printf_percent_end.o)
    0x00000150   0x00000002   Code   RO         3117    .ARM.Collect$$libinit$$00000000  c_w.l(libinit.o)
    0x00000152   0x00000000   Code   RO         2988    .ARM.Collect$$libinit$$00000002  c_w.l(libinit2.o)
    0x00000152   0x00000000   Code   RO         2990    .ARM.Collect$$libinit$$00000004  c_w.l(libinit2.o)
    0x00000152   0x00000000   Code   RO         2993    .ARM.Collect$$libinit$$0000000A  c_w.l(libinit2.o)
    0x00000152   0x00000000   Code   RO         2995    .ARM.Collect$$libinit$$0000000C  c_w.l(libinit2.o)
    0x00000152   0x00000000   Code   RO         2997    .ARM.Collect$$libinit$$0000000E  c_w.l(libinit2.o)
    0x00000152   0x00000000   Code   RO         3000    .ARM.Collect$$libinit$$00000011  c_w.l(libinit2.o)
    0x00000152   0x00000000   Code   RO         3002    .ARM.Collect$$libinit$$00000013  c_w.l(libinit2.o)
    0x00000152   0x00000000   Code   RO         3004    .ARM.Collect$$libinit$$00000015  c_w.l(libinit2.o)
    0x00000152   0x00000000   Code   RO         3006    .ARM.Collect$$libinit$$00000017  c_w.l(libinit2.o)
    0x00000152   0x00000000   Code   RO         3008    .ARM.Collect$$libinit$$00000019  c_w.l(libinit2.o)
    0x00000152   0x00000000   Code   RO         3010    .ARM.Collect$$libinit$$0000001B  c_w.l(libinit2.o)
    0x00000152   0x00000000   Code   RO         3012    .ARM.Collect$$libinit$$0000001D  c_w.l(libinit2.o)
    0x00000152   0x00000000   Code   RO         3014    .ARM.Collect$$libinit$$0000001F  c_w.l(libinit2.o)
    0x00000152   0x00000000   Code   RO         3016    .ARM.Collect$$libinit$$00000021  c_w.l(libinit2.o)
    0x00000152   0x00000000   Code   RO         3018    .ARM.Collect$$libinit$$00000023  c_w.l(libinit2.o)
    0x00000152   0x00000000   Code   RO         3020    .ARM.Collect$$libinit$$00000025  c_w.l(libinit2.o)
    0x00000152   0x00000000   Code   RO         3024    .ARM.Collect$$libinit$$0000002C  c_w.l(libinit2.o)
    0x00000152   0x00000000   Code   RO         3026    .ARM.Collect$$libinit$$0000002E  c_w.l(libinit2.o)
    0x00000152   0x00000000   Code   RO         3028    .ARM.Collect$$libinit$$00000030  c_w.l(libinit2.o)
    0x00000152   0x00000000   Code   RO         3030    .ARM.Collect$$libinit$$00000032  c_w.l(libinit2.o)
    0x00000152   0x00000002   Code   RO         3031    .ARM.Collect$$libinit$$00000033  c_w.l(libinit2.o)
    0x00000154   0x00000002   Code   RO         3118    .ARM.Collect$$libshutdown$$00000000  c_w.l(libshutdown.o)
    0x00000156   0x00000000   Code   RO         3130    .ARM.Collect$$libshutdown$$00000002  c_w.l(libshutdown2.o)
    0x00000156   0x00000000   Code   RO         3132    .ARM.Collect$$libshutdown$$00000004  c_w.l(libshutdown2.o)
    0x00000156   0x00000000   Code   RO         3135    .ARM.Collect$$libshutdown$$00000007  c_w.l(libshutdown2.o)
    0x00000156   0x00000000   Code   RO         3138    .ARM.Collect$$libshutdown$$0000000A  c_w.l(libshutdown2.o)
    0x00000156   0x00000000   Code   RO         3140    .ARM.Collect$$libshutdown$$0000000C  c_w.l(libshutdown2.o)
    0x00000156   0x00000000   Code   RO         3143    .ARM.Collect$$libshutdown$$0000000F  c_w.l(libshutdown2.o)
    0x00000156   0x00000002   Code   RO         3144    .ARM.Collect$$libshutdown$$00000010  c_w.l(libshutdown2.o)
    0x00000158   0x00000000   Code   RO         2934    .ARM.Collect$$rtentry$$00000000  c_w.l(__rtentry.o)
    0x00000158   0x00000000   Code   RO         3044    .ARM.Collect$$rtentry$$00000002  c_w.l(__rtentry2.o)
    0x00000158   0x00000006   Code   RO         3056    .ARM.Collect$$rtentry$$00000004  c_w.l(__rtentry4.o)
    0x0000015e   0x00000000   Code   RO         3046    .ARM.Collect$$rtentry$$00000009  c_w.l(__rtentry2.o)
    0x0000015e   0x00000004   Code   RO         3047    .ARM.Collect$$rtentry$$0000000A  c_w.l(__rtentry2.o)
    0x00000162   0x00000008   Code   RO         3048    .ARM.Collect$$rtentry$$0000000B  c_w.l(__rtentry2.o)
    0x0000016a   0x00000008   Code   RO         3050    .ARM.Collect$$rtentry$$0000000D  c_w.l(__rtentry2.o)
    0x00000172   0x00000002   Code   RO         2935    .ARM.Collect$$rtexit$$00000000  c_w.l(rtexit.o)
    0x00000174   0x00000000   Code   RO         3059    .ARM.Collect$$rtexit$$00000002  c_w.l(rtexit2.o)
    0x00000174   0x00000004   Code   RO         3060    .ARM.Collect$$rtexit$$00000003  c_w.l(rtexit2.o)
    0x00000178   0x00000006   Code   RO         3061    .ARM.Collect$$rtexit$$00000004  c_w.l(rtexit2.o)
    0x0000017e   0x00000002   PAD
    0x00000180   0x0000001c   Code   RO          630    .emb_text           rtx_conf_cm.o
    0x0000019c   0x00000130   Code   RO         2771    .emb_text           RTX_CM3.lib(hal_cm3.o)
    0x000002cc   0x00000008   Code   RO         2786    .text               c_w.l(libspace.o)
    0x000002d4   0x00000028   Code   RO         2849    .text               c_w.l(noretval__2sprintf.o)
    0x000002fc   0x00000004   Code   RO         1530    .ARM.__at_0x02FC    startup_lpc17xx.o
    0x00000300   0x0000003c   Code   RO         1531  * .text               startup_lpc17xx.o
    0x0000033c   0x000000ee   Code   RO         2845    .text               c_w.l(lludivv7m.o)
    0x0000042a   0x0000004e   Code   RO         2853    .text               c_w.l(_printf_pad.o)
    0x00000478   0x00000052   Code   RO         2855    .text               c_w.l(_printf_str.o)
    0x000004ca   0x00000002   PAD
    0x000004cc   0x00000078   Code   RO         2857    .text               c_w.l(_printf_dec.o)
    0x00000544   0x0000010e   Code   RO         2867    .text               c_w.l(__printf_wp.o)
    0x00000652   0x00000012   Code   RO         2882    .text               c_w.l(exit.o)
    0x00000664   0x0000004e   Code   RO         2884    .text               c_w.l(rt_memclr_w.o)
    0x000006b2   0x00000002   PAD
    0x000006b4   0x00000080   Code   RO         2886    .text               c_w.l(strcmpv7m.o)
    0x00000734   0x00000006   Code   RO         2888    .text               c_w.l(heapauxi.o)
    0x0000073a   0x000000b2   Code   RO         2974    .text               c_w.l(_printf_intcommon.o)
    0x000007ec   0x00000030   Code   RO         2976    .text               c_w.l(_printf_char_common.o)
    0x0000081c   0x0000000a   Code   RO         2978    .text               c_w.l(_sputc.o)
    0x00000826   0x0000002c   Code   RO         2980    .text               c_w.l(_printf_char.o)
    0x00000852   0x00000002   PAD
    0x00000854   0x0000000c   Code   RO         3088    .text               c_w.l(sys_exit.o)
    0x00000860   0x00000002   Code   RO         3090    .text               c_w.l(use_no_semi.o)
    0x00000862   0x00000000   Code   RO         3092    .text               c_w.l(indicate_semi.o)
    0x00000862   0x0000004a   Code   RO         3093    .text               c_w.l(sys_stackheap_outer.o)
    0x000008ac   0x00000004   Code   RO         2781    SVC_TABLE           RTX_CM3.lib(svc_table.o)
    0x000008b0   0x00000020   Code   RO         1350    i.Clear_Channel_active_flag  gpdma_lpc17xx.o
    0x000008d0   0x00000012   Code   RO          152    i.DFPlayer_init     dfplayermini.o
    0x000008e2   0x00000012   Code   RO          155    i.DFPlayer_play_in_folder  dfplayermini.o
    0x000008f4   0x000000a4   Code   RO          156    i.DFPlayer_send_command  dfplayermini.o
    0x00000998   0x00000016   Code   RO          157    i.DFPlayer_set_volume  dfplayermini.o
    0x000009ae   0x00000002   PAD
    0x000009b0   0x00000180   Code   RO         1351    i.DMA_IRQHandler    gpdma_lpc17xx.o
    0x00000b30   0x0000003c   Code   RO          456    i.GLCD_ClearScreen  glcd_mcb1700.o
    0x00000b6c   0x000000d0   Code   RO          459    i.GLCD_DrawChar     glcd_mcb1700.o
    0x00000c3c   0x0000002c   Code   RO          463    i.GLCD_DrawString   glcd_mcb1700.o
    0x00000c68   0x000005fe   Code   RO          467    i.GLCD_Initialize   glcd_mcb1700.o
    0x00001266   0x00000002   PAD
    0x00001268   0x00000010   Code   RO          469    i.GLCD_SetFont      glcd_mcb1700.o
    0x00001278   0x00000010   Code   RO          470    i.GLCD_SetForegroundColor  glcd_mcb1700.o
    0x00001288   0x000000a0   Code   RO          471    i.GLCD_SetWindow    glcd_mcb1700.o
    0x00001328   0x000000f4   Code   RO         1352    i.GPDMA_ChannelConfigure  gpdma_lpc17xx.o
    0x0000141c   0x00000030   Code   RO         1353    i.GPDMA_ChannelDisable  gpdma_lpc17xx.o
    0x0000144c   0x00000030   Code   RO         1355    i.GPDMA_ChannelGetCount  gpdma_lpc17xx.o
    0x0000147c   0x000000b0   Code   RO         1357    i.GPDMA_Initialize  gpdma_lpc17xx.o
    0x0000152c   0x00000044   Code   RO         1358    i.GPDMA_PeripheralSelect  gpdma_lpc17xx.o
    0x00001570   0x00000080   Code   RO         1359    i.GPDMA_Uninitialize  gpdma_lpc17xx.o
    0x000015f0   0x00000020   Code   RO         1440    i.GPIO_PinRead      gpio_lpc17xx.o
    0x00001610   0x00000028   Code   RO         1441    i.GPIO_PinWrite     gpio_lpc17xx.o
    0x00001638   0x0000002c   Code   RO         1442    i.GPIO_PortClock    gpio_lpc17xx.o
    0x00001664   0x00000038   Code   RO         1445    i.GPIO_SetDir       gpio_lpc17xx.o
    0x0000169c   0x00000044   Code   RO          691    i.GetSSPClockFreq   ssp_lpc17xx.o
    0x000016e0   0x00000044   Code   RO          882    i.GetUsartClockFreq  uart_lpc17xx.o
    0x00001724   0x0000003c   Code   RO          308    i.Init_UART1        reception_bluetooth.o
    0x00001760   0x0000003c   Code   RO          355    i.Init_UART2        module_rfid.o
    0x0000179c   0x00000038   Code   RO          158    i.Init_UART3        dfplayermini.o
    0x000017d4   0x000000fc   Code   RO         1494    i.PIN_Configure     pin_lpc17xx.o
    0x000018d0   0x00000014   Code   RO            4    i.RB_event          main.o
    0x000018e4   0x00000054   Code   RO          309    i.RB_get_data       reception_bluetooth.o
    0x00001938   0x00000038   Code   RO          310    i.RB_init           reception_bluetooth.o
    0x00001970   0x00000014   Code   RO            5    i.RFID_event        main.o
    0x00001984   0x00000038   Code   RO          356    i.RFID_init         module_rfid.o
    0x000019bc   0x00000020   Code   RO          357    i.RFID_read         module_rfid.o
    0x000019dc   0x00000018   Code   RO          692    i.SSP1_Control      ssp_lpc17xx.o
    0x000019f4   0x00000014   Code   RO          693    i.SSP1_GPDMA_Rx_SignalEvent  ssp_lpc17xx.o
    0x00001a08   0x00000014   Code   RO          694    i.SSP1_GPDMA_Tx_SignalEvent  ssp_lpc17xx.o
    0x00001a1c   0x00000010   Code   RO          695    i.SSP1_GetDataCount  ssp_lpc17xx.o
    0x00001a2c   0x00000010   Code   RO          696    i.SSP1_GetStatus    ssp_lpc17xx.o
    0x00001a3c   0x00000010   Code   RO          697    i.SSP1_IRQHandler   ssp_lpc17xx.o
    0x00001a4c   0x00000014   Code   RO          698    i.SSP1_Initialize   ssp_lpc17xx.o
    0x00001a60   0x00000014   Code   RO          699    i.SSP1_PowerControl  ssp_lpc17xx.o
    0x00001a74   0x00000018   Code   RO          700    i.SSP1_Receive      ssp_lpc17xx.o
    0x00001a8c   0x00000018   Code   RO          701    i.SSP1_Send         ssp_lpc17xx.o
    0x00001aa4   0x0000001c   Code   RO          702    i.SSP1_Transfer     ssp_lpc17xx.o
    0x00001ac0   0x00000010   Code   RO          703    i.SSP1_Uninitialize  ssp_lpc17xx.o
    0x00001ad0   0x0000000c   Code   RO          704    i.SSP_GetCapabilities  ssp_lpc17xx.o
    0x00001adc   0x00000010   Code   RO          705    i.SSP_GetVersion    ssp_lpc17xx.o
    0x00001aec   0x0000051e   Code   RO          706    i.SSPx_Control      ssp_lpc17xx.o
    0x0000200a   0x00000036   Code   RO          707    i.SSPx_GPDMA_Rx_SignalEvent  ssp_lpc17xx.o
    0x00002040   0x0000001c   Code   RO          708    i.SSPx_GPDMA_Tx_SignalEvent  ssp_lpc17xx.o
    0x0000205c   0x0000002c   Code   RO          709    i.SSPx_GetDataCount  ssp_lpc17xx.o
    0x00002088   0x0000005a   Code   RO          710    i.SSPx_GetStatus    ssp_lpc17xx.o
    0x000020e2   0x00000104   Code   RO          711    i.SSPx_IRQHandler   ssp_lpc17xx.o
    0x000021e6   0x000000a8   Code   RO          712    i.SSPx_Initialize   ssp_lpc17xx.o
    0x0000228e   0x00000002   PAD
    0x00002290   0x000001d8   Code   RO          713    i.SSPx_PowerControl  ssp_lpc17xx.o
    0x00002468   0x0000015c   Code   RO          714    i.SSPx_Receive      ssp_lpc17xx.o
    0x000025c4   0x00000154   Code   RO          715    i.SSPx_Send         ssp_lpc17xx.o
    0x00002718   0x00000152   Code   RO          716    i.SSPx_Transfer     ssp_lpc17xx.o
    0x0000286a   0x00000070   Code   RO          717    i.SSPx_Uninitialize  ssp_lpc17xx.o
    0x000028da   0x00000002   PAD
    0x000028dc   0x00000038   Code   RO         1360    i.Set_Channel_active_flag  gpdma_lpc17xx.o
    0x00002914   0x00000140   Code   RO         1541    i.SystemInit        system_lpc17xx.o
    0x00002a54   0x00000034   Code   RO          247    i.TIMER0_IRQHandler  pwm_moteur.o
    0x00002a88   0x00000060   Code   RO            6    i.TaskDFPlayer      main.o
    0x00002ae8   0x000000f8   Code   RO            7    i.TaskMoteur        main.o
    0x00002be0   0x000000f0   Code   RO            8    i.TaskReadRFID      main.o
    0x00002cd0   0x000000f8   Code   RO            9    i.TaskReceptionBT   main.o
    0x00002dc8   0x00000010   Code   RO          883    i.UART0_IRQHandler  uart_lpc17xx.o
    0x00002dd8   0x00000010   Code   RO          884    i.UART1_IRQHandler  uart_lpc17xx.o
    0x00002de8   0x00000010   Code   RO          885    i.UART2_IRQHandler  uart_lpc17xx.o
    0x00002df8   0x00000010   Code   RO          886    i.UART3_IRQHandler  uart_lpc17xx.o
    0x00002e08   0x00000018   Code   RO          887    i.USART0_Control    uart_lpc17xx.o
    0x00002e20   0x00000014   Code   RO          888    i.USART0_GPDMA_Rx_Event  uart_lpc17xx.o
    0x00002e34   0x00000014   Code   RO          889    i.USART0_GPDMA_Tx_Event  uart_lpc17xx.o
    0x00002e48   0x00000010   Code   RO          890    i.USART0_GetCapabilities  uart_lpc17xx.o
    0x00002e58   0x00000010   Code   RO          891    i.USART0_GetModemStatus  uart_lpc17xx.o
    0x00002e68   0x00000010   Code   RO          892    i.USART0_GetRxCount  uart_lpc17xx.o
    0x00002e78   0x00000010   Code   RO          893    i.USART0_GetStatus  uart_lpc17xx.o
    0x00002e88   0x00000010   Code   RO          894    i.USART0_GetTxCount  uart_lpc17xx.o
    0x00002e98   0x00000014   Code   RO          895    i.USART0_Initialize  uart_lpc17xx.o
    0x00002eac   0x00000014   Code   RO          896    i.USART0_PowerControl  uart_lpc17xx.o
    0x00002ec0   0x00000018   Code   RO          897    i.USART0_Receive    uart_lpc17xx.o
    0x00002ed8   0x00000018   Code   RO          898    i.USART0_Send       uart_lpc17xx.o
    0x00002ef0   0x00000014   Code   RO          899    i.USART0_SetModemControl  uart_lpc17xx.o
    0x00002f04   0x0000001c   Code   RO          900    i.USART0_Transfer   uart_lpc17xx.o
    0x00002f20   0x00000010   Code   RO          901    i.USART0_Uninitialize  uart_lpc17xx.o
    0x00002f30   0x00000018   Code   RO          902    i.USART1_Control    uart_lpc17xx.o
    0x00002f48   0x00000014   Code   RO          903    i.USART1_GPDMA_Rx_Event  uart_lpc17xx.o
    0x00002f5c   0x00000014   Code   RO          904    i.USART1_GPDMA_Tx_Event  uart_lpc17xx.o
    0x00002f70   0x00000010   Code   RO          905    i.USART1_GetCapabilities  uart_lpc17xx.o
    0x00002f80   0x00000010   Code   RO          906    i.USART1_GetModemStatus  uart_lpc17xx.o
    0x00002f90   0x00000010   Code   RO          907    i.USART1_GetRxCount  uart_lpc17xx.o
    0x00002fa0   0x00000010   Code   RO          908    i.USART1_GetStatus  uart_lpc17xx.o
    0x00002fb0   0x00000010   Code   RO          909    i.USART1_GetTxCount  uart_lpc17xx.o
    0x00002fc0   0x00000014   Code   RO          910    i.USART1_Initialize  uart_lpc17xx.o
    0x00002fd4   0x00000014   Code   RO          911    i.USART1_PowerControl  uart_lpc17xx.o
    0x00002fe8   0x00000018   Code   RO          912    i.USART1_Receive    uart_lpc17xx.o
    0x00003000   0x00000018   Code   RO          913    i.USART1_Send       uart_lpc17xx.o
    0x00003018   0x00000014   Code   RO          914    i.USART1_SetModemControl  uart_lpc17xx.o
    0x0000302c   0x0000001c   Code   RO          915    i.USART1_Transfer   uart_lpc17xx.o
    0x00003048   0x00000010   Code   RO          916    i.USART1_Uninitialize  uart_lpc17xx.o
    0x00003058   0x00000018   Code   RO          917    i.USART2_Control    uart_lpc17xx.o
    0x00003070   0x00000014   Code   RO          918    i.USART2_GPDMA_Rx_Event  uart_lpc17xx.o
    0x00003084   0x00000014   Code   RO          919    i.USART2_GPDMA_Tx_Event  uart_lpc17xx.o
    0x00003098   0x00000010   Code   RO          920    i.USART2_GetCapabilities  uart_lpc17xx.o
    0x000030a8   0x00000010   Code   RO          921    i.USART2_GetModemStatus  uart_lpc17xx.o
    0x000030b8   0x00000010   Code   RO          922    i.USART2_GetRxCount  uart_lpc17xx.o
    0x000030c8   0x00000010   Code   RO          923    i.USART2_GetStatus  uart_lpc17xx.o
    0x000030d8   0x00000010   Code   RO          924    i.USART2_GetTxCount  uart_lpc17xx.o
    0x000030e8   0x00000014   Code   RO          925    i.USART2_Initialize  uart_lpc17xx.o
    0x000030fc   0x00000014   Code   RO          926    i.USART2_PowerControl  uart_lpc17xx.o
    0x00003110   0x00000018   Code   RO          927    i.USART2_Receive    uart_lpc17xx.o
    0x00003128   0x00000018   Code   RO          928    i.USART2_Send       uart_lpc17xx.o
    0x00003140   0x00000014   Code   RO          929    i.USART2_SetModemControl  uart_lpc17xx.o
    0x00003154   0x0000001c   Code   RO          930    i.USART2_Transfer   uart_lpc17xx.o
    0x00003170   0x00000010   Code   RO          931    i.USART2_Uninitialize  uart_lpc17xx.o
    0x00003180   0x00000018   Code   RO          932    i.USART3_Control    uart_lpc17xx.o
    0x00003198   0x00000014   Code   RO          933    i.USART3_GPDMA_Rx_Event  uart_lpc17xx.o
    0x000031ac   0x00000014   Code   RO          934    i.USART3_GPDMA_Tx_Event  uart_lpc17xx.o
    0x000031c0   0x00000010   Code   RO          935    i.USART3_GetCapabilities  uart_lpc17xx.o
    0x000031d0   0x00000010   Code   RO          936    i.USART3_GetModemStatus  uart_lpc17xx.o
    0x000031e0   0x00000010   Code   RO          937    i.USART3_GetRxCount  uart_lpc17xx.o
    0x000031f0   0x00000010   Code   RO          938    i.USART3_GetStatus  uart_lpc17xx.o
    0x00003200   0x00000010   Code   RO          939    i.USART3_GetTxCount  uart_lpc17xx.o
    0x00003210   0x00000014   Code   RO          940    i.USART3_Initialize  uart_lpc17xx.o
    0x00003224   0x00000014   Code   RO          941    i.USART3_PowerControl  uart_lpc17xx.o
    0x00003238   0x00000018   Code   RO          942    i.USART3_Receive    uart_lpc17xx.o
    0x00003250   0x00000018   Code   RO          943    i.USART3_Send       uart_lpc17xx.o
    0x00003268   0x00000014   Code   RO          944    i.USART3_SetModemControl  uart_lpc17xx.o
    0x0000327c   0x0000001c   Code   RO          945    i.USART3_Transfer   uart_lpc17xx.o
    0x00003298   0x00000010   Code   RO          946    i.USART3_Uninitialize  uart_lpc17xx.o
    0x000032a8   0x00000578   Code   RO          947    i.USART_Control     uart_lpc17xx.o
    0x00003820   0x00000086   Code   RO          948    i.USART_GPDMA_Rx_Event  uart_lpc17xx.o
    0x000038a6   0x0000004a   Code   RO          949    i.USART_GPDMA_Tx_Event  uart_lpc17xx.o
    0x000038f0   0x00000006   Code   RO          950    i.USART_GetCapabilities  uart_lpc17xx.o
    0x000038f6   0x000000ec   Code   RO          951    i.USART_GetModemStatus  uart_lpc17xx.o
    0x000039e2   0x0000001c   Code   RO          952    i.USART_GetRxCount  uart_lpc17xx.o
    0x000039fe   0x000000bc   Code   RO          953    i.USART_GetStatus   uart_lpc17xx.o
    0x00003aba   0x0000001c   Code   RO          954    i.USART_GetTxCount  uart_lpc17xx.o
    0x00003ad6   0x00000270   Code   RO          955    i.USART_IRQHandler  uart_lpc17xx.o
    0x00003d46   0x000000fe   Code   RO          956    i.USART_Initialize  uart_lpc17xx.o
    0x00003e44   0x000000f6   Code   RO          957    i.USART_PIN_Configure  uart_lpc17xx.o
    0x00003f3a   0x00000002   PAD
    0x00003f3c   0x00000268   Code   RO          958    i.USART_PowerControl  uart_lpc17xx.o
    0x000041a4   0x00000110   Code   RO          959    i.USART_Receive     uart_lpc17xx.o
    0x000042b4   0x00000068   Code   RO          960    i.USART_RxLineIntHandler  uart_lpc17xx.o
    0x0000431c   0x0000019c   Code   RO          961    i.USART_Send        uart_lpc17xx.o
    0x000044b8   0x00000140   Code   RO          962    i.USART_SetBaudrate  uart_lpc17xx.o
    0x000045f8   0x000000a0   Code   RO          963    i.USART_SetModemControl  uart_lpc17xx.o
    0x00004698   0x0000007a   Code   RO          964    i.USART_Transfer    uart_lpc17xx.o
    0x00004712   0x000000e2   Code   RO          965    i.USART_Uninitialize  uart_lpc17xx.o
    0x000047f4   0x00000010   Code   RO          966    i.USARTx_GetVersion  uart_lpc17xx.o
    0x00004804   0x0000001c   Code   RO          718    i.__NVIC_ClearPendingIRQ  ssp_lpc17xx.o
    0x00004820   0x0000001c   Code   RO          967    i.__NVIC_ClearPendingIRQ  uart_lpc17xx.o
    0x0000483c   0x0000001c   Code   RO         1361    i.__NVIC_ClearPendingIRQ  gpdma_lpc17xx.o
    0x00004858   0x00000046   Code   RO         2670    i._init_box         RTX_CM3.lib(rt_membox.o)
    0x0000489e   0x0000000e   Code   RO         2869    i._is_digit         c_w.l(__printf_wp.o)
    0x000048ac   0x00000020   Code   RO          632    i._mutex_acquire    rtx_conf_cm.o
    0x000048cc   0x0000001c   Code   RO          634    i._mutex_release    rtx_conf_cm.o
    0x000048e8   0x00000030   Code   RO         2723    i.dbg_init          RTX_CM3.lib(hal_cm.o)
    0x00004918   0x00000020   Code   RO         2724    i.dbg_task_notify   RTX_CM3.lib(hal_cm.o)
    0x00004938   0x00000010   Code   RO         2725    i.dbg_task_switch   RTX_CM3.lib(hal_cm.o)
    0x00004948   0x00000030   Code   RO          474    i.delay_ms          glcd_mcb1700.o
    0x00004978   0x00000070   Code   RO          248    i.init_moteur       pwm_moteur.o
    0x000049e8   0x00000098   Code   RO          249    i.init_servo_moteur  pwm_moteur.o
    0x00004a80   0x0000002a   Code   RO         1576    i.isrMessageGet     RTX_CM3.lib(rt_cmsis.o)
    0x00004aaa   0x0000002c   Code   RO         1577    i.isrMessagePut     RTX_CM3.lib(rt_cmsis.o)
    0x00004ad6   0x00000024   Code   RO         1579    i.isrSignalSet      RTX_CM3.lib(rt_cmsis.o)
    0x00004afa   0x00000002   PAD
    0x00004afc   0x00000028   Code   RO         2407    i.isr_evt_set       RTX_CM3.lib(rt_event.o)
    0x00004b24   0x00000056   Code   RO         2525    i.isr_mbx_receive   RTX_CM3.lib(rt_mailbox.o)
    0x00004b7a   0x0000000e   Code   RO         2526    i.isr_mbx_send      RTX_CM3.lib(rt_mailbox.o)
    0x00004b88   0x00000148   Code   RO           10    i.main              main.o
    0x00004cd0   0x00000018   Code   RO          250    i.moteur_set_direction  pwm_moteur.o
    0x00004ce8   0x00000028   Code   RO          251    i.moteur_set_duty   pwm_moteur.o
    0x00004d10   0x00000018   Code   RO         1580    i.osDelay           RTX_CM3.lib(rt_cmsis.o)
    0x00004d28   0x00000024   Code   RO         1581    i.osKernelInitialize  RTX_CM3.lib(rt_cmsis.o)
    0x00004d4c   0x0000006c   Code   RO         1583    i.osKernelStart     RTX_CM3.lib(rt_cmsis.o)
    0x00004db8   0x0000001c   Code   RO         1585    i.osMailAlloc       RTX_CM3.lib(rt_cmsis.o)
    0x00004dd4   0x0000002c   Code   RO         1587    i.osMailCreate      RTX_CM3.lib(rt_cmsis.o)
    0x00004e00   0x0000001c   Code   RO         1588    i.osMailFree        RTX_CM3.lib(rt_cmsis.o)
    0x00004e1c   0x00000016   Code   RO         1589    i.osMailGet         RTX_CM3.lib(rt_cmsis.o)
    0x00004e32   0x00000014   Code   RO         1590    i.osMailPut         RTX_CM3.lib(rt_cmsis.o)
    0x00004e46   0x00000002   PAD
    0x00004e48   0x00000018   Code   RO         1592    i.osMessageGet      RTX_CM3.lib(rt_cmsis.o)
    0x00004e60   0x00000018   Code   RO         1593    i.osMessagePut      RTX_CM3.lib(rt_cmsis.o)
    0x00004e78   0x0000002c   Code   RO         1594    i.osMutexCreate     RTX_CM3.lib(rt_cmsis.o)
    0x00004ea4   0x00000018   Code   RO         1596    i.osMutexRelease    RTX_CM3.lib(rt_cmsis.o)
    0x00004ebc   0x00000018   Code   RO         1597    i.osMutexWait       RTX_CM3.lib(rt_cmsis.o)
    0x00004ed4   0x00000018   Code   RO         1606    i.osSignalClear     RTX_CM3.lib(rt_cmsis.o)
    0x00004eec   0x00000018   Code   RO         1607    i.osSignalSet       RTX_CM3.lib(rt_cmsis.o)
    0x00004f04   0x00000018   Code   RO         1608    i.osSignalWait      RTX_CM3.lib(rt_cmsis.o)
    0x00004f1c   0x0000002c   Code   RO         1609    i.osThreadCreate    RTX_CM3.lib(rt_cmsis.o)
    0x00004f48   0x00000018   Code   RO         1610    i.osThreadExit      RTX_CM3.lib(rt_cmsis.o)
    0x00004f60   0x0000000c   Code   RO         1616    i.osTimerCall       RTX_CM3.lib(rt_cmsis.o)
    0x00004f6c   0x0000002c   Code   RO         1621    i.osTimerThread     RTX_CM3.lib(rt_cmsis.o)
    0x00004f98   0x00000022   Code   RO          635    i.os_error          rtx_conf_cm.o
    0x00004fba   0x00000004   Code   RO          636    i.os_idle_demon     rtx_conf_cm.o
    0x00004fbe   0x00000002   PAD
    0x00004fc0   0x00000028   Code   RO         2317    i.os_tick_init      RTX_CM3.lib(rt_system.o)
    0x00004fe8   0x00000002   Code   RO         2318    i.os_tick_irqack    RTX_CM3.lib(rt_system.o)
    0x00004fea   0x00000002   PAD
    0x00004fec   0x000000c8   Code   RO          475    i.rd_id_man         glcd_mcb1700.o
    0x000050b4   0x0000001a   Code   RO         2671    i.rt_alloc_box      RTX_CM3.lib(rt_membox.o)
    0x000050ce   0x0000003e   Code   RO         2699    i.rt_alloc_mem      RTX_CM3.lib(rt_memory.o)
    0x0000510c   0x00000038   Code   RO         2198    i.rt_block          RTX_CM3.lib(rt_task.o)
    0x00005144   0x00000048   Code   RO         2648    i.rt_chk_robin      RTX_CM3.lib(rt_robin.o)
    0x0000518c   0x00000070   Code   RO         2449    i.rt_dec_dly        RTX_CM3.lib(rt_list.o)
    0x000051fc   0x00000044   Code   RO         2199    i.rt_dispatch       RTX_CM3.lib(rt_task.o)
    0x00005240   0x00000006   Code   RO         2615    i.rt_dly_wait       RTX_CM3.lib(rt_time.o)
    0x00005246   0x00000002   PAD
    0x00005248   0x0000001c   Code   RO         2408    i.rt_evt_clr        RTX_CM3.lib(rt_event.o)
    0x00005264   0x00000050   Code   RO         2410    i.rt_evt_psh        RTX_CM3.lib(rt_event.o)
    0x000052b4   0x0000005c   Code   RO         2411    i.rt_evt_set        RTX_CM3.lib(rt_event.o)
    0x00005310   0x0000003c   Code   RO         2412    i.rt_evt_wait       RTX_CM3.lib(rt_event.o)
    0x0000534c   0x0000002c   Code   RO         2672    i.rt_free_box       RTX_CM3.lib(rt_membox.o)
    0x00005378   0x00000028   Code   RO         2700    i.rt_free_mem       RTX_CM3.lib(rt_memory.o)
    0x000053a0   0x00000028   Code   RO         2450    i.rt_get_first      RTX_CM3.lib(rt_list.o)
    0x000053c8   0x00000008   Code   RO         1626    i.rt_id2obj         RTX_CM3.lib(rt_cmsis.o)
    0x000053d0   0x00000048   Code   RO         2200    i.rt_init_context   RTX_CM3.lib(rt_task.o)
    0x00005418   0x0000001a   Code   RO         2701    i.rt_init_mem       RTX_CM3.lib(rt_memory.o)
    0x00005432   0x00000002   PAD
    0x00005434   0x00000018   Code   RO         2649    i.rt_init_robin     RTX_CM3.lib(rt_robin.o)
    0x0000544c   0x00000080   Code   RO         2726    i.rt_init_stack     RTX_CM3.lib(hal_cm.o)
    0x000054cc   0x00000008   Code   RO         2527    i.rt_mbx_check      RTX_CM3.lib(rt_mailbox.o)
    0x000054d4   0x0000001a   Code   RO         2528    i.rt_mbx_init       RTX_CM3.lib(rt_mailbox.o)
    0x000054ee   0x00000002   PAD
    0x000054f0   0x000000f0   Code   RO         2529    i.rt_mbx_psh        RTX_CM3.lib(rt_mailbox.o)
    0x000055e0   0x00000098   Code   RO         2530    i.rt_mbx_send       RTX_CM3.lib(rt_mailbox.o)
    0x00005678   0x000000b4   Code   RO         2531    i.rt_mbx_wait       RTX_CM3.lib(rt_mailbox.o)
    0x0000572c   0x00000044   Code   RO         1627    i.rt_ms2tick        RTX_CM3.lib(rt_cmsis.o)
    0x00005770   0x00000010   Code   RO         2283    i.rt_mut_init       RTX_CM3.lib(rt_mutex.o)
    0x00005780   0x000000d8   Code   RO         2284    i.rt_mut_release    RTX_CM3.lib(rt_mutex.o)
    0x00005858   0x00000078   Code   RO         2285    i.rt_mut_wait       RTX_CM3.lib(rt_mutex.o)
    0x000058d0   0x0000007c   Code   RO         2321    i.rt_pop_req        RTX_CM3.lib(rt_system.o)
    0x0000594c   0x00000020   Code   RO         2322    i.rt_psh_req        RTX_CM3.lib(rt_system.o)
    0x0000596c   0x0000005c   Code   RO         2452    i.rt_psq_enq        RTX_CM3.lib(rt_list.o)
    0x000059c8   0x00000048   Code   RO         2453    i.rt_put_dly        RTX_CM3.lib(rt_list.o)
    0x00005a10   0x00000036   Code   RO         2454    i.rt_put_prio       RTX_CM3.lib(rt_list.o)
    0x00005a46   0x00000002   PAD
    0x00005a48   0x00000014   Code   RO         2455    i.rt_put_rdy_first  RTX_CM3.lib(rt_list.o)
    0x00005a5c   0x00000034   Code   RO         2456    i.rt_resort_prio    RTX_CM3.lib(rt_list.o)
    0x00005a90   0x00000006   Code   RO         2727    i.rt_ret_val        RTX_CM3.lib(hal_cm.o)
    0x00005a96   0x00000008   Code   RO         2728    i.rt_ret_val2       RTX_CM3.lib(hal_cm.o)
    0x00005a9e   0x00000028   Code   RO         2457    i.rt_rmv_dly        RTX_CM3.lib(rt_list.o)
    0x00005ac6   0x00000002   PAD
    0x00005ac8   0x00000030   Code   RO         2458    i.rt_rmv_list       RTX_CM3.lib(rt_list.o)
    0x00005af8   0x00000034   Code   RO         2576    i.rt_sem_psh        RTX_CM3.lib(rt_semaphore.o)
    0x00005b2c   0x00000024   Code   RO         2324    i.rt_stk_check      RTX_CM3.lib(rt_system.o)
    0x00005b50   0x00000028   Code   RO         2201    i.rt_switch_req     RTX_CM3.lib(rt_task.o)
    0x00005b78   0x000000cc   Code   RO         2202    i.rt_sys_init       RTX_CM3.lib(rt_task.o)
    0x00005c44   0x00000078   Code   RO         2203    i.rt_sys_start      RTX_CM3.lib(rt_task.o)
    0x00005cbc   0x00000040   Code   RO         2326    i.rt_systick        RTX_CM3.lib(rt_system.o)
    0x00005cfc   0x00000012   Code   RO         1628    i.rt_tid2ptcb       RTX_CM3.lib(rt_cmsis.o)
    0x00005d0e   0x00000002   PAD
    0x00005d10   0x00000034   Code   RO         1629    i.rt_timer_insert   RTX_CM3.lib(rt_cmsis.o)
    0x00005d44   0x00000088   Code   RO         2204    i.rt_tsk_create     RTX_CM3.lib(rt_task.o)
    0x00005dcc   0x0000017c   Code   RO         2205    i.rt_tsk_delete     RTX_CM3.lib(rt_task.o)
    0x00005f48   0x0000007c   Code   RO         2207    i.rt_tsk_prio       RTX_CM3.lib(rt_task.o)
    0x00005fc4   0x00000010   Code   RO         2208    i.rt_tsk_self       RTX_CM3.lib(rt_task.o)
    0x00005fd4   0x00000050   Code   RO          252    i.servo_moteur_set_duty  pwm_moteur.o
    0x00006024   0x0000002c   Code   RO          476    i.spi_tran          glcd_mcb1700.o
    0x00006050   0x00000088   Code   RO          477    i.spi_tran_man      glcd_mcb1700.o
    0x000060d8   0x00000012   Code   RO         1631    i.svcDelay          RTX_CM3.lib(rt_cmsis.o)
    0x000060ea   0x00000002   PAD
    0x000060ec   0x00000070   Code   RO         1632    i.svcKernelInitialize  RTX_CM3.lib(rt_cmsis.o)
    0x0000615c   0x00000048   Code   RO         1634    i.svcKernelStart    RTX_CM3.lib(rt_cmsis.o)
    0x000061a4   0x00000042   Code   RO         1636    i.svcMailCreate     RTX_CM3.lib(rt_cmsis.o)
    0x000061e6   0x00000024   Code   RO         1637    i.svcMessageCreate  RTX_CM3.lib(rt_cmsis.o)
    0x0000620a   0x0000003a   Code   RO         1638    i.svcMessageGet     RTX_CM3.lib(rt_cmsis.o)
    0x00006244   0x00000036   Code   RO         1639    i.svcMessagePut     RTX_CM3.lib(rt_cmsis.o)
    0x0000627a   0x0000001c   Code   RO         1640    i.svcMutexCreate    RTX_CM3.lib(rt_cmsis.o)
    0x00006296   0x00000022   Code   RO         1642    i.svcMutexRelease   RTX_CM3.lib(rt_cmsis.o)
    0x000062b8   0x0000003a   Code   RO         1643    i.svcMutexWait      RTX_CM3.lib(rt_cmsis.o)
    0x000062f2   0x00000024   Code   RO         1649    i.svcSignalClear    RTX_CM3.lib(rt_cmsis.o)
    0x00006316   0x00000024   Code   RO         1650    i.svcSignalSet      RTX_CM3.lib(rt_cmsis.o)
    0x0000633a   0x00000002   PAD
    0x0000633c   0x00000054   Code   RO         1651    i.svcSignalWait     RTX_CM3.lib(rt_cmsis.o)
    0x00006390   0x0000006c   Code   RO         1652    i.svcThreadCreate   RTX_CM3.lib(rt_cmsis.o)
    0x000063fc   0x0000001c   Code   RO         1653    i.svcThreadGetId    RTX_CM3.lib(rt_cmsis.o)
    0x00006418   0x00000038   Code   RO         1656    i.svcThreadTerminate  RTX_CM3.lib(rt_cmsis.o)
    0x00006450   0x00000018   Code   RO         1658    i.svcTimerCall      RTX_CM3.lib(rt_cmsis.o)
    0x00006468   0x00000058   Code   RO         1663    i.sysMailAlloc      RTX_CM3.lib(rt_cmsis.o)
    0x000064c0   0x00000060   Code   RO         1664    i.sysMailFree       RTX_CM3.lib(rt_cmsis.o)
    0x00006520   0x0000005c   Code   RO         1667    i.sysTimerTick      RTX_CM3.lib(rt_cmsis.o)
    0x0000657c   0x0000004c   Code   RO          478    i.wr_cmd            glcd_mcb1700.o
    0x000065c8   0x00000034   Code   RO          479    i.wr_dat_only       glcd_mcb1700.o
    0x000065fc   0x00000018   Code   RO          480    i.wr_dat_start      glcd_mcb1700.o
    0x00006614   0x00000014   Code   RO          481    i.wr_dat_stop       glcd_mcb1700.o
    0x00006628   0x00000090   Code   RO          482    i.wr_reg            glcd_mcb1700.o
    0x000066b8   0x00000062   Code   RO         2892    x$fpl$d2f           fz_ws.l(d2f.o)
    0x0000671a   0x00000002   PAD
    0x0000671c   0x00000150   Code   RO         2894    x$fpl$dadd          fz_ws.l(daddsub_clz.o)
    0x0000686c   0x000002b0   Code   RO         2901    x$fpl$ddiv          fz_ws.l(ddiv.o)
    0x00006b1c   0x0000005e   Code   RO         2904    x$fpl$dfix          fz_ws.l(dfix.o)
    0x00006b7a   0x00000002   PAD
    0x00006b7c   0x0000005a   Code   RO         2908    x$fpl$dfixu         fz_ws.l(dfixu.o)
    0x00006bd6   0x0000002e   Code   RO         2913    x$fpl$dflt          fz_ws.l(dflt_clz.o)
    0x00006c04   0x00000026   Code   RO         2912    x$fpl$dfltu         fz_ws.l(dflt_clz.o)
    0x00006c2a   0x00000002   PAD
    0x00006c2c   0x00000154   Code   RO         2918    x$fpl$dmul          fz_ws.l(dmul.o)
    0x00006d80   0x0000009c   Code   RO         3032    x$fpl$dnaninf       fz_ws.l(dnaninf.o)
    0x00006e1c   0x0000000c   Code   RO         3034    x$fpl$dretinf       fz_ws.l(dretinf.o)
    0x00006e28   0x00000016   Code   RO         2895    x$fpl$drsb          fz_ws.l(daddsub_clz.o)
    0x00006e3e   0x00000002   PAD
    0x00006e40   0x000001d4   Code   RO         2896    x$fpl$dsub          fz_ws.l(daddsub_clz.o)
    0x00007014   0x00000056   Code   RO         2920    x$fpl$f2d           fz_ws.l(f2d.o)
    0x0000706a   0x00000002   PAD
    0x0000706c   0x00000036   Code   RO         2922    x$fpl$ffix          fz_ws.l(ffix.o)
    0x000070a2   0x00000002   PAD
    0x000070a4   0x00000026   Code   RO         2926    x$fpl$ffltu         fz_ws.l(fflt_clz.o)
    0x000070ca   0x00000002   PAD
    0x000070cc   0x00000102   Code   RO         2932    x$fpl$fmul          fz_ws.l(fmul.o)
    0x000071ce   0x0000008c   Code   RO         3036    x$fpl$fnaninf       fz_ws.l(fnaninf.o)
    0x0000725a   0x0000000a   Code   RO         3038    x$fpl$fretinf       fz_ws.l(fretinf.o)
    0x00007264   0x00000000   Code   RO         3040    x$fpl$usenofp       fz_ws.l(usenofp.o)
    0x00007264   0x00000060   Data   RO           12    .constdata          main.o
    0x000072c4   0x000018a0   Data   RO          441    .constdata          glcd_fonts.o
    0x00008b64   0x00000008   Data   RO          483    .constdata          glcd_mcb1700.o
    0x00008b6c   0x00000068   Data   RO          638    .constdata          rtx_conf_cm.o
    0x00008bd4   0x00000084   Data   RO          720    .constdata          ssp_lpc17xx.o
    0x00008c58   0x000003e4   Data   RO          969    .constdata          uart_lpc17xx.o
    0x0000903c   0x00000020   Data   RO         3163    Region$$Table       anon$$obj.o


    Execution Region ER_RW (Base: 0x10000000, Size: 0x00000098, Max: 0xffffffff, ABSOLUTE)

    Base Addr    Size         Type   Attr      Idx    E Section Name        Object

    0x10000000   0x0000003c   Data   RW           13    .data               main.o
    0x1000003c   0x00000009   Data   RW          484    .data               glcd_mcb1700.o
    0x10000045   0x00000003   PAD
    0x10000048   0x00000014   Data   RW          639    .data               rtx_conf_cm.o
    0x1000005c   0x00000008   Data   RW          721    .data               ssp_lpc17xx.o
    0x10000064   0x00000008   Data   RW         1363    .data               gpdma_lpc17xx.o
    0x1000006c   0x00000004   Data   RW         1542    .data               system_lpc17xx.o
    0x10000070   0x00000008   Data   RW         1670    .data               RTX_CM3.lib(rt_cmsis.o)
    0x10000078   0x00000008   Data   RW         2210    .data               RTX_CM3.lib(rt_task.o)
    0x10000080   0x00000008   Data   RW         2329    .data               RTX_CM3.lib(rt_system.o)
    0x10000088   0x00000004   Data   RW         2619    .data               RTX_CM3.lib(rt_time.o)
    0x1000008c   0x00000008   Data   RW         2650    .data               RTX_CM3.lib(rt_robin.o)
    0x10000094   0x00000001   Data   RW         2729    .data               RTX_CM3.lib(hal_cm.o)


    Execution Region ER_ZI (Base: 0x10000098, Size: 0x00007e28, Max: 0xffffffff, ABSOLUTE)

    Base Addr    Size         Type   Attr      Idx    E Section Name        Object

    0x10000098   0x00000378   Zero   RW           11    .bss                main.o
    0x10000410   0x00007650   Zero   RW          637    .bss                rtx_conf_cm.o
    0x10007a60   0x0000002c   Zero   RW          719    .bss                ssp_lpc17xx.o
    0x10007a8c   0x000000d0   Zero   RW          968    .bss                uart_lpc17xx.o
    0x10007b5c   0x000000a0   Zero   RW         1362    .bss                gpdma_lpc17xx.o
    0x10007bfc   0x00000034   Zero   RW         2209    .bss                RTX_CM3.lib(rt_task.o)
    0x10007c30   0x00000030   Zero   RW         2459    .bss                RTX_CM3.lib(rt_list.o)
    0x10007c60   0x00000060   Zero   RW         2787    .bss                c_w.l(libspace.o)
    0x10007cc0   0x00000000   Zero   RW         1528    HEAP                startup_lpc17xx.o
    0x10007cc0   0x00000200   Zero   RW         1527    STACK               startup_lpc17xx.o


==============================================================================

Image component sizes


      Code (inc. data)   RO Data    RW Data    ZI Data      Debug   Object Name

         0          0          0          0          0        880   buttons_mcb1700.o
       278          8          0          0          0       2753   dfplayermini.o
         0          0       6304          0          0        828   glcd_fonts.o
      2782        104          8          9          0      15906   glcd_mcb1700.o
      1212         94          0          8        160       8086   gpdma_lpc17xx.o
       172         18          0          0          0       2294   gpio_lpc17xx.o
      1200        236         96         60        888      40354   main.o
       148         20          0          0          0       1689   module_rfid.o
       252          6          0          0          0        804   pin_lpc17xx.o
       460         50          0          0          0      29594   pwm_moteur.o
       200         20          0          0          0      28704   reception_bluetooth.o
       126         26        104         20      30288       9243   rtx_conf_cm.o
      3932        106        132          8         44      53433   ssp_lpc17xx.o
        64         26        204          0        512       1060   startup_lpc17xx.o
       320         18          0          4          0        867   system_lpc17xx.o
      6810        430        996          0        208      59298   uart_lpc17xx.o

    ----------------------------------------------------------------------
     17968       1162       7876        112      32100     255793   Object Totals
         0          0         32          0          0          0   (incl. Generated)
        12          0          0          3          0          0   (incl. Padding)

    ----------------------------------------------------------------------

      Code (inc. data)   RO Data    RW Data    ZI Data      Debug   Library Member Name

       238         24          0          1          0       3268   hal_cm.o
       304         36          0          0          0        760   hal_cm3.o
      2098        214          0          8          0      48418   rt_cmsis.o
       300         24          0          0          0       3143   rt_event.o
       530         34          0          0         48       8169   rt_list.o
       706         14          0          0          0       4731   rt_mailbox.o
       140          0          0          0          0       1901   rt_membox.o
       128          0          0          0          0       2275   rt_memory.o
       352         14          0          0          0       2085   rt_mutex.o
        96         22          0          8          0       1134   rt_robin.o
        52          4          0          0          0        565   rt_semaphore.o
       298         52          0          8          0       6151   rt_system.o
      1216        174          0          8         52       9565   rt_task.o
         6          0          0          4          0        644   rt_time.o
         4          4          0          0          0        200   svc_table.o
         8          0          0          0          0         68   __main.o
       284          0          0          0          0        156   __printf_wp.o
         0          0          0          0          0          0   __rtentry.o
        20          0          0          0          0          0   __rtentry2.o
         6          0          0          0          0          0   __rtentry4.o
        52          8          0          0          0          0   __scatter.o
        26          0          0          0          0          0   __scatter_copy.o
        28          0          0          0          0          0   __scatter_zi.o
        44          0          0          0          0        108   _printf_char.o
        48          6          0          0          0         96   _printf_char_common.o
         6          0          0          0          0          0   _printf_d.o
       120         16          0          0          0         92   _printf_dec.o
       178          0          0          0          0         88   _printf_intcommon.o
        78          0          0          0          0        108   _printf_pad.o
         0          0          0          0          0          0   _printf_percent.o
         4          0          0          0          0          0   _printf_percent_end.o
         6          0          0          0          0          0   _printf_s.o
        82          0          0          0          0         80   _printf_str.o
        10          0          0          0          0         68   _sputc.o
        18          0          0          0          0         80   exit.o
         6          0          0          0          0        152   heapauxi.o
         0          0          0          0          0          0   indicate_semi.o
         2          0          0          0          0          0   libinit.o
         2          0          0          0          0          0   libinit2.o
         2          0          0          0          0          0   libshutdown.o
         2          0          0          0          0          0   libshutdown2.o
         8          4          0          0         96         68   libspace.o
       238          0          0          0          0        100   lludivv7m.o
        40          6          0          0          0         84   noretval__2sprintf.o
        78          0          0          0          0         80   rt_memclr_w.o
         2          0          0          0          0          0   rtexit.o
        10          0          0          0          0          0   rtexit2.o
       128          0          0          0          0         68   strcmpv7m.o
        12          4          0          0          0         68   sys_exit.o
        74          0          0          0          0         80   sys_stackheap_outer.o
         2          0          0          0          0         68   use_no_semi.o
        98          4          0          0          0         92   d2f.o
       826         16          0          0          0        348   daddsub_clz.o
       688        140          0          0          0        208   ddiv.o
        94          4          0          0          0         92   dfix.o
        90          4          0          0          0         92   dfixu.o
        84          0          0          0          0        136   dflt_clz.o
       340         12          0          0          0        104   dmul.o
       156          4          0          0          0         92   dnaninf.o
        12          0          0          0          0         68   dretinf.o
        86          4          0          0          0         84   f2d.o
        54          4          0          0          0         84   ffix.o
        38          0          0          0          0         68   fflt_clz.o
       258          4          0          0          0         84   fmul.o
       140          4          0          0          0         84   fnaninf.o
        10          0          0          0          0         68   fretinf.o
         0          0          0          0          0          0   usenofp.o

    ----------------------------------------------------------------------
     11112        860          0         40        196      96425   Library Totals
        46          0          0          3          0          0   (incl. Padding)

    ----------------------------------------------------------------------

      Code (inc. data)   RO Data    RW Data    ZI Data      Debug   Library Name

      6468        616          0         37        100      93009   RTX_CM3.lib
      1624         44          0          0         96       1712   c_w.l
      2974        200          0          0          0       1704   fz_ws.l

    ----------------------------------------------------------------------
     11112        860          0         40        196      96425   Library Totals

    ----------------------------------------------------------------------

==============================================================================


      Code (inc. data)   RO Data    RW Data    ZI Data      Debug   

     29080       2022       7876        152      32296     336406   Grand Totals
     29080       2022       7876        152      32296     336406   ELF Image Totals
     29080       2022       7876        152          0          0   ROM Totals

==============================================================================

    Total RO  Size (Code + RO Data)                36956 (  36.09kB)
    Total RW  Size (RW Data + ZI Data)             32448 (  31.69kB)
    Total ROM Size (Code + RO Data + RW Data)      37108 (  36.24kB)

==============================================================================

