Component: ARM Compiler 5.06 update 1 (build 61) Tool: armlink [4d35a8]

==============================================================================

Section Cross References

    main.o(i.TaskDFPlayer) refers to lib_uart.o(i.LinkDFPlayer) for LinkDFPlayer
    main.o(i.TaskDFPlayer) refers to rt_cmsis.o(i.osMailGet) for osMailGet
    main.o(i.TaskDFPlayer) refers to rt_cmsis.o(i.osMailFree) for osMailFree
    main.o(i.TaskDFPlayer) refers to rt_cmsis.o(i.osMutexWait) for osMutexWait
    main.o(i.TaskDFPlayer) refers to lib_uart.o(i.Send_DFPlayer_Command) for Send_DFPlayer_Command
    main.o(i.TaskDFPlayer) refers to lib_uart.o(i.tempo) for tempo
    main.o(i.TaskDFPlayer) refers to rt_cmsis.o(i.osMutexRelease) for osMutexRelease
    main.o(i.TaskDFPlayer) refers to main.o(.data) for ID_RFID2DFPlayer
    main.o(i.TaskMoteur) refers to lib_mot.o(i.Servo_Mot_Initialize) for Servo_Mot_Initialize
    main.o(i.TaskMoteur) refers to lib_mot.o(i.Mot_Initialize) for Mot_Initialize
    main.o(i.TaskMoteur) refers to lib_mot.o(i.Mot_Set_Duty) for Mot_Set_Duty
    main.o(i.TaskMoteur) refers to lib_mot.o(i.Servo_Mot_Set_Duty) for Servo_Mot_Set_Duty
    main.o(i.TaskRFID) refers to rt_cmsis.o(i.osMutexWait) for osMutexWait
    main.o(i.TaskRFID) refers to lib_uart.o(i.Read_RFID) for Read_RFID
    main.o(i.TaskRFID) refers to rt_cmsis.o(i.osMutexRelease) for osMutexRelease
    main.o(i.TaskRFID) refers to rt_cmsis.o(i.osMailGet) for osMailGet
    main.o(i.TaskRFID) refers to rt_cmsis.o(i.osMailFree) for osMailFree
    main.o(i.TaskRFID) refers to strcmpv7m.o(.text) for strcmp
    main.o(i.TaskRFID) refers to rt_cmsis.o(i.osMailAlloc) for osMailAlloc
    main.o(i.TaskRFID) refers to rt_cmsis.o(i.osMailPut) for osMailPut
    main.o(i.TaskRFID) refers to rt_cmsis.o(i.osSignalWait) for osSignalWait
    main.o(i.TaskRFID) refers to main.o(.data) for ID_Mutex_UART
    main.o(i.main) refers to lib_uart.o(i.Init_UART) for Init_UART
    main.o(i.main) refers to rt_cmsis.o(i.osKernelInitialize) for osKernelInitialize
    main.o(i.main) refers to rt_cmsis.o(i.osThreadCreate) for osThreadCreate
    main.o(i.main) refers to rt_cmsis.o(i.osMutexCreate) for osMutexCreate
    main.o(i.main) refers to rt_cmsis.o(i.osKernelStart) for osKernelStart
    main.o(i.main) refers to rt_cmsis.o(i.osDelay) for osDelay
    main.o(i.main) refers to main.o(.constdata) for os_thread_def_TaskDFPlayer
    main.o(i.main) refers to main.o(.data) for ID_DFPlayer
    main.o(.constdata) refers to main.o(i.TaskRFID) for TaskRFID
    main.o(.constdata) refers to main.o(i.TaskDFPlayer) for TaskDFPlayer
    main.o(.constdata) refers to main.o(i.TaskMoteur) for TaskMoteur
    main.o(.constdata) refers to main.o(.bss) for os_mutex_cb_Mutex_PWM
    main.o(.constdata) refers to main.o(.data) for os_mailQ_p_RFID2DFPlayer
    main.o(.data) refers to main.o(.bss) for os_mailQ_q_RFID2DFPlayer
    lib_uart.o(i.Init_UART) refers to uart_lpc17xx.o(.constdata) for Driver_USART0
    lib_uart.o(i.LinkDFPlayer) refers to uart_lpc17xx.o(.constdata) for Driver_USART0
    lib_uart.o(i.Read_RFID) refers to h1_alloc_mt.o(.text) for malloc
    lib_uart.o(i.Read_RFID) refers to uart_lpc17xx.o(.constdata) for Driver_USART1
    lib_uart.o(i.Send_DFPlayer_Command) refers to uart_lpc17xx.o(.constdata) for Driver_USART0
    lib_mot.o(i.Mot_Set_Duty) refers to fflt_clz.o(x$fpl$ffltu) for __aeabi_ui2f
    lib_mot.o(i.Mot_Set_Duty) refers to fmul.o(x$fpl$fmul) for __aeabi_fmul
    lib_mot.o(i.Mot_Set_Duty) refers to ffix.o(x$fpl$ffix) for __aeabi_f2iz
    lib_mot.o(i.Servo_Mot_Initialize) refers to faddsub_clz.o(x$fpl$fsub) for __aeabi_fsub
    lib_mot.o(i.Servo_Mot_Initialize) refers to f2d.o(x$fpl$f2d) for __aeabi_f2d
    lib_mot.o(i.Servo_Mot_Initialize) refers to dmul.o(x$fpl$dmul) for __aeabi_dmul
    lib_mot.o(i.Servo_Mot_Initialize) refers to dfix.o(x$fpl$dfix) for __aeabi_d2iz
    lib_mot.o(i.Servo_Mot_Initialize) refers to lib_mot.o(.data) for servo_duty
    lib_mot.o(i.Servo_Mot_Set_Duty) refers to lib_mot.o(.data) for servo_duty
    lib_mot.o(i.TIMER0_IRQHandler) refers to f2d.o(x$fpl$f2d) for __aeabi_f2d
    lib_mot.o(i.TIMER0_IRQHandler) refers to dmul.o(x$fpl$dmul) for __aeabi_dmul
    lib_mot.o(i.TIMER0_IRQHandler) refers to dfix.o(x$fpl$dfix) for __aeabi_d2iz
    lib_mot.o(i.TIMER0_IRQHandler) refers to faddsub_clz.o(x$fpl$fsub) for __aeabi_fsub
    lib_mot.o(i.TIMER0_IRQHandler) refers to lib_mot.o(.data) for servo_duty
    rtx_conf_cm.o(.emb_text) refers to rt_cmsis.o(i.osKernelInitialize) for osKernelInitialize
    rtx_conf_cm.o(.emb_text) refers to rt_cmsis.o(i.osThreadCreate) for osThreadCreate
    rtx_conf_cm.o(.emb_text) refers to rt_cmsis.o(i.osKernelStart) for osKernelStart
    rtx_conf_cm.o(.emb_text) refers to exit.o(.text) for exit
    rtx_conf_cm.o(.emb_text) refers to rtx_conf_cm.o(.constdata) for os_thread_def_main
[...]
    i.os_tick_irqack                         0x00003254   Section        0  rt_system.o(i.os_tick_irqack)
    i.rt_alloc_box                           0x00003256   Section        0  rt_membox.o(i.rt_alloc_box)
    i.rt_alloc_mem                           0x00003270   Section        0  rt_memory.o(i.rt_alloc_mem)
    i.rt_block                               0x000032b0   Section        0  rt_task.o(i.rt_block)
    i.rt_chk_robin                           0x000032e8   Section        0  rt_robin.o(i.rt_chk_robin)
    i.rt_dec_dly                             0x00003330   Section        0  rt_list.o(i.rt_dec_dly)
    i.rt_dispatch                            0x000033a0   Section        0  rt_task.o(i.rt_dispatch)
    i.rt_dly_wait                            0x000033e4   Section        0  rt_time.o(i.rt_dly_wait)
    i.rt_evt_psh                             0x000033ec   Section        0  rt_event.o(i.rt_evt_psh)
    i.rt_evt_wait                            0x0000343c   Section        0  rt_event.o(i.rt_evt_wait)
    i.rt_free_box                            0x00003478   Section        0  rt_membox.o(i.rt_free_box)
    i.rt_free_mem                            0x000034a4   Section        0  rt_memory.o(i.rt_free_mem)
    i.rt_get_first                           0x000034cc   Section        0  rt_list.o(i.rt_get_first)
    i.rt_id2obj                              0x000034f4   Section        0  rt_cmsis.o(i.rt_id2obj)
    rt_id2obj                                0x000034f5   Thumb Code     8  rt_cmsis.o(i.rt_id2obj)
    i.rt_init_context                        0x000034fc   Section        0  rt_task.o(i.rt_init_context)
    rt_init_context                          0x000034fd   Thumb Code    66  rt_task.o(i.rt_init_context)
    i.rt_init_mem                            0x00003544   Section        0  rt_memory.o(i.rt_init_mem)
    i.rt_init_robin                          0x00003560   Section        0  rt_robin.o(i.rt_init_robin)
    i.rt_init_stack                          0x00003578   Section        0  hal_cm.o(i.rt_init_stack)
    i.rt_mbx_check                           0x000035f8   Section        0  rt_mailbox.o(i.rt_mbx_check)
    i.rt_mbx_init                            0x00003600   Section        0  rt_mailbox.o(i.rt_mbx_init)
    i.rt_mbx_psh                             0x0000361c   Section        0  rt_mailbox.o(i.rt_mbx_psh)
    i.rt_mbx_send                            0x0000370c   Section        0  rt_mailbox.o(i.rt_mbx_send)
    i.rt_mbx_wait                            0x000037a4   Section        0  rt_mailbox.o(i.rt_mbx_wait)
    i.rt_ms2tick                             0x00003858   Section        0  rt_cmsis.o(i.rt_ms2tick)
    rt_ms2tick                               0x00003859   Thumb Code    58  rt_cmsis.o(i.rt_ms2tick)
    i.rt_mut_init                            0x0000389c   Section        0  rt_mutex.o(i.rt_mut_init)
    i.rt_mut_release                         0x000038ac   Section        0  rt_mutex.o(i.rt_mut_release)
    i.rt_mut_wait                            0x00003984   Section        0  rt_mutex.o(i.rt_mut_wait)
    i.rt_pop_req                             0x000039fc   Section        0  rt_system.o(i.rt_pop_req)
    i.rt_psh_req                             0x00003a78   Section        0  rt_system.o(i.rt_psh_req)
    i.rt_psq_enq                             0x00003a98   Section        0  rt_list.o(i.rt_psq_enq)
    i.rt_put_dly                             0x00003af4   Section        0  rt_list.o(i.rt_put_dly)
    i.rt_put_prio                            0x00003b3c   Section        0  rt_list.o(i.rt_put_prio)
    i.rt_put_rdy_first                       0x00003b74   Section        0  rt_list.o(i.rt_put_rdy_first)
    i.rt_resort_prio                         0x00003b88   Section        0  rt_list.o(i.rt_resort_prio)
    i.rt_ret_val                             0x00003bbc   Section        0  hal_cm.o(i.rt_ret_val)
    i.rt_ret_val2                            0x00003bc2   Section        0  hal_cm.o(i.rt_ret_val2)
    i.rt_rmv_dly                             0x00003bca   Section        0  rt_list.o(i.rt_rmv_dly)
    i.rt_rmv_list                            0x00003bf4   Section        0  rt_list.o(i.rt_rmv_list)
    i.rt_sem_psh                             0x00003c24   Section        0  rt_semaphore.o(i.rt_sem_psh)
    i.rt_stk_check                           0x00003c58   Section        0  rt_system.o(i.rt_stk_check)
    i.rt_switch_req                          0x00003c7c   Section        0  rt_task.o(i.rt_switch_req)
    i.rt_sys_init                            0x00003ca4   Section        0  rt_task.o(i.rt_sys_init)
    i.rt_sys_start                           0x00003d70   Section        0  rt_task.o(i.rt_sys_start)
    i.rt_systick                             0x00003de8   Section        0  rt_system.o(i.rt_systick)
    i.rt_tid2ptcb                            0x00003e28   Section        0  rt_cmsis.o(i.rt_tid2ptcb)
    rt_tid2ptcb                              0x00003e29   Thumb Code    18  rt_cmsis.o(i.rt_tid2ptcb)
    i.rt_timer_insert                        0x00003e3c   Section        0  rt_cmsis.o(i.rt_timer_insert)
    rt_timer_insert                          0x00003e3d   Thumb Code    48  rt_cmsis.o(i.rt_timer_insert)
    i.rt_tsk_create                          0x00003e70   Section        0  rt_task.o(i.rt_tsk_create)
    i.rt_tsk_delete                          0x00003ef8   Section        0  rt_task.o(i.rt_tsk_delete)
    i.rt_tsk_prio                            0x00004074   Section        0  rt_task.o(i.rt_tsk_prio)
    i.rt_tsk_self                            0x000040f0   Section        0  rt_task.o(i.rt_tsk_self)
    i.svcDelay                               0x00004100   Section        0  rt_cmsis.o(i.svcDelay)
    i.svcKernelInitialize                    0x00004114   Section        0  rt_cmsis.o(i.svcKernelInitialize)
    i.svcKernelStart                         0x00004184   Section        0  rt_cmsis.o(i.svcKernelStart)
    i.svcMessageCreate                       0x000041cc   Section        0  rt_cmsis.o(i.svcMessageCreate)
    i.svcMessageGet                          0x000041f0   Section        0  rt_cmsis.o(i.svcMessageGet)
    i.svcMessagePut                          0x0000422a   Section        0  rt_cmsis.o(i.svcMessagePut)
    i.svcMutexCreate                         0x00004260   Section        0  rt_cmsis.o(i.svcMutexCreate)
    i.svcMutexRelease                        0x0000427c   Section        0  rt_cmsis.o(i.svcMutexRelease)
    i.svcMutexWait                           0x0000429e   Section        0  rt_cmsis.o(i.svcMutexWait)
    i.svcSignalWait                          0x000042d8   Section        0  rt_cmsis.o(i.svcSignalWait)
    i.svcThreadCreate                        0x0000432c   Section        0  rt_cmsis.o(i.svcThreadCreate)
    i.svcThreadGetId                         0x00004398   Section        0  rt_cmsis.o(i.svcThreadGetId)
    i.svcThreadTerminate                     0x000043b4   Section        0  rt_cmsis.o(i.svcThreadTerminate)
    i.svcTimerCall                           0x000043ec   Section        0  rt_cmsis.o(i.svcTimerCall)
    i.sysMailAlloc                           0x00004404   Section        0  rt_cmsis.o(i.sysMailAlloc)
    i.sysMailFree                            0x0000445c   Section        0  rt_cmsis.o(i.sysMailFree)
    i.sysTimerTick                           0x000044bc   Section        0  rt_cmsis.o(i.sysTimerTick)
    i.tempo                                  0x00004518   Section        0  lib_uart.o(i.tempo)
    x$fpl$dfix                               0x0000452c   Section       94  dfix.o(x$fpl$dfix)
    x$fpl$dmul                               0x0000458c   Section      340  dmul.o(x$fpl$dmul)
    x$fpl$dnaninf                            0x000046e0   Section      156  dnaninf.o(x$fpl$dnaninf)
    x$fpl$dretinf                            0x0000477c   Section       12  dretinf.o(x$fpl$dretinf)
    x$fpl$f2d                                0x00004788   Section       86  f2d.o(x$fpl$f2d)
    x$fpl$fadd                               0x000047e0   Section      196  faddsub_clz.o(x$fpl$fadd)
    _fadd1                                   0x000047ef   Thumb Code     0  faddsub_clz.o(x$fpl$fadd)
    x$fpl$ffix                               0x000048a4   Section       54  ffix.o(x$fpl$ffix)
    x$fpl$ffltu                              0x000048dc   Section       38  fflt_clz.o(x$fpl$ffltu)
    x$fpl$fmul                               0x00004904   Section      258  fmul.o(x$fpl$fmul)
    x$fpl$fnaninf                            0x00004a06   Section      140  fnaninf.o(x$fpl$fnaninf)
    x$fpl$fretinf                            0x00004a92   Section       10  fretinf.o(x$fpl$fretinf)
    x$fpl$fsub                               0x00004a9c   Section      234  faddsub_clz.o(x$fpl$fsub)
    _fsub1                                   0x00004aab   Thumb Code     0  faddsub_clz.o(x$fpl$fsub)
    x$fpl$usenofp                            0x00004b86   Section        0  usenofp.o(x$fpl$usenofp)
    .constdata                               0x00004b88   Section      104  main.o(.constdata)
    .constdata                               0x00004bf0   Section      104  rtx_conf_cm.o(.constdata)
    __tagsym$$used                           0x00004c0c   Number         0  rtx_conf_cm.o(.constdata)
    __tagsym$$used                           0x00004c10   Number         0  rtx_conf_cm.o(.constdata)
    __tagsym$$used                           0x00004c14   Number         0  rtx_conf_cm.o(.constdata)
    __tagsym$$used                           0x00004c18   Number         0  rtx_conf_cm.o(.constdata)
    .constdata                               0x00004c58   Section      820  uart_lpc17xx.o(.constdata)
    usart_driver_version                     0x00004c58   Data           4  uart_lpc17xx.o(.constdata)
    fract_div_lookup_table                   0x00004c5c   Data         288  uart_lpc17xx.o(.constdata)
    USART0_pin_tx                            0x00004d7c   Data           2  uart_lpc17xx.o(.constdata)
    USART0_pin_rx                            0x00004d7e   Data           2  uart_lpc17xx.o(.constdata)
    UART0_DMA_Tx                             0x00004d80   Data           8  uart_lpc17xx.o(.constdata)
    UART0_DMA_Rx                             0x00004d88   Data           8  uart_lpc17xx.o(.constdata)
    USART0_Resources                         0x00004d90   Data         100  uart_lpc17xx.o(.constdata)
    USART1_pin_tx                            0x00004df4   Data           2  uart_lpc17xx.o(.constdata)
    USART1_pin_rx                            0x00004df6   Data           2  uart_lpc17xx.o(.constdata)
    USART1_DMA_Tx                            0x00004df8   Data           8  uart_lpc17xx.o(.constdata)
    USART1_DMA_Rx                            0x00004e00   Data           8  uart_lpc17xx.o(.constdata)
    USART1_Resources                         0x00004e08   Data         100  uart_lpc17xx.o(.constdata)
    USART2_pin_tx                            0x00004e6c   Data           2  uart_lpc17xx.o(.constdata)
    USART2_pin_rx                            0x00004e6e   Data           2  uart_lpc17xx.o(.constdata)
    USART2_DMA_Tx                            0x00004e70   Data           8  uart_lpc17xx.o(.constdata)
    USART2_DMA_Rx                            0x00004e78   Data           8  uart_lpc17xx.o(.constdata)
    USART2_Resources                         0x00004e80   Data         100  uart_lpc17xx.o(.constdata)
    .data                                    0x10000000   Section       68  main.o(.data)
    .data                                    0x10000044   Section        4  lib_mot.o(.data)
    .data                                    0x10000048   Section       20  rtx_conf_cm.o(.data)
    nr_mutex                                 0x10000058   Data           4  rtx_conf_cm.o(.data)
    .data                                    0x1000005c   Section        8  gpdma_lpc17xx.o(.data)
    Channel_active                           0x1000005c   Data           4  gpdma_lpc17xx.o(.data)
    Init_cnt                                 0x10000060   Data           4  gpdma_lpc17xx.o(.data)
    .data                                    0x10000064   Section        4  system_lpc17xx.o(.data)
    .data                                    0x10000068   Section        8  rt_cmsis.o(.data)
    .data                                    0x10000070   Section        8  rt_task.o(.data)
    .data                                    0x10000078   Section        8  rt_system.o(.data)
    os_lock                                  0x10000078   Data           1  rt_system.o(.data)
    os_psh_flag                              0x10000079   Data           1  rt_system.o(.data)
    pend_flags                               0x1000007a   Data           1  rt_system.o(.data)
    .data                                    0x10000080   Section        4  rt_time.o(.data)
    .data                                    0x10000084   Section        8  rt_robin.o(.data)
    .data                                    0x1000008c   Section        1  hal_cm.o(.data)
    .bss                                     0x10000090   Section      176  main.o(.bss)
    .bss                                     0x10000140   Section     3016  rtx_conf_cm.o(.bss)
    std_libspace                             0x100009e8   Data         672  rtx_conf_cm.o(.bss)
    std_libmutex                             0x10000c88   Data         128  rtx_conf_cm.o(.bss)
    .bss                                     0x10000d08   Section      156  uart_lpc17xx.o(.bss)
    USART0_Info                              0x10000d08   Data          52  uart_lpc17xx.o(.bss)
    USART1_Info                              0x10000d3c   Data          52  uart_lpc17xx.o(.bss)
    USART2_Info                              0x10000d70   Data          52  uart_lpc17xx.o(.bss)
    .bss                                     0x10000da4   Section      160  gpdma_lpc17xx.o(.bss)
    Channel_info                             0x10000da4   Data         160  gpdma_lpc17xx.o(.bss)
    .bss                                     0x10000e44   Section       52  rt_task.o(.bss)
    .bss                                     0x10000e78   Section       48  rt_list.o(.bss)
    .bss                                     0x10000ea8   Section       96  libspace.o(.bss)
    HEAP                                     0x10000f08   Section        0  startup_lpc17xx.o(HEAP)
    STACK                                    0x10000f08   Section      512  startup_lpc17xx.o(STACK)
    Heap_Mem                                 0x10000f08   Data           0  startup_lpc17xx.o(HEAP)
    Stack_Mem                                0x10000f08   Data         512  startup_lpc17xx.o(STACK)
    __initial_sp                             0x10001108   Data           0  startup_lpc17xx.o(STACK)

    Global Symbols

    Symbol Name                              Value     Ov Type        Size  Object(Section)

    BuildAttributes$$THM_ISAv4$P$D$K$B$S$PE$A:L22UL41UL21$X:L11$S22US41US21$IEEE1$IW$USESV6$~STKCKD$USESV7$~SHL$OTIME$ROPI$EBA8$UX$STANDARDLIB$REQ8$PRES8$EABIv2 0x00000000   Number         0  anon$$obj.o ABSOLUTE
    __ARM_use_no_argv                        0x00000000   Number         0  main.o ABSOLUTE
    __Vectors                                0x00000000   Data           4  startup_lpc17xx.o(RESET)
    __ARM_exceptions_init                     - Undefined Weak Reference
    __alloca_initialize                       - Undefined Weak Reference
    __arm_preinit_                            - Undefined Weak Reference
    __cpp_initialize__aeabi_                  - Undefined Weak Reference
    __cxa_finalize                            - Undefined Weak Reference
    __rt_locale                               - Undefined Weak Reference
    __sigvec_lookup                           - Undefined Weak Reference
    __user_heap_extent                        - Undefined Weak Reference
    _atexit_init                              - Undefined Weak Reference
    _call_atexit_fns                          - Undefined Weak Reference
    _clock_init                               - Undefined Weak Reference
    _fp_trap_init                             - Undefined Weak Reference
    _fp_trap_shutdown                         - Undefined Weak Reference
    _get_lc_collate                           - Undefined Weak Reference
    _get_lc_ctype                             - Undefined Weak Reference
    _get_lc_monetary                          - Undefined Weak Reference
    _get_lc_numeric                           - Undefined Weak Reference
    _get_lc_time                              - Undefined Weak Reference
    _getenv_init                              - Undefined Weak Reference
    _handle_redirection                       - Undefined Weak Reference
    _initio                                   - Undefined Weak Reference
    _mutex_free                               - Undefined Weak Reference
    _rand_init                                - Undefined Weak Reference
    _signal_finish                            - Undefined Weak Reference
    _signal_init                              - Undefined Weak Reference
    _terminateio                              - Undefined Weak Reference
    __main                                   0x000000cd   Thumb Code     8  __main.o(!!!main)
    __scatterload                            0x000000d5   Thumb Code     0  __scatter.o(!!!scatter)
    __scatterload_rt2                        0x000000d5   Thumb Code    44  __scatter.o(!!!scatter)
    __scatterload_rt2_thumb_only             0x000000d5   Thumb Code     0  __scatter.o(!!!scatter)
    __scatterload_null                       0x000000e3   Thumb Code     0  __scatter.o(!!!scatter)
    __scatterload_copy                       0x00000109   Thumb Code    26  __scatter_copy.o(!!handler_copy)
    __scatterload_zeroinit                   0x00000125   Thumb Code    28  __scatter_zi.o(!!handler_zi)
    __rt_lib_init                            0x00000141   Thumb Code     0  libinit.o(.ARM.Collect$$libinit$$00000000)
    __rt_lib_init_fp_1                       0x00000143   Thumb Code     0  libinit2.o(.ARM.Collect$$libinit$$00000002)
    __rt_lib_init_heap_2                     0x00000143   Thumb Code     0  libinit2.o(.ARM.Collect$$libinit$$00000005)
    __rt_lib_init_preinit_1                  0x00000143   Thumb Code     0  libinit2.o(.ARM.Collect$$libinit$$00000004)
    __rt_lib_init_alloca_1                   0x0000014b   Thumb Code     0  libinit2.o(.ARM.Collect$$libinit$$0000002E)
    __rt_lib_init_argv_1                     0x0000014b   Thumb Code     0  libinit2.o(.ARM.Collect$$libinit$$0000002C)
    __rt_lib_init_atexit_1                   0x0000014b   Thumb Code     0  libinit2.o(.ARM.Collect$$libinit$$0000001B)
    __rt_lib_init_clock_1                    0x0000014b   Thumb Code     0  libinit2.o(.ARM.Collect$$libinit$$00000021)
    __rt_lib_init_cpp_1                      0x0000014b   Thumb Code     0  libinit2.o(.ARM.Collect$$libinit$$00000032)
    __rt_lib_init_exceptions_1               0x0000014b   Thumb Code     0  libinit2.o(.ARM.Collect$$libinit$$00000030)
    __rt_lib_init_fp_trap_1                  0x0000014b   Thumb Code     0  libinit2.o(.ARM.Collect$$libinit$$0000001F)
    __rt_lib_init_getenv_1                   0x0000014b   Thumb Code     0  libinit2.o(.ARM.Collect$$libinit$$00000023)
    __rt_lib_init_heap_1                     0x0000014b   Thumb Code     0  libinit2.o(.ARM.Collect$$libinit$$0000000A)
    __rt_lib_init_lc_collate_1               0x0000014b   Thumb Code     0  libinit2.o(.ARM.Collect$$libinit$$00000011)
    __rt_lib_init_lc_ctype_1                 0x0000014b   Thumb Code     0  libinit2.o(.ARM.Collect$$libinit$$00000013)
    __rt_lib_init_lc_monetary_1              0x0000014b   Thumb Code     0  libinit2.o(.ARM.Collect$$libinit$$00000015)
    __rt_lib_init_lc_numeric_1               0x0000014b   Thumb Code     0  libinit2.o(.ARM.Collect$$libinit$$00000017)
    __rt_lib_init_lc_time_1                  0x0000014b   Thumb Code     0  libinit2.o(.ARM.Collect$$libinit$$00000019)
    __rt_lib_init_rand_1                     0x0000014b   Thumb Code     0  libinit2.o(.ARM.Collect$$libinit$$0000000E)
    __rt_lib_init_return                     0x0000014b   Thumb Code     0  libinit2.o(.ARM.Collect$$libinit$$00000033)
    __rt_lib_init_signal_1                   0x0000014b   Thumb Code     0  libinit2.o(.ARM.Collect$$libinit$$0000001D)
    __rt_lib_init_stdio_1                    0x0000014b   Thumb Code     0  libinit2.o(.ARM.Collect$$libinit$$00000025)
    __rt_lib_init_user_alloc_1               0x0000014b   Thumb Code     0  libinit2.o(.ARM.Collect$$libinit$$0000000C)
    __rt_lib_shutdown                        0x0000014d   Thumb Code     0  libshutdown.o(.ARM.Collect$$libshutdown$$00000000)
    __rt_lib_shutdown_cpp_1                  0x0000014f   Thumb Code     0  libshutdown2.o(.ARM.Collect$$libshutdown$$00000002)
    __rt_lib_shutdown_fp_trap_1              0x0000014f   Thumb Code     0  libshutdown2.o(.ARM.Collect$$libshutdown$$00000007)
    __rt_lib_shutdown_heap_1                 0x0000014f   Thumb Code     0  libshutdown2.o(.ARM.Collect$$libshutdown$$0000000F)
    __rt_lib_shutdown_return                 0x0000014f   Thumb Code     0  libshutdown2.o(.ARM.Collect$$libshutdown$$00000010)
    __rt_lib_shutdown_signal_1               0x0000014f   Thumb Code     0  libshutdown2.o(.ARM.Collect$$libshutdown$$0000000A)
    __rt_lib_shutdown_stdio_1                0x0000014f   Thumb Code     0  libshutdown2.o(.ARM.Collect$$libshutdown$$00000004)
    __rt_lib_shutdown_user_alloc_1           0x0000014f   Thumb Code     0  libshutdown2.o(.ARM.Collect$$libshutdown$$0000000C)
    __rt_entry                               0x00000151   Thumb Code     0  __rtentry.o(.ARM.Collect$$rtentry$$00000000)
    __rt_entry_presh_1                       0x00000151   Thumb Code     0  __rtentry2.o(.ARM.Collect$$rtentry$$00000002)
    __rt_entry_sh                            0x00000151   Thumb Code     0  __rtentry4.o(.ARM.Collect$$rtentry$$00000004)
    __rt_entry_li                            0x00000157   Thumb Code     0  __rtentry2.o(.ARM.Collect$$rtentry$$0000000A)
    __rt_entry_postsh_1                      0x00000157   Thumb Code     0  __rtentry2.o(.ARM.Collect$$rtentry$$00000009)
    __rt_entry_postli_1                      0x0000015b   Thumb Code     0  __rtentry2.o(.ARM.Collect$$rtentry$$0000000B)
    __rt_entry_main                          0x00000163   Thumb Code     0  __rtentry2.o(.ARM.Collect$$rtentry$$0000000D)
    __rt_exit                                0x0000016b   Thumb Code     0  rtexit.o(.ARM.Collect$$rtexit$$00000000)
    __rt_exit_ls                             0x0000016d   Thumb Code     0  rtexit2.o(.ARM.Collect$$rtexit$$00000003)
    __rt_exit_prels_1                        0x0000016d   Thumb Code     0  rtexit2.o(.ARM.Collect$$rtexit$$00000002)
    __rt_exit_exit                           0x00000171   Thumb Code     0  rtexit2.o(.ARM.Collect$$rtexit$$00000004)
    _platform_post_lib_init                  0x00000179   Thumb Code    24  rtx_conf_cm.o(.emb_text)
    rt_set_PSP                               0x00000195   Thumb Code     6  hal_cm3.o(.emb_text)
    rt_get_PSP                               0x0000019b   Thumb Code     6  hal_cm3.o(.emb_text)
    os_set_env                               0x000001a1   Thumb Code    24  hal_cm3.o(.emb_text)
    _alloc_box                               0x000001bd   Thumb Code    28  hal_cm3.o(.emb_text)
    _free_box                                0x000001dd   Thumb Code    28  hal_cm3.o(.emb_text)
    SVC_Handler                              0x000001fd   Thumb Code   108  hal_cm3.o(.emb_text)
    PendSV_Handler                           0x00000275   Thumb Code    56  hal_cm3.o(.emb_text)
    SysTick_Handler                          0x000002b1   Thumb Code     8  hal_cm3.o(.emb_text)
    OS_Tick_Handler                          0x000002b9   Thumb Code    12  hal_cm3.o(.emb_text)
    __user_libspace                          0x000002c5   Thumb Code     8  libspace.o(.text)
    __user_perproc_libspace                  0x000002c5   Thumb Code     0  libspace.o(.text)
    _maybe_terminate_alloc                   0x000002c5   Thumb Code     0  maybetermalloc1.o(.emb_text)
    exit                                     0x000002cd   Thumb Code    18  exit.o(.text)
    __use_two_region_memory                  0x000002df   Thumb Code     2  heapauxi.o(.text)
    __rt_heap_escrow                         0x000002e1   Thumb Code     2  heapauxi.o(.text)
    __rt_heap_expand                         0x000002e3   Thumb Code     2  heapauxi.o(.text)
    __rt_heap_descriptor                     0x000002e5   Thumb Code    10  rt_heap_descriptor_twolibspace.o(.text)
    __use_no_heap                            0x000002ef   Thumb Code     2  hguard.o(.text)
    __heap$guard                             0x000002f1   Thumb Code     2  hguard.o(.text)
    __I$use$semihosting                      0x000002f3   Thumb Code     0  use_no_semi.o(.text)
    __use_no_semihosting_swi                 0x000002f3   Thumb Code     2  use_no_semi.o(.text)
    SVC_Count                                0x000002f4   Data           4  svc_table.o(SVC_TABLE)
    __semihosting_library_function           0x000002f5   Thumb Code     0  indicate_semi.o(.text)
    SVC_Table                                0x000002f8   Data           0  svc_table.o(SVC_TABLE)
    os_idle_demon                            0x000002f9   Thumb Code     4  rtx_conf_cm.o(i.os_idle_demon)
    Reset_Handler                            0x00000301   Thumb Code     8  startup_lpc17xx.o(.text)
    NMI_Handler                              0x00000309   Thumb Code     2  startup_lpc17xx.o(.text)
    HardFault_Handler                        0x0000030b   Thumb Code     2  startup_lpc17xx.o(.text)
    MemManage_Handler                        0x0000030d   Thumb Code     2  startup_lpc17xx.o(.text)
    BusFault_Handler                         0x0000030f   Thumb Code     2  startup_lpc17xx.o(.text)
    UsageFault_Handler                       0x00000311   Thumb Code     2  startup_lpc17xx.o(.text)
    DebugMon_Handler                         0x00000315   Thumb Code     2  startup_lpc17xx.o(.text)
    ADC_IRQHandler                           0x0000031b   Thumb Code     0  startup_lpc17xx.o(.text)
    BOD_IRQHandler                           0x0000031b   Thumb Code     0  startup_lpc17xx.o(.text)
    CANActivity_IRQHandler                   0x0000031b   Thumb Code     0  startup_lpc17xx.o(.text)
    CAN_IRQHandler                           0x0000031b   Thumb Code     0  startup_lpc17xx.o(.text)
    EINT0_IRQHandler                         0x0000031b   Thumb Code     0  startup_lpc17xx.o(.text)
    EINT1_IRQHandler                         0x0000031b   Thumb Code     0  startup_lpc17xx.o(.text)
    EINT2_IRQHandler                         0x0000031b   Thumb Code     0  startup_lpc17xx.o(.text)
    EINT3_IRQHandler                         0x0000031b   Thumb Code     0  startup_lpc17xx.o(.text)
    ENET_IRQHandler                          0x0000031b   Thumb Code     0  startup_lpc17xx.o(.text)
    I2C0_IRQHandler                          0x0000031b   Thumb Code     0  startup_lpc17xx.o(.text)
    I2C1_IRQHandler                          0x0000031b   Thumb Code     0  startup_lpc17xx.o(.text)
    I2C2_IRQHandler                          0x0000031b   Thumb Code     0  startup_lpc17xx.o(.text)
    I2S_IRQHandler                           0x0000031b   Thumb Code     0  startup_lpc17xx.o(.text)
    MCPWM_IRQHandler                         0x0000031b   Thumb Code     0  startup_lpc17xx.o(.text)
    PLL0_IRQHandler                          0x0000031b   Thumb Code     0  startup_lpc17xx.o(.text)
    PLL1_IRQHandler                          0x0000031b   Thumb Code     0  startup_lpc17xx.o(.text)
    PWM1_IRQHandler                          0x0000031b   Thumb Code     0  startup_lpc17xx.o(.text)
    QEI_IRQHandler                           0x0000031b   Thumb Code     0  startup_lpc17xx.o(.text)
    RIT_IRQHandler                           0x0000031b   Thumb Code     0  startup_lpc17xx.o(.text)
    RTC_IRQHandler                           0x0000031b   Thumb Code     0  startup_lpc17xx.o(.text)
    SPI_IRQHandler                           0x0000031b   Thumb Code     0  startup_lpc17xx.o(.text)
    SSP0_IRQHandler                          0x0000031b   Thumb Code     0  startup_lpc17xx.o(.text)
    SSP1_IRQHandler                          0x0000031b   Thumb Code     0  startup_lpc17xx.o(.text)
    TIMER1_IRQHandler                        0x0000031b   Thumb Code     0  startup_lpc17xx.o(.text)
    TIMER2_IRQHandler                        0x0000031b   Thumb Code     0  startup_lpc17xx.o(.text)
    TIMER3_IRQHandler                        0x0000031b   Thumb Code     0  startup_lpc17xx.o(.text)
    UART3_IRQHandler                         0x0000031b   Thumb Code     0  startup_lpc17xx.o(.text)
    USBActivity_IRQHandler                   0x0000031b   Thumb Code     0  startup_lpc17xx.o(.text)
    USB_IRQHandler                           0x0000031b   Thumb Code     0  startup_lpc17xx.o(.text)
    WDT_IRQHandler                           0x0000031b   Thumb Code     0  startup_lpc17xx.o(.text)
    __user_initial_stackheap                 0x0000031d   Thumb Code     0  startup_lpc17xx.o(.text)
    _malloc_internal                         0x00000345   Thumb Code   130  h1_alloc_mt.o(.text)
    malloc                                   0x000003c7   Thumb Code    20  h1_alloc_mt.o(.text)
    __aeabi_uldivmod                         0x000003db   Thumb Code     0  lludivv7m.o(.text)
    _ll_udiv                                 0x000003db   Thumb Code   238  lludivv7m.o(.text)
    __RL_RTX_VER                             0x00000482   Number         0  rt_system.o ABSOLUTE
    strcmp                                   0x000004c9   Thumb Code   128  strcmpv7m.o(.text)
    _terminate_user_alloc                    0x00000549   Thumb Code     2  init_alloc.o(.text)
    _init_user_alloc                         0x0000054b   Thumb Code     2  init_alloc.o(.text)
    __Heap_Full                              0x0000054d   Thumb Code    34  init_alloc.o(.text)
    __Heap_Broken                            0x0000056f   Thumb Code     6  init_alloc.o(.text)
    _init_alloc                              0x00000575   Thumb Code    94  init_alloc.o(.text)
    __Heap_Initialize                        0x000005d3   Thumb Code    14  h1_init_mt.o(.text)
    __Heap_DescSize                          0x000005e1   Thumb Code     4  h1_init_mt.o(.text)
    _free_internal                           0x000005e5   Thumb Code    98  h1_free_mt.o(.text)
    free                                     0x00000647   Thumb Code    20  h1_free_mt.o(.text)
    __Heap_ProvideMemory                     0x0000065b   Thumb Code    62  h1_extend_mt.o(.text)
    __rt_SIGRTMEM                            0x00000699   Thumb Code    14  defsig_rtmem_outer.o(.text)
    _sys_exit                                0x000006a9   Thumb Code     8  sys_exit.o(.text)
    __user_setup_stackheap                   0x000006b5   Thumb Code    74  sys_stackheap_outer.o(.text)
    __sig_exit                               0x000006ff   Thumb Code    10  defsig_exit.o(.text)
    __rt_SIGRTMEM_inner                      0x00000709   Thumb Code    22  defsig_rtmem_inner.o(.text)
    __default_signal_display                 0x00000759   Thumb Code    50  defsig_general.o(.text)
    _ttywrch                                 0x0000078b   Thumb Code    14  sys_wrch.o(.text)
    DMA_IRQHandler                           0x000007b9   Thumb Code   372  gpdma_lpc17xx.o(i.DMA_IRQHandler)
    GPDMA_ChannelConfigure                   0x00000939   Thumb Code   232  gpdma_lpc17xx.o(i.GPDMA_ChannelConfigure)
    GPDMA_ChannelDisable                     0x00000a2d   Thumb Code    44  gpdma_lpc17xx.o(i.GPDMA_ChannelDisable)
    GPDMA_ChannelGetCount                    0x00000a5d   Thumb Code    38  gpdma_lpc17xx.o(i.GPDMA_ChannelGetCount)
    GPDMA_Initialize                         0x00000a8d   Thumb Code   154  gpdma_lpc17xx.o(i.GPDMA_Initialize)
    GPDMA_PeripheralSelect                   0x00000b3d   Thumb Code    62  gpdma_lpc17xx.o(i.GPDMA_PeripheralSelect)
    GPDMA_Uninitialize                       0x00000b81   Thumb Code   116  gpdma_lpc17xx.o(i.GPDMA_Uninitialize)
    Init_UART                                0x00000c45   Thumb Code   148  lib_uart.o(i.Init_UART)
    LinkDFPlayer                             0x00000ce5   Thumb Code    40  lib_uart.o(i.LinkDFPlayer)
    Mot_Initialize                           0x00000d1d   Thumb Code    72  lib_mot.o(i.Mot_Initialize)
    Mot_Set_Duty                             0x00000d71   Thumb Code    34  lib_mot.o(i.Mot_Set_Duty)
    PIN_Configure                            0x00000d99   Thumb Code   246  pin_lpc17xx.o(i.PIN_Configure)
    Read_RFID                                0x00000e95   Thumb Code    36  lib_uart.o(i.Read_RFID)
    Send_DFPlayer_Command                    0x00000ebd   Thumb Code   136  lib_uart.o(i.Send_DFPlayer_Command)
    Servo_Mot_Initialize                     0x00000f49   Thumb Code   174  lib_mot.o(i.Servo_Mot_Initialize)
    Servo_Mot_Set_Duty                       0x00001011   Thumb Code     6  lib_mot.o(i.Servo_Mot_Set_Duty)
    SystemInit                               0x00001055   Thumb Code   302  system_lpc17xx.o(i.SystemInit)
    TIMER0_IRQHandler                        0x00001195   Thumb Code   130  lib_mot.o(i.TIMER0_IRQHandler)
    TaskDFPlayer                             0x00001221   Thumb Code   350  main.o(i.TaskDFPlayer)
    TaskMoteur                               0x00001395   Thumb Code    30  main.o(i.TaskMoteur)
    TaskRFID                                 0x000013c1   Thumb Code   142  main.o(i.TaskRFID)
    UART0_IRQHandler                         0x0000146d   Thumb Code    10  uart_lpc17xx.o(i.UART0_IRQHandler)
    UART1_IRQHandler                         0x0000147d   Thumb Code    10  uart_lpc17xx.o(i.UART1_IRQHandler)
    UART2_IRQHandler                         0x0000148d   Thumb Code    10  uart_lpc17xx.o(i.UART2_IRQHandler)
    USART0_GPDMA_Rx_Event                    0x000014b5   Thumb Code    14  uart_lpc17xx.o(i.USART0_GPDMA_Rx_Event)
    USART0_GPDMA_Tx_Event                    0x000014c9   Thumb Code    14  uart_lpc17xx.o(i.USART0_GPDMA_Tx_Event)
    USART1_GPDMA_Rx_Event                    0x000015dd   Thumb Code    14  uart_lpc17xx.o(i.USART1_GPDMA_Rx_Event)
    USART1_GPDMA_Tx_Event                    0x000015f1   Thumb Code    14  uart_lpc17xx.o(i.USART1_GPDMA_Tx_Event)
    USART2_GPDMA_Rx_Event                    0x00001705   Thumb Code    14  uart_lpc17xx.o(i.USART2_GPDMA_Rx_Event)
    USART2_GPDMA_Tx_Event                    0x00001719   Thumb Code    14  uart_lpc17xx.o(i.USART2_GPDMA_Tx_Event)
    USART_SetBaudrate                        0x00002a25   Thumb Code   314  uart_lpc17xx.o(i.USART_SetBaudrate)
    _init_box                                0x00002da9   Thumb Code    70  rt_membox.o(i._init_box)
    _mutex_acquire                           0x00002df1   Thumb Code    22  rtx_conf_cm.o(i._mutex_acquire)
    _mutex_initialize                        0x00002e11   Thumb Code    34  rtx_conf_cm.o(i._mutex_initialize)
    _mutex_release                           0x00002e3d   Thumb Code    18  rtx_conf_cm.o(i._mutex_release)
    dbg_init                                 0x00002e59   Thumb Code    34  hal_cm.o(i.dbg_init)
    dbg_task_notify                          0x00002e89   Thumb Code    32  hal_cm.o(i.dbg_task_notify)
    dbg_task_switch                          0x00002ea9   Thumb Code    16  hal_cm.o(i.dbg_task_switch)
    isrMessageGet                            0x00002eb9   Thumb Code    42  rt_cmsis.o(i.isrMessageGet)
    isrMessagePut                            0x00002ee3   Thumb Code    44  rt_cmsis.o(i.isrMessagePut)
    isr_mbx_receive                          0x00002f11   Thumb Code    86  rt_mailbox.o(i.isr_mbx_receive)
    isr_mbx_send                             0x00002f67   Thumb Code    14  rt_mailbox.o(i.isr_mbx_send)
    main                                     0x00002f75   Thumb Code    72  main.o(i.main)
    osDelay                                  0x00002fdd   Thumb Code    18  rt_cmsis.o(i.osDelay)
    osKernelInitialize                       0x00002ff5   Thumb Code    30  rt_cmsis.o(i.osKernelInitialize)
    osKernelStart                            0x00003019   Thumb Code    98  rt_cmsis.o(i.osKernelStart)
    osMailAlloc                              0x00003085   Thumb Code    22  rt_cmsis.o(i.osMailAlloc)
    osMailFree                               0x000030a1   Thumb Code    22  rt_cmsis.o(i.osMailFree)
    osMailGet                                0x000030bd   Thumb Code    22  rt_cmsis.o(i.osMailGet)
    osMailPut                                0x000030d3   Thumb Code    20  rt_cmsis.o(i.osMailPut)
    osMessageGet                             0x000030e9   Thumb Code    18  rt_cmsis.o(i.osMessageGet)
    osMessagePut                             0x00003101   Thumb Code    18  rt_cmsis.o(i.osMessagePut)
    osMutexCreate                            0x00003119   Thumb Code    36  rt_cmsis.o(i.osMutexCreate)
    osMutexRelease                           0x00003145   Thumb Code    18  rt_cmsis.o(i.osMutexRelease)
    osMutexWait                              0x0000315d   Thumb Code    18  rt_cmsis.o(i.osMutexWait)
    osSignalWait                             0x00003175   Thumb Code    18  rt_cmsis.o(i.osSignalWait)
    osThreadCreate                           0x0000318d   Thumb Code    36  rt_cmsis.o(i.osThreadCreate)
    osThreadExit                             0x000031b9   Thumb Code    14  rt_cmsis.o(i.osThreadExit)
    osTimerCall                              0x000031d1   Thumb Code     8  rt_cmsis.o(i.osTimerCall)
    osTimerThread                            0x000031dd   Thumb Code    38  rt_cmsis.o(i.osTimerThread)
    os_error                                 0x00003209   Thumb Code    34  rtx_conf_cm.o(i.os_error)
    os_tick_init                             0x0000322d   Thumb Code    32  rt_system.o(i.os_tick_init)
    os_tick_irqack                           0x00003255   Thumb Code     2  rt_system.o(i.os_tick_irqack)
    rt_alloc_box                             0x00003257   Thumb Code    26  rt_membox.o(i.rt_alloc_box)
    rt_alloc_mem                             0x00003271   Thumb Code    62  rt_memory.o(i.rt_alloc_mem)
    rt_block                                 0x000032b1   Thumb Code    48  rt_task.o(i.rt_block)
    rt_chk_robin                             0x000032e9   Thumb Code    60  rt_robin.o(i.rt_chk_robin)
    rt_dec_dly                               0x00003331   Thumb Code   102  rt_list.o(i.rt_dec_dly)
    rt_dispatch                              0x000033a1   Thumb Code    60  rt_task.o(i.rt_dispatch)
    rt_dly_wait                              0x000033e5   Thumb Code     6  rt_time.o(i.rt_dly_wait)
    rt_evt_psh                               0x000033ed   Thumb Code    76  rt_event.o(i.rt_evt_psh)
    rt_evt_wait                              0x0000343d   Thumb Code    56  rt_event.o(i.rt_evt_wait)
    rt_free_box                              0x00003479   Thumb Code    44  rt_membox.o(i.rt_free_box)
    rt_free_mem                              0x000034a5   Thumb Code    40  rt_memory.o(i.rt_free_mem)
    rt_get_first                             0x000034cd   Thumb Code    40  rt_list.o(i.rt_get_first)
    rt_init_mem                              0x00003545   Thumb Code    26  rt_memory.o(i.rt_init_mem)
    rt_init_robin                            0x00003561   Thumb Code    14  rt_robin.o(i.rt_init_robin)
    rt_init_stack                            0x00003579   Thumb Code   118  hal_cm.o(i.rt_init_stack)
    rt_mbx_check                             0x000035f9   Thumb Code     8  rt_mailbox.o(i.rt_mbx_check)
    rt_mbx_init                              0x00003601   Thumb Code    26  rt_mailbox.o(i.rt_mbx_init)
    rt_mbx_psh                               0x0000361d   Thumb Code   236  rt_mailbox.o(i.rt_mbx_psh)
    rt_mbx_send                              0x0000370d   Thumb Code   148  rt_mailbox.o(i.rt_mbx_send)
    rt_mbx_wait                              0x000037a5   Thumb Code   174  rt_mailbox.o(i.rt_mbx_wait)
    rt_mut_init                              0x0000389d   Thumb Code    16  rt_mutex.o(i.rt_mut_init)
    rt_mut_release                           0x000038ad   Thumb Code   208  rt_mutex.o(i.rt_mut_release)
    rt_mut_wait                              0x00003985   Thumb Code   114  rt_mutex.o(i.rt_mut_wait)
    rt_pop_req                               0x000039fd   Thumb Code   112  rt_system.o(i.rt_pop_req)
    rt_psh_req                               0x00003a79   Thumb Code    22  rt_system.o(i.rt_psh_req)
    rt_psq_enq                               0x00003a99   Thumb Code    88  rt_list.o(i.rt_psq_enq)
    rt_put_dly                               0x00003af5   Thumb Code    68  rt_list.o(i.rt_put_dly)
    rt_put_prio                              0x00003b3d   Thumb Code    54  rt_list.o(i.rt_put_prio)
    rt_put_rdy_first                         0x00003b75   Thumb Code    14  rt_list.o(i.rt_put_rdy_first)
    rt_resort_prio                           0x00003b89   Thumb Code    46  rt_list.o(i.rt_resort_prio)
    rt_ret_val                               0x00003bbd   Thumb Code     6  hal_cm.o(i.rt_ret_val)
    rt_ret_val2                              0x00003bc3   Thumb Code     8  hal_cm.o(i.rt_ret_val2)
    rt_rmv_dly                               0x00003bcb   Thumb Code    40  rt_list.o(i.rt_rmv_dly)
    rt_rmv_list                              0x00003bf5   Thumb Code    44  rt_list.o(i.rt_rmv_list)
    rt_sem_psh                               0x00003c25   Thumb Code    48  rt_semaphore.o(i.rt_sem_psh)
    rt_stk_check                             0x00003c59   Thumb Code    28  rt_system.o(i.rt_stk_check)
    rt_switch_req                            0x00003c7d   Thumb Code    30  rt_task.o(i.rt_switch_req)
    rt_sys_init                              0x00003ca5   Thumb Code   138  rt_task.o(i.rt_sys_init)
    rt_sys_start                             0x00003d71   Thumb Code   110  rt_task.o(i.rt_sys_start)
    rt_systick                               0x00003de9   Thumb Code    50  rt_system.o(i.rt_systick)
    rt_tsk_create                            0x00003e71   Thumb Code   118  rt_task.o(i.rt_tsk_create)
    rt_tsk_delete                            0x00003ef9   Thumb Code   352  rt_task.o(i.rt_tsk_delete)
    rt_tsk_prio                              0x00004075   Thumb Code   108  rt_task.o(i.rt_tsk_prio)
    rt_tsk_self                              0x000040f1   Thumb Code    12  rt_task.o(i.rt_tsk_self)
    svcDelay                                 0x00004101   Thumb Code    18  rt_cmsis.o(i.svcDelay)
    svcKernelInitialize                      0x00004115   Thumb Code    80  rt_cmsis.o(i.svcKernelInitialize)
    svcKernelStart                           0x00004185   Thumb Code    62  rt_cmsis.o(i.svcKernelStart)
    svcMessageCreate                         0x000041cd   Thumb Code    36  rt_cmsis.o(i.svcMessageCreate)
    svcMessageGet                            0x000041f1   Thumb Code    58  rt_cmsis.o(i.svcMessageGet)
    svcMessagePut                            0x0000422b   Thumb Code    54  rt_cmsis.o(i.svcMessagePut)
    svcMutexCreate                           0x00004261   Thumb Code    28  rt_cmsis.o(i.svcMutexCreate)
    svcMutexRelease                          0x0000427d   Thumb Code    34  rt_cmsis.o(i.svcMutexRelease)
    svcMutexWait                             0x0000429f   Thumb Code    58  rt_cmsis.o(i.svcMutexWait)
    svcSignalWait                            0x000042d9   Thumb Code    80  rt_cmsis.o(i.svcSignalWait)
    svcThreadCreate                          0x0000432d   Thumb Code    96  rt_cmsis.o(i.svcThreadCreate)
    svcThreadGetId                           0x00004399   Thumb Code    22  rt_cmsis.o(i.svcThreadGetId)
    svcThreadTerminate                       0x000043b5   Thumb Code    50  rt_cmsis.o(i.svcThreadTerminate)
    svcTimerCall                             0x000043ed   Thumb Code    24  rt_cmsis.o(i.svcTimerCall)
    sysMailAlloc                             0x00004405   Thumb Code    84  rt_cmsis.o(i.sysMailAlloc)
    sysMailFree                              0x0000445d   Thumb Code    96  rt_cmsis.o(i.sysMailFree)
    sysTimerTick                             0x000044bd   Thumb Code    84  rt_cmsis.o(i.sysTimerTick)
    tempo                                    0x00004519   Thumb Code    18  lib_uart.o(i.tempo)
    __aeabi_d2iz                             0x0000452d   Thumb Code     0  dfix.o(x$fpl$dfix)
    _dfix                                    0x0000452d   Thumb Code    94  dfix.o(x$fpl$dfix)
    __aeabi_dmul                             0x0000458d   Thumb Code     0  dmul.o(x$fpl$dmul)
    _dmul                                    0x0000458d   Thumb Code   332  dmul.o(x$fpl$dmul)
    __fpl_dnaninf                            0x000046e1   Thumb Code   156  dnaninf.o(x$fpl$dnaninf)
    __fpl_dretinf                            0x0000477d   Thumb Code    12  dretinf.o(x$fpl$dretinf)
    __aeabi_f2d                              0x00004789   Thumb Code     0  f2d.o(x$fpl$f2d)
    _f2d                                     0x00004789   Thumb Code    86  f2d.o(x$fpl$f2d)
    __aeabi_fadd                             0x000047e1   Thumb Code     0  faddsub_clz.o(x$fpl$fadd)
    _fadd                                    0x000047e1   Thumb Code   196  faddsub_clz.o(x$fpl$fadd)
    __aeabi_f2iz                             0x000048a5   Thumb Code     0  ffix.o(x$fpl$ffix)
    _ffix                                    0x000048a5   Thumb Code    54  ffix.o(x$fpl$ffix)
    __aeabi_ui2f                             0x000048dd   Thumb Code     0  fflt_clz.o(x$fpl$ffltu)
    _ffltu                                   0x000048dd   Thumb Code    38  fflt_clz.o(x$fpl$ffltu)
    __aeabi_fmul                             0x00004905   Thumb Code     0  fmul.o(x$fpl$fmul)
    _fmul                                    0x00004905   Thumb Code   258  fmul.o(x$fpl$fmul)
    __fpl_fnaninf                            0x00004a07   Thumb Code   140  fnaninf.o(x$fpl$fnaninf)
    __fpl_fretinf                            0x00004a93   Thumb Code    10  fretinf.o(x$fpl$fretinf)
    __aeabi_fsub                             0x00004a9d   Thumb Code     0  faddsub_clz.o(x$fpl$fsub)
    _fsub                                    0x00004a9d   Thumb Code   234  faddsub_clz.o(x$fpl$fsub)
    __I$use$fp                               0x00004b86   Number         0  usenofp.o(x$fpl$usenofp)
    os_thread_def_TaskRFID                   0x00004b88   Data          16  main.o(.constdata)
    os_thread_def_TaskDFPlayer               0x00004b98   Data          16  main.o(.constdata)
    os_thread_def_TaskMoteur                 0x00004ba8   Data          16  main.o(.constdata)
    os_mutex_def_Mutex_PWM                   0x00004bb8   Data           4  main.o(.constdata)
    os_mutex_def_Mutex_UART                  0x00004bbc   Data           4  main.o(.constdata)
    os_mailQ_def_RFID2DFPlayer               0x00004bc0   Data          12  main.o(.constdata)
    os_mailQ_def_ETAT_MOT                    0x00004bcc   Data          12  main.o(.constdata)
    os_mailQ_def_Lumiere                     0x00004bd8   Data          12  main.o(.constdata)
    os_mailQ_def_Manette                     0x00004be4   Data          12  main.o(.constdata)
    os_maxtaskrun                            0x00004bf0   Data           2  rtx_conf_cm.o(.constdata)
    os_stackinfo                             0x00004bf4   Data           4  rtx_conf_cm.o(.constdata)
    os_rrobin                                0x00004bf8   Data           4  rtx_conf_cm.o(.constdata)
    os_tickfreq                              0x00004bfc   Data           4  rtx_conf_cm.o(.constdata)
    os_tickus_i                              0x00004c00   Data           2  rtx_conf_cm.o(.constdata)
    os_tickus_f                              0x00004c02   Data           2  rtx_conf_cm.o(.constdata)
    os_trv                                   0x00004c04   Data           4  rtx_conf_cm.o(.constdata)
    os_flags                                 0x00004c08   Data           1  rtx_conf_cm.o(.constdata)
    CMSIS_RTOS_API_Version                   0x00004c0c   Data           4  rtx_conf_cm.o(.constdata)
    CMSIS_RTOS_RTX_Version                   0x00004c10   Data           4  rtx_conf_cm.o(.constdata)
    os_clockrate                             0x00004c14   Data           4  rtx_conf_cm.o(.constdata)
    os_timernum                              0x00004c18   Data           4  rtx_conf_cm.o(.constdata)
    mp_tcb_size                              0x00004c1c   Data           2  rtx_conf_cm.o(.constdata)
    mp_stk_size                              0x00004c20   Data           4  rtx_conf_cm.o(.constdata)
    os_stack_sz                              0x00004c24   Data           4  rtx_conf_cm.o(.constdata)
    os_fifo_size                             0x00004c28   Data           1  rtx_conf_cm.o(.constdata)
    os_thread_def_osTimerThread              0x00004c2c   Data          16  rtx_conf_cm.o(.constdata)
    os_messageQ_def_osTimerMessageQ          0x00004c3c   Data           8  rtx_conf_cm.o(.constdata)
    mp_tmr_size                              0x00004c44   Data           2  rtx_conf_cm.o(.constdata)
    os_thread_def_main                       0x00004c48   Data          16  rtx_conf_cm.o(.constdata)
    Driver_USART0                            0x00004ee4   Data          56  uart_lpc17xx.o(.constdata)
    Driver_USART1                            0x00004f1c   Data          56  uart_lpc17xx.o(.constdata)
    Driver_USART2                            0x00004f54   Data          56  uart_lpc17xx.o(.constdata)
    Region$$Table$$Base                      0x00004f8c   Number         0  anon$$obj.o(Region$$Table)
    Region$$Table$$Limit                     0x00004fac   Number         0  anon$$obj.o(Region$$Table)
    ID_RFID                                  0x10000000   Data           4  main.o(.data)
    ID_DFPlayer                              0x10000004   Data           4  main.o(.data)
    ID_MOTEUR                                0x10000008   Data           4  main.o(.data)
    ID_Mutex_PWM                             0x1000000c   Data           4  main.o(.data)
    ID_Mutex_UART                            0x10000010   Data           4  main.o(.data)
    ID_RFID2DFPlayer                         0x10000014   Data           4  main.o(.data)
    ID_ETAT_MOT                              0x10000018   Data           4  main.o(.data)
    ID_Lumiere2DFPlayer                      0x1000001c   Data           4  main.o(.data)
    ID_Manette2DFPlayer                      0x10000020   Data           4  main.o(.data)
    os_mailQ_p_RFID2DFPlayer                 0x10000024   Data           8  main.o(.data)
    os_mailQ_p_ETAT_MOT                      0x1000002c   Data           8  main.o(.data)
    os_mailQ_p_Lumiere                       0x10000034   Data           8  main.o(.data)
    os_mailQ_p_Manette                       0x1000003c   Data           8  main.o(.data)
    servo_duty                               0x10000044   Data           4  lib_mot.o(.data)
    osThreadId_osTimerThread                 0x10000048   Data           4  rtx_conf_cm.o(.data)
    osMessageQId_osTimerMessageQ             0x1000004c   Data           4  rtx_conf_cm.o(.data)
    os_tmr                                   0x10000050   Data           4  rtx_conf_cm.o(.data)
    m_tmr                                    0x10000054   Data           4  rtx_conf_cm.o(.data)
    SystemCoreClock                          0x10000064   Data           4  system_lpc17xx.o(.data)
    os_initialized                           0x10000068   Data           1  rt_cmsis.o(.data)
    os_running                               0x10000069   Data           1  rt_cmsis.o(.data)
    os_timer_head                            0x1000006c   Data           4  rt_cmsis.o(.data)
    os_tsk                                   0x10000070   Data           8  rt_task.o(.data)
    os_tick_irqn                             0x1000007c   Data           4  rt_system.o(.data)
    os_time                                  0x10000080   Data           4  rt_time.o(.data)
    os_robin                                 0x10000084   Data           8  rt_robin.o(.data)
    dbg_msg                                  0x1000008c   Data           1  hal_cm.o(.data)
    os_mutex_cb_Mutex_PWM                    0x10000090   Data          16  main.o(.bss)
    os_mutex_cb_Mutex_UART                   0x100000a0   Data          16  main.o(.bss)
    os_mailQ_q_RFID2DFPlayer                 0x100000b0   Data          20  main.o(.bss)
    os_mailQ_m_RFID2DFPlayer                 0x100000c4   Data          16  main.o(.bss)
    os_mailQ_q_ETAT_MOT                      0x100000d4   Data          20  main.o(.bss)
    os_mailQ_m_ETAT_MOT                      0x100000e8   Data          16  main.o(.bss)
    os_mailQ_q_Lumiere                       0x100000f8   Data          20  main.o(.bss)
    os_mailQ_m_Lumiere                       0x1000010c   Data          16  main.o(.bss)
    os_mailQ_q_Manette                       0x1000011c   Data          20  main.o(.bss)
    os_mailQ_m_Manette                       0x10000130   Data          16  main.o(.bss)
    mp_tcb                                   0x10000140   Data         376  rtx_conf_cm.o(.bss)
    mp_stk                                   0x100002b8   Data        1216  rtx_conf_cm.o(.bss)
    os_stack_mem                             0x10000778   Data         432  rtx_conf_cm.o(.bss)
    os_fifo                                  0x10000928   Data         132  rtx_conf_cm.o(.bss)
    os_active_TCB                            0x100009ac   Data          28  rtx_conf_cm.o(.bss)
    os_messageQ_q_osTimerMessageQ            0x100009c8   Data          32  rtx_conf_cm.o(.bss)
    os_idle_TCB                              0x10000e44   Data          52  rt_task.o(.bss)
    os_rdy                                   0x10000e78   Data          24  rt_list.o(.bss)
    os_dly                                   0x10000e90   Data          24  rt_list.o(.bss)
    __libspace_start                         0x10000ea8   Data          96  libspace.o(.bss)
    __temporary_stack_top$libspace           0x10000f08   Data           0  libspace.o(.bss)



==============================================================================

Memory Map of the image

  Image Entry point : 0x00000301

  Load Region LR_1 (Base: 0x00000000, Size: 0x0000503c, Max: 0xffffffff, ABSOLUTE)

    Execution Region ER_RO (Base: 0x00000000, Size: 0x00004fac, Max: 0xffffffff, ABSOLUTE)

    Base Addr    Size         Type   Attr      Idx    E Section Name        Object

    0x00000000   0x000000cc   Data   RO          845    RESET               startup_lpc17xx.o
    0x000000cc   0x00000008   Code   RO         2169  * !!!main             c_w.l(__main.o)
    0x000000d4   0x00000034   Code   RO         2417    !!!scatter          c_w.l(__scatter.o)
    0x00000108   0x0000001a   Code   RO         2419    !!handler_copy      c_w.l(__scatter_copy.o)
    0x00000122   0x00000002   PAD
    0x00000124   0x0000001c   Code   RO         2421    !!handler_zi        c_w.l(__scatter_zi.o)
    0x00000140   0x00000002   Code   RO         2369    .ARM.Collect$$libinit$$00000000  c_w.l(libinit.o)
    0x00000142   0x00000000   Code   RO         2242    .ARM.Collect$$libinit$$00000002  c_w.l(libinit2.o)
    0x00000142   0x00000000   Code   RO         2244    .ARM.Collect$$libinit$$00000004  c_w.l(libinit2.o)
    0x00000142   0x00000008   Code   RO         2245    .ARM.Collect$$libinit$$00000005  c_w.l(libinit2.o)
    0x0000014a   0x00000000   Code   RO         2247    .ARM.Collect$$libinit$$0000000A  c_w.l(libinit2.o)
    0x0000014a   0x00000000   Code   RO         2249    .ARM.Collect$$libinit$$0000000C  c_w.l(libinit2.o)
    0x0000014a   0x00000000   Code   RO         2251    .ARM.Collect$$libinit$$0000000E  c_w.l(libinit2.o)
    0x0000014a   0x00000000   Code   RO         2254    .ARM.Collect$$libinit$$00000011  c_w.l(libinit2.o)
    0x0000014a   0x00000000   Code   RO         2256    .ARM.Collect$$libinit$$00000013  c_w.l(libinit2.o)
    0x0000014a   0x00000000   Code   RO         2258    .ARM.Collect$$libinit$$00000015  c_w.l(libinit2.o)
    0x0000014a   0x00000000   Code   RO         2260    .ARM.Collect$$libinit$$00000017  c_w.l(libinit2.o)
    0x0000014a   0x00000000   Code   RO         2262    .ARM.Collect$$libinit$$00000019  c_w.l(libinit2.o)
    0x0000014a   0x00000000   Code   RO         2264    .ARM.Collect$$libinit$$0000001B  c_w.l(libinit2.o)
    0x0000014a   0x00000000   Code   RO         2266    .ARM.Collect$$libinit$$0000001D  c_w.l(libinit2.o)
    0x0000014a   0x00000000   Code   RO         2268    .ARM.Collect$$libinit$$0000001F  c_w.l(libinit2.o)
    0x0000014a   0x00000000   Code   RO         2270    .ARM.Collect$$libinit$$00000021  c_w.l(libinit2.o)
    0x0000014a   0x00000000   Code   RO         2272    .ARM.Collect$$libinit$$00000023  c_w.l(libinit2.o)
    0x0000014a   0x00000000   Code   RO         2274    .ARM.Collect$$libinit$$00000025  c_w.l(libinit2.o)
    0x0000014a   0x00000000   Code   RO         2278    .ARM.Collect$$libinit$$0000002C  c_w.l(libinit2.o)
    0x0000014a   0x00000000   Code   RO         2280    .ARM.Collect$$libinit$$0000002E  c_w.l(libinit2.o)
    0x0000014a   0x00000000   Code   RO         2282    .ARM.Collect$$libinit$$00000030  c_w.l(libinit2.o)
    0x0000014a   0x00000000   Code   RO         2284    .ARM.Collect$$libinit$$00000032  c_w.l(libinit2.o)
    0x0000014a   0x00000002   Code   RO         2285    .ARM.Collect$$libinit$$00000033  c_w.l(libinit2.o)
    0x0000014c   0x00000002   Code   RO         2370    .ARM.Collect$$libshutdown$$00000000  c_w.l(libshutdown.o)
    0x0000014e   0x00000000   Code   RO         2382    .ARM.Collect$$libshutdown$$00000002  c_w.l(libshutdown2.o)
    0x0000014e   0x00000000   Code   RO         2384    .ARM.Collect$$libshutdown$$00000004  c_w.l(libshutdown2.o)
    0x0000014e   0x00000000   Code   RO         2387    .ARM.Collect$$libshutdown$$00000007  c_w.l(libshutdown2.o)
    0x0000014e   0x00000000   Code   RO         2390    .ARM.Collect$$libshutdown$$0000000A  c_w.l(libshutdown2.o)
    0x0000014e   0x00000000   Code   RO         2392    .ARM.Collect$$libshutdown$$0000000C  c_w.l(libshutdown2.o)
    0x0000014e   0x00000000   Code   RO         2395    .ARM.Collect$$libshutdown$$0000000F  c_w.l(libshutdown2.o)
    0x0000014e   0x00000002   Code   RO         2396    .ARM.Collect$$libshutdown$$00000010  c_w.l(libshutdown2.o)
    0x00000150   0x00000000   Code   RO         2197    .ARM.Collect$$rtentry$$00000000  c_w.l(__rtentry.o)
    0x00000150   0x00000000   Code   RO         2298    .ARM.Collect$$rtentry$$00000002  c_w.l(__rtentry2.o)
    0x00000150   0x00000006   Code   RO         2310    .ARM.Collect$$rtentry$$00000004  c_w.l(__rtentry4.o)
    0x00000156   0x00000000   Code   RO         2300    .ARM.Collect$$rtentry$$00000009  c_w.l(__rtentry2.o)
    0x00000156   0x00000004   Code   RO         2301    .ARM.Collect$$rtentry$$0000000A  c_w.l(__rtentry2.o)
    0x0000015a   0x00000008   Code   RO         2302    .ARM.Collect$$rtentry$$0000000B  c_w.l(__rtentry2.o)
    0x00000162   0x00000008   Code   RO         2304    .ARM.Collect$$rtentry$$0000000D  c_w.l(__rtentry2.o)
    0x0000016a   0x00000002   Code   RO         2198    .ARM.Collect$$rtexit$$00000000  c_w.l(rtexit.o)
    0x0000016c   0x00000000   Code   RO         2313    .ARM.Collect$$rtexit$$00000002  c_w.l(rtexit2.o)
    0x0000016c   0x00000004   Code   RO         2314    .ARM.Collect$$rtexit$$00000003  c_w.l(rtexit2.o)
    0x00000170   0x00000006   Code   RO         2315    .ARM.Collect$$rtexit$$00000004  c_w.l(rtexit2.o)
    0x00000176   0x00000002   PAD
    0x00000178   0x0000001c   Code   RO          201    .emb_text           rtx_conf_cm.o
    0x00000194   0x00000130   Code   RO         2087    .emb_text           RTX_CM3.lib(hal_cm3.o)
    0x000002c4   0x00000000   Code   RO         2323    .emb_text           c_w.l(maybetermalloc1.o)
    0x000002c4   0x00000008   Code   RO         2102    .text               c_w.l(libspace.o)
    0x000002cc   0x00000012   Code   RO         2163    .text               c_w.l(exit.o)
    0x000002de   0x00000006   Code   RO         2167    .text               c_w.l(heapauxi.o)
    0x000002e4   0x0000000a   Code   RO         2209    .text               c_w.l(rt_heap_descriptor_twolibspace.o)
    0x000002ee   0x00000004   Code   RO         2211    .text               c_w.l(hguard.o)
    0x000002f2   0x00000002   Code   RO         2342    .text               c_w.l(use_no_semi.o)
    0x000002f4   0x00000000   Code   RO         2344    .text               c_w.l(indicate_semi.o)
    0x000002f4   0x00000004   Code   RO         2097    SVC_TABLE           RTX_CM3.lib(svc_table.o)
    0x000002f8   0x00000004   Code   RO          207    i.os_idle_demon     rtx_conf_cm.o
    0x000002fc   0x00000004   Code   RO          846    .ARM.__at_0x02FC    startup_lpc17xx.o
    0x00000300   0x0000003c   Code   RO          847  * .text               startup_lpc17xx.o
    0x0000033c   0x0000009e   Code   RO         2109    .text               c_w.l(h1_alloc_mt.o)
    0x000003da   0x000000ee   Code   RO         2161    .text               c_w.l(lludivv7m.o)
    0x000004c8   0x00000080   Code   RO         2165    .text               c_w.l(strcmpv7m.o)
    0x00000548   0x0000008a   Code   RO         2213    .text               c_w.l(init_alloc.o)
    0x000005d2   0x00000012   Code   RO         2223    .text               c_w.l(h1_init_mt.o)
    0x000005e4   0x00000076   Code   RO         2225    .text               c_w.l(h1_free_mt.o)
    0x0000065a   0x0000003e   Code   RO         2327    .text               c_w.l(h1_extend_mt.o)
    0x00000698   0x0000000e   Code   RO         2329    .text               c_w.l(defsig_rtmem_outer.o)
    0x000006a6   0x00000002   PAD
    0x000006a8   0x0000000c   Code   RO         2340    .text               c_w.l(sys_exit.o)
    0x000006b4   0x0000004a   Code   RO         2345    .text               c_w.l(sys_stackheap_outer.o)
    0x000006fe   0x0000000a   Code   RO         2351    .text               c_w.l(defsig_exit.o)
    0x00000708   0x00000050   Code   RO         2357    .text               c_w.l(defsig_rtmem_inner.o)
    0x00000758   0x00000032   Code   RO         2377    .text               c_w.l(defsig_general.o)
    0x0000078a   0x0000000e   Code   RO         2397    .text               c_w.l(sys_wrch.o)
    0x00000798   0x00000020   Code   RO          663    i.Clear_Channel_active_flag  gpdma_lpc17xx.o
    0x000007b8   0x00000180   Code   RO          664    i.DMA_IRQHandler    gpdma_lpc17xx.o
    0x00000938   0x000000f4   Code   RO          665    i.GPDMA_ChannelConfigure  gpdma_lpc17xx.o
    0x00000a2c   0x00000030   Code   RO          666    i.GPDMA_ChannelDisable  gpdma_lpc17xx.o
    0x00000a5c   0x00000030   Code   RO          668    i.GPDMA_ChannelGetCount  gpdma_lpc17xx.o
    0x00000a8c   0x000000b0   Code   RO          670    i.GPDMA_Initialize  gpdma_lpc17xx.o
    0x00000b3c   0x00000044   Code   RO          671    i.GPDMA_PeripheralSelect  gpdma_lpc17xx.o
    0x00000b80   0x00000080   Code   RO          672    i.GPDMA_Uninitialize  gpdma_lpc17xx.o
    0x00000c00   0x00000044   Code   RO          262    i.GetUsartClockFreq  uart_lpc17xx.o
    0x00000c44   0x000000a0   Code   RO          106    i.Init_UART         lib_uart.o
    0x00000ce4   0x00000038   Code   RO          107    i.LinkDFPlayer      lib_uart.o
    0x00000d1c   0x00000054   Code   RO          146    i.Mot_Initialize    lib_mot.o
    0x00000d70   0x00000028   Code   RO          147    i.Mot_Set_Duty      lib_mot.o
    0x00000d98   0x000000fc   Code   RO          810    i.PIN_Configure     pin_lpc17xx.o
    0x00000e94   0x00000028   Code   RO          108    i.Read_RFID         lib_uart.o
    0x00000ebc   0x0000008c   Code   RO          109    i.Send_DFPlayer_Command  lib_uart.o
    0x00000f48   0x000000c8   Code   RO          148    i.Servo_Mot_Initialize  lib_mot.o
    0x00001010   0x0000000c   Code   RO          149    i.Servo_Mot_Set_Duty  lib_mot.o
    0x0000101c   0x00000038   Code   RO          673    i.Set_Channel_active_flag  gpdma_lpc17xx.o
    0x00001054   0x00000140   Code   RO          857    i.SystemInit        system_lpc17xx.o
    0x00001194   0x0000008c   Code   RO          150    i.TIMER0_IRQHandler  lib_mot.o
    0x00001220   0x00000174   Code   RO            4    i.TaskDFPlayer      main.o
    0x00001394   0x0000002c   Code   RO            5    i.TaskMoteur        main.o
    0x000013c0   0x000000ac   Code   RO            6    i.TaskRFID          main.o
    0x0000146c   0x00000010   Code   RO          263    i.UART0_IRQHandler  uart_lpc17xx.o
    0x0000147c   0x00000010   Code   RO          264    i.UART1_IRQHandler  uart_lpc17xx.o
    0x0000148c   0x00000010   Code   RO          265    i.UART2_IRQHandler  uart_lpc17xx.o
    0x0000149c   0x00000018   Code   RO          266    i.USART0_Control    uart_lpc17xx.o
    0x000014b4   0x00000014   Code   RO          267    i.USART0_GPDMA_Rx_Event  uart_lpc17xx.o
    0x000014c8   0x00000014   Code   RO          268    i.USART0_GPDMA_Tx_Event  uart_lpc17xx.o
    0x000014dc   0x00000010   Code   RO          269    i.USART0_GetCapabilities  uart_lpc17xx.o
    0x000014ec   0x00000010   Code   RO          270    i.USART0_GetModemStatus  uart_lpc17xx.o
    0x000014fc   0x00000010   Code   RO          271    i.USART0_GetRxCount  uart_lpc17xx.o
    0x0000150c   0x00000010   Code   RO          272    i.USART0_GetStatus  uart_lpc17xx.o
    0x0000151c   0x00000010   Code   RO          273    i.USART0_GetTxCount  uart_lpc17xx.o
    0x0000152c   0x00000014   Code   RO          274    i.USART0_Initialize  uart_lpc17xx.o
    0x00001540   0x00000014   Code   RO          275    i.USART0_PowerControl  uart_lpc17xx.o
    0x00001554   0x00000018   Code   RO          276    i.USART0_Receive    uart_lpc17xx.o
    0x0000156c   0x00000018   Code   RO          277    i.USART0_Send       uart_lpc17xx.o
    0x00001584   0x00000014   Code   RO          278    i.USART0_SetModemControl  uart_lpc17xx.o
    0x00001598   0x0000001c   Code   RO          279    i.USART0_Transfer   uart_lpc17xx.o
    0x000015b4   0x00000010   Code   RO          280    i.USART0_Uninitialize  uart_lpc17xx.o
    0x000015c4   0x00000018   Code   RO          281    i.USART1_Control    uart_lpc17xx.o
    0x000015dc   0x00000014   Code   RO          282    i.USART1_GPDMA_Rx_Event  uart_lpc17xx.o
    0x000015f0   0x00000014   Code   RO          283    i.USART1_GPDMA_Tx_Event  uart_lpc17xx.o
    0x00001604   0x00000010   Code   RO          284    i.USART1_GetCapabilities  uart_lpc17xx.o
    0x00001614   0x00000010   Code   RO          285    i.USART1_GetModemStatus  uart_lpc17xx.o
    0x00001624   0x00000010   Code   RO          286    i.USART1_GetRxCount  uart_lpc17xx.o
    0x00001634   0x00000010   Code   RO          287    i.USART1_GetStatus  uart_lpc17xx.o
    0x00001644   0x00000010   Code   RO          288    i.USART1_GetTxCount  uart_lpc17xx.o
    0x00001654   0x00000014   Code   RO          289    i.USART1_Initialize  uart_lpc17xx.o
    0x00001668   0x00000014   Code   RO          290    i.USART1_PowerControl  uart_lpc17xx.o
    0x0000167c   0x00000018   Code   RO          291    i.USART1_Receive    uart_lpc17xx.o
    0x00001694   0x00000018   Code   RO          292    i.USART1_Send       uart_lpc17xx.o
    0x000016ac   0x00000014   Code   RO          293    i.USART1_SetModemControl  uart_lpc17xx.o
    0x000016c0   0x0000001c   Code   RO          294    i.USART1_Transfer   uart_lpc17xx.o
    0x000016dc   0x00000010   Code   RO          295    i.USART1_Uninitialize  uart_lpc17xx.o
    0x000016ec   0x00000018   Code   RO          296    i.USART2_Control    uart_lpc17xx.o
    0x00001704   0x00000014   Code   RO          297    i.USART2_GPDMA_Rx_Event  uart_lpc17xx.o
    0x00001718   0x00000014   Code   RO          298    i.USART2_GPDMA_Tx_Event  uart_lpc17xx.o
    0x0000172c   0x00000010   Code   RO          299    i.USART2_GetCapabilities  uart_lpc17xx.o
    0x0000173c   0x00000010   Code   RO          300    i.USART2_GetModemStatus  uart_lpc17xx.o
    0x0000174c   0x00000010   Code   RO          301    i.USART2_GetRxCount  uart_lpc17xx.o
    0x0000175c   0x00000010   Code   RO          302    i.USART2_GetStatus  uart_lpc17xx.o
    0x0000176c   0x00000010   Code   RO          303    i.USART2_GetTxCount  uart_lpc17xx.o
    0x0000177c   0x00000014   Code   RO          304    i.USART2_Initialize  uart_lpc17xx.o
    0x00001790   0x00000014   Code   RO          305    i.USART2_PowerControl  uart_lpc17xx.o
    0x000017a4   0x00000018   Code   RO          306    i.USART2_Receive    uart_lpc17xx.o
    0x000017bc   0x00000018   Code   RO          307    i.USART2_Send       uart_lpc17xx.o
    0x000017d4   0x00000014   Code   RO          308    i.USART2_SetModemControl  uart_lpc17xx.o
    0x000017e8   0x0000001c   Code   RO          309    i.USART2_Transfer   uart_lpc17xx.o
    0x00001804   0x00000010   Code   RO          310    i.USART2_Uninitialize  uart_lpc17xx.o
    0x00001814   0x00000578   Code   RO          311    i.USART_Control     uart_lpc17xx.o
    0x00001d8c   0x00000086   Code   RO          312    i.USART_GPDMA_Rx_Event  uart_lpc17xx.o
    0x00001e12   0x0000004a   Code   RO          313    i.USART_GPDMA_Tx_Event  uart_lpc17xx.o
    0x00001e5c   0x00000006   Code   RO          314    i.USART_GetCapabilities  uart_lpc17xx.o
    0x00001e62   0x000000ec   Code   RO          315    i.USART_GetModemStatus  uart_lpc17xx.o
    0x00001f4e   0x0000001c   Code   RO          316    i.USART_GetRxCount  uart_lpc17xx.o
    0x00001f6a   0x000000bc   Code   RO          317    i.USART_GetStatus   uart_lpc17xx.o
    0x00002026   0x0000001c   Code   RO          318    i.USART_GetTxCount  uart_lpc17xx.o
    0x00002042   0x00000270   Code   RO          319    i.USART_IRQHandler  uart_lpc17xx.o
    0x000022b2   0x000000fe   Code   RO          320    i.USART_Initialize  uart_lpc17xx.o
    0x000023b0   0x000000f6   Code   RO          321    i.USART_PIN_Configure  uart_lpc17xx.o
    0x000024a6   0x00000002   PAD
    0x000024a8   0x00000268   Code   RO          322    i.USART_PowerControl  uart_lpc17xx.o
    0x00002710   0x00000110   Code   RO          323    i.USART_Receive     uart_lpc17xx.o
    0x00002820   0x00000068   Code   RO          324    i.USART_RxLineIntHandler  uart_lpc17xx.o
    0x00002888   0x0000019c   Code   RO          325    i.USART_Send        uart_lpc17xx.o
    0x00002a24   0x00000140   Code   RO          326    i.USART_SetBaudrate  uart_lpc17xx.o
    0x00002b64   0x000000a0   Code   RO          327    i.USART_SetModemControl  uart_lpc17xx.o
    0x00002c04   0x0000007a   Code   RO          328    i.USART_Transfer    uart_lpc17xx.o
    0x00002c7e   0x000000e2   Code   RO          329    i.USART_Uninitialize  uart_lpc17xx.o
    0x00002d60   0x00000010   Code   RO          330    i.USARTx_GetVersion  uart_lpc17xx.o
    0x00002d70   0x0000001c   Code   RO          331    i.__NVIC_ClearPendingIRQ  uart_lpc17xx.o
    0x00002d8c   0x0000001c   Code   RO          674    i.__NVIC_ClearPendingIRQ  gpdma_lpc17xx.o
    0x00002da8   0x00000046   Code   RO         1986    i._init_box         RTX_CM3.lib(rt_membox.o)
    0x00002dee   0x00000002   PAD
    0x00002df0   0x00000020   Code   RO          203    i._mutex_acquire    rtx_conf_cm.o
    0x00002e10   0x0000002c   Code   RO          204    i._mutex_initialize  rtx_conf_cm.o
    0x00002e3c   0x0000001c   Code   RO          205    i._mutex_release    rtx_conf_cm.o
    0x00002e58   0x00000030   Code   RO         2039    i.dbg_init          RTX_CM3.lib(hal_cm.o)
    0x00002e88   0x00000020   Code   RO         2040    i.dbg_task_notify   RTX_CM3.lib(hal_cm.o)
    0x00002ea8   0x00000010   Code   RO         2041    i.dbg_task_switch   RTX_CM3.lib(hal_cm.o)
    0x00002eb8   0x0000002a   Code   RO          892    i.isrMessageGet     RTX_CM3.lib(rt_cmsis.o)
    0x00002ee2   0x0000002c   Code   RO          893    i.isrMessagePut     RTX_CM3.lib(rt_cmsis.o)
    0x00002f0e   0x00000002   PAD
    0x00002f10   0x00000056   Code   RO         1841    i.isr_mbx_receive   RTX_CM3.lib(rt_mailbox.o)
    0x00002f66   0x0000000e   Code   RO         1842    i.isr_mbx_send      RTX_CM3.lib(rt_mailbox.o)
    0x00002f74   0x00000068   Code   RO            7    i.main              main.o
    0x00002fdc   0x00000018   Code   RO          896    i.osDelay           RTX_CM3.lib(rt_cmsis.o)
    0x00002ff4   0x00000024   Code   RO          897    i.osKernelInitialize  RTX_CM3.lib(rt_cmsis.o)
    0x00003018   0x0000006c   Code   RO          899    i.osKernelStart     RTX_CM3.lib(rt_cmsis.o)
    0x00003084   0x0000001c   Code   RO          901    i.osMailAlloc       RTX_CM3.lib(rt_cmsis.o)
    0x000030a0   0x0000001c   Code   RO          904    i.osMailFree        RTX_CM3.lib(rt_cmsis.o)
    0x000030bc   0x00000016   Code   RO          905    i.osMailGet         RTX_CM3.lib(rt_cmsis.o)
    0x000030d2   0x00000014   Code   RO          906    i.osMailPut         RTX_CM3.lib(rt_cmsis.o)
    0x000030e6   0x00000002   PAD
    0x000030e8   0x00000018   Code   RO          908    i.osMessageGet      RTX_CM3.lib(rt_cmsis.o)
    0x00003100   0x00000018   Code   RO          909    i.osMessagePut      RTX_CM3.lib(rt_cmsis.o)
    0x00003118   0x0000002c   Code   RO          910    i.osMutexCreate     RTX_CM3.lib(rt_cmsis.o)
    0x00003144   0x00000018   Code   RO          912    i.osMutexRelease    RTX_CM3.lib(rt_cmsis.o)
    0x0000315c   0x00000018   Code   RO          913    i.osMutexWait       RTX_CM3.lib(rt_cmsis.o)
    0x00003174   0x00000018   Code   RO          924    i.osSignalWait      RTX_CM3.lib(rt_cmsis.o)
    0x0000318c   0x0000002c   Code   RO          925    i.osThreadCreate    RTX_CM3.lib(rt_cmsis.o)
    0x000031b8   0x00000018   Code   RO          926    i.osThreadExit      RTX_CM3.lib(rt_cmsis.o)
    0x000031d0   0x0000000c   Code   RO          932    i.osTimerCall       RTX_CM3.lib(rt_cmsis.o)
    0x000031dc   0x0000002c   Code   RO          937    i.osTimerThread     RTX_CM3.lib(rt_cmsis.o)
    0x00003208   0x00000022   Code   RO          206    i.os_error          rtx_conf_cm.o
    0x0000322a   0x00000002   PAD
    0x0000322c   0x00000028   Code   RO         1633    i.os_tick_init      RTX_CM3.lib(rt_system.o)
    0x00003254   0x00000002   Code   RO         1634    i.os_tick_irqack    RTX_CM3.lib(rt_system.o)
    0x00003256   0x0000001a   Code   RO         1987    i.rt_alloc_box      RTX_CM3.lib(rt_membox.o)
    0x00003270   0x0000003e   Code   RO         2015    i.rt_alloc_mem      RTX_CM3.lib(rt_memory.o)
    0x000032ae   0x00000002   PAD
    0x000032b0   0x00000038   Code   RO         1514    i.rt_block          RTX_CM3.lib(rt_task.o)
    0x000032e8   0x00000048   Code   RO         1964    i.rt_chk_robin      RTX_CM3.lib(rt_robin.o)
    0x00003330   0x00000070   Code   RO         1765    i.rt_dec_dly        RTX_CM3.lib(rt_list.o)
    0x000033a0   0x00000044   Code   RO         1515    i.rt_dispatch       RTX_CM3.lib(rt_task.o)
    0x000033e4   0x00000006   Code   RO         1931    i.rt_dly_wait       RTX_CM3.lib(rt_time.o)
    0x000033ea   0x00000002   PAD
    0x000033ec   0x00000050   Code   RO         1726    i.rt_evt_psh        RTX_CM3.lib(rt_event.o)
    0x0000343c   0x0000003c   Code   RO         1728    i.rt_evt_wait       RTX_CM3.lib(rt_event.o)
    0x00003478   0x0000002c   Code   RO         1988    i.rt_free_box       RTX_CM3.lib(rt_membox.o)
    0x000034a4   0x00000028   Code   RO         2016    i.rt_free_mem       RTX_CM3.lib(rt_memory.o)
    0x000034cc   0x00000028   Code   RO         1766    i.rt_get_first      RTX_CM3.lib(rt_list.o)
    0x000034f4   0x00000008   Code   RO          942    i.rt_id2obj         RTX_CM3.lib(rt_cmsis.o)
    0x000034fc   0x00000048   Code   RO         1516    i.rt_init_context   RTX_CM3.lib(rt_task.o)
    0x00003544   0x0000001a   Code   RO         2017    i.rt_init_mem       RTX_CM3.lib(rt_memory.o)
    0x0000355e   0x00000002   PAD
    0x00003560   0x00000018   Code   RO         1965    i.rt_init_robin     RTX_CM3.lib(rt_robin.o)
    0x00003578   0x00000080   Code   RO         2042    i.rt_init_stack     RTX_CM3.lib(hal_cm.o)
    0x000035f8   0x00000008   Code   RO         1843    i.rt_mbx_check      RTX_CM3.lib(rt_mailbox.o)
    0x00003600   0x0000001a   Code   RO         1844    i.rt_mbx_init       RTX_CM3.lib(rt_mailbox.o)
    0x0000361a   0x00000002   PAD
    0x0000361c   0x000000f0   Code   RO         1845    i.rt_mbx_psh        RTX_CM3.lib(rt_mailbox.o)
    0x0000370c   0x00000098   Code   RO         1846    i.rt_mbx_send       RTX_CM3.lib(rt_mailbox.o)
    0x000037a4   0x000000b4   Code   RO         1847    i.rt_mbx_wait       RTX_CM3.lib(rt_mailbox.o)
    0x00003858   0x00000044   Code   RO          943    i.rt_ms2tick        RTX_CM3.lib(rt_cmsis.o)
    0x0000389c   0x00000010   Code   RO         1599    i.rt_mut_init       RTX_CM3.lib(rt_mutex.o)
    0x000038ac   0x000000d8   Code   RO         1600    i.rt_mut_release    RTX_CM3.lib(rt_mutex.o)
    0x00003984   0x00000078   Code   RO         1601    i.rt_mut_wait       RTX_CM3.lib(rt_mutex.o)
    0x000039fc   0x0000007c   Code   RO         1637    i.rt_pop_req        RTX_CM3.lib(rt_system.o)
    0x00003a78   0x00000020   Code   RO         1638    i.rt_psh_req        RTX_CM3.lib(rt_system.o)
    0x00003a98   0x0000005c   Code   RO         1768    i.rt_psq_enq        RTX_CM3.lib(rt_list.o)
    0x00003af4   0x00000048   Code   RO         1769    i.rt_put_dly        RTX_CM3.lib(rt_list.o)
    0x00003b3c   0x00000036   Code   RO         1770    i.rt_put_prio       RTX_CM3.lib(rt_list.o)
    0x00003b72   0x00000002   PAD
    0x00003b74   0x00000014   Code   RO         1771    i.rt_put_rdy_first  RTX_CM3.lib(rt_list.o)
    0x00003b88   0x00000034   Code   RO         1772    i.rt_resort_prio    RTX_CM3.lib(rt_list.o)
    0x00003bbc   0x00000006   Code   RO         2043    i.rt_ret_val        RTX_CM3.lib(hal_cm.o)
    0x00003bc2   0x00000008   Code   RO         2044    i.rt_ret_val2       RTX_CM3.lib(hal_cm.o)
    0x00003bca   0x00000028   Code   RO         1773    i.rt_rmv_dly        RTX_CM3.lib(rt_list.o)
    0x00003bf2   0x00000002   PAD
    0x00003bf4   0x00000030   Code   RO         1774    i.rt_rmv_list       RTX_CM3.lib(rt_list.o)
    0x00003c24   0x00000034   Code   RO         1892    i.rt_sem_psh        RTX_CM3.lib(rt_semaphore.o)
    0x00003c58   0x00000024   Code   RO         1640    i.rt_stk_check      RTX_CM3.lib(rt_system.o)
    0x00003c7c   0x00000028   Code   RO         1517    i.rt_switch_req     RTX_CM3.lib(rt_task.o)
    0x00003ca4   0x000000cc   Code   RO         1518    i.rt_sys_init       RTX_CM3.lib(rt_task.o)
    0x00003d70   0x00000078   Code   RO         1519    i.rt_sys_start      RTX_CM3.lib(rt_task.o)
    0x00003de8   0x00000040   Code   RO         1642    i.rt_systick        RTX_CM3.lib(rt_system.o)
    0x00003e28   0x00000012   Code   RO          944    i.rt_tid2ptcb       RTX_CM3.lib(rt_cmsis.o)
    0x00003e3a   0x00000002   PAD
    0x00003e3c   0x00000034   Code   RO          945    i.rt_timer_insert   RTX_CM3.lib(rt_cmsis.o)
    0x00003e70   0x00000088   Code   RO         1520    i.rt_tsk_create     RTX_CM3.lib(rt_task.o)
    0x00003ef8   0x0000017c   Code   RO         1521    i.rt_tsk_delete     RTX_CM3.lib(rt_task.o)
    0x00004074   0x0000007c   Code   RO         1523    i.rt_tsk_prio       RTX_CM3.lib(rt_task.o)
    0x000040f0   0x00000010   Code   RO         1524    i.rt_tsk_self       RTX_CM3.lib(rt_task.o)
    0x00004100   0x00000012   Code   RO          947    i.svcDelay          RTX_CM3.lib(rt_cmsis.o)
    0x00004112   0x00000002   PAD
    0x00004114   0x00000070   Code   RO          948    i.svcKernelInitialize  RTX_CM3.lib(rt_cmsis.o)
    0x00004184   0x00000048   Code   RO          950    i.svcKernelStart    RTX_CM3.lib(rt_cmsis.o)
    0x000041cc   0x00000024   Code   RO          953    i.svcMessageCreate  RTX_CM3.lib(rt_cmsis.o)
    0x000041f0   0x0000003a   Code   RO          954    i.svcMessageGet     RTX_CM3.lib(rt_cmsis.o)
    0x0000422a   0x00000036   Code   RO          955    i.svcMessagePut     RTX_CM3.lib(rt_cmsis.o)
    0x00004260   0x0000001c   Code   RO          956    i.svcMutexCreate    RTX_CM3.lib(rt_cmsis.o)
    0x0000427c   0x00000022   Code   RO          958    i.svcMutexRelease   RTX_CM3.lib(rt_cmsis.o)
    0x0000429e   0x0000003a   Code   RO          959    i.svcMutexWait      RTX_CM3.lib(rt_cmsis.o)
    0x000042d8   0x00000054   Code   RO          967    i.svcSignalWait     RTX_CM3.lib(rt_cmsis.o)
    0x0000432c   0x0000006c   Code   RO          968    i.svcThreadCreate   RTX_CM3.lib(rt_cmsis.o)
    0x00004398   0x0000001c   Code   RO          969    i.svcThreadGetId    RTX_CM3.lib(rt_cmsis.o)
    0x000043b4   0x00000038   Code   RO          972    i.svcThreadTerminate  RTX_CM3.lib(rt_cmsis.o)
    0x000043ec   0x00000018   Code   RO          974    i.svcTimerCall      RTX_CM3.lib(rt_cmsis.o)
    0x00004404   0x00000058   Code   RO          979    i.sysMailAlloc      RTX_CM3.lib(rt_cmsis.o)
    0x0000445c   0x00000060   Code   RO          980    i.sysMailFree       RTX_CM3.lib(rt_cmsis.o)
    0x000044bc   0x0000005c   Code   RO          983    i.sysTimerTick      RTX_CM3.lib(rt_cmsis.o)
    0x00004518   0x00000012   Code   RO          110    i.tempo             lib_uart.o
    0x0000452a   0x00000002   PAD
    0x0000452c   0x0000005e   Code   RO         2171    x$fpl$dfix          fz_ws.l(dfix.o)
    0x0000458a   0x00000002   PAD
    0x0000458c   0x00000154   Code   RO         2175    x$fpl$dmul          fz_ws.l(dmul.o)
    0x000046e0   0x0000009c   Code   RO         2286    x$fpl$dnaninf       fz_ws.l(dnaninf.o)
    0x0000477c   0x0000000c   Code   RO         2288    x$fpl$dretinf       fz_ws.l(dretinf.o)
    0x00004788   0x00000056   Code   RO         2177    x$fpl$f2d           fz_ws.l(f2d.o)
    0x000047de   0x00000002   PAD
    0x000047e0   0x000000c4   Code   RO         2179    x$fpl$fadd          fz_ws.l(faddsub_clz.o)
    0x000048a4   0x00000036   Code   RO         2185    x$fpl$ffix          fz_ws.l(ffix.o)
    0x000048da   0x00000002   PAD
    0x000048dc   0x00000026   Code   RO         2189    x$fpl$ffltu         fz_ws.l(fflt_clz.o)
    0x00004902   0x00000002   PAD
    0x00004904   0x00000102   Code   RO         2195    x$fpl$fmul          fz_ws.l(fmul.o)
    0x00004a06   0x0000008c   Code   RO         2290    x$fpl$fnaninf       fz_ws.l(fnaninf.o)
    0x00004a92   0x0000000a   Code   RO         2292    x$fpl$fretinf       fz_ws.l(fretinf.o)
    0x00004a9c   0x000000ea   Code   RO         2181    x$fpl$fsub          fz_ws.l(faddsub_clz.o)
    0x00004b86   0x00000000   Code   RO         2294    x$fpl$usenofp       fz_ws.l(usenofp.o)
    0x00004b86   0x00000002   PAD
    0x00004b88   0x00000068   Data   RO            9    .constdata          main.o
    0x00004bf0   0x00000068   Data   RO          209    .constdata          rtx_conf_cm.o
    0x00004c58   0x00000334   Data   RO          333    .constdata          uart_lpc17xx.o
    0x00004f8c   0x00000020   Data   RO         2415    Region$$Table       anon$$obj.o


    Execution Region ER_RW (Base: 0x10000000, Size: 0x00000090, Max: 0xffffffff, ABSOLUTE)

    Base Addr    Size         Type   Attr      Idx    E Section Name        Object

    0x10000000   0x00000044   Data   RW           10    .data               main.o
    0x10000044   0x00000004   Data   RW          151    .data               lib_mot.o
    0x10000048   0x00000014   Data   RW          210    .data               rtx_conf_cm.o
    0x1000005c   0x00000008   Data   RW          676    .data               gpdma_lpc17xx.o
    0x10000064   0x00000004   Data   RW          858    .data               system_lpc17xx.o
    0x10000068   0x00000008   Data   RW          986    .data               RTX_CM3.lib(rt_cmsis.o)
    0x10000070   0x00000008   Data   RW         1526    .data               RTX_CM3.lib(rt_task.o)
    0x10000078   0x00000008   Data   RW         1645    .data               RTX_CM3.lib(rt_system.o)
    0x10000080   0x00000004   Data   RW         1935    .data               RTX_CM3.lib(rt_time.o)
    0x10000084   0x00000008   Data   RW         1966    .data               RTX_CM3.lib(rt_robin.o)
    0x1000008c   0x00000001   Data   RW         2045    .data               RTX_CM3.lib(hal_cm.o)


    Execution Region ER_ZI (Base: 0x10000090, Size: 0x00001078, Max: 0xffffffff, ABSOLUTE)

    Base Addr    Size         Type   Attr      Idx    E Section Name        Object

    0x10000090   0x000000b0   Zero   RW            8    .bss                main.o
    0x10000140   0x00000bc8   Zero   RW          208    .bss                rtx_conf_cm.o
    0x10000d08   0x0000009c   Zero   RW          332    .bss                uart_lpc17xx.o
    0x10000da4   0x000000a0   Zero   RW          675    .bss                gpdma_lpc17xx.o
    0x10000e44   0x00000034   Zero   RW         1525    .bss                RTX_CM3.lib(rt_task.o)
    0x10000e78   0x00000030   Zero   RW         1775    .bss                RTX_CM3.lib(rt_list.o)
    0x10000ea8   0x00000060   Zero   RW         2103    .bss                c_w.l(libspace.o)
    0x10000f08   0x00000000   Zero   RW          844    HEAP                startup_lpc17xx.o
    0x10000f08   0x00000200   Zero   RW          843    STACK               startup_lpc17xx.o


==============================================================================

Image component sizes


      Code (inc. data)   RO Data    RW Data    ZI Data      Debug   Object Name

      1212         94          0          8        160       8086   gpdma_lpc17xx.o
       476         60          0          4          0      28904   lib_mot.o
       414         36          0          0          0       2351   lib_uart.o
       692         98        104         68        176      37395   main.o
       252          6          0          0          0        804   pin_lpc17xx.o
       170         36        104         20       3016       9435   rtx_conf_cm.o
        64         26        204          0        512        940   startup_lpc17xx.o
       320         18          0          4          0        747   system_lpc17xx.o
      6498        340        820          0        156      81800   uart_lpc17xx.o

    ----------------------------------------------------------------------
     10104        714       1264        104       4020     170462   Object Totals
         0          0         32          0          0          0   (incl. Generated)
         6          0          0          0          0          0   (incl. Padding)

    ----------------------------------------------------------------------

      Code (inc. data)   RO Data    RW Data    ZI Data      Debug   Library Member Name

       238         24          0          1          0       3268   hal_cm.o
       304         36          0          0          0        760   hal_cm3.o
      1832        196          0          8          0      43721   rt_cmsis.o
       140          8          0          0          0       1387   rt_event.o
       530         34          0          0         48       8169   rt_list.o
       706         14          0          0          0       4731   rt_mailbox.o
       140          0          0          0          0       1901   rt_membox.o
       128          0          0          0          0       2275   rt_memory.o
       352         14          0          0          0       2085   rt_mutex.o
        96         22          0          8          0       1134   rt_robin.o
        52          4          0          0          0        565   rt_semaphore.o
       298         52          0          8          0       6151   rt_system.o
      1216        174          0          8         52       9565   rt_task.o
         6          0          0          4          0        644   rt_time.o
         4          4          0          0          0        200   svc_table.o
         8          0          0          0          0         68   __main.o
         0          0          0          0          0          0   __rtentry.o
        20          0          0          0          0          0   __rtentry2.o
         6          0          0          0          0          0   __rtentry4.o
        52          8          0          0          0          0   __scatter.o
        26          0          0          0          0          0   __scatter_copy.o
        28          0          0          0          0          0   __scatter_zi.o
        10          0          0          0          0         68   defsig_exit.o
        50          0          0          0          0         88   defsig_general.o
        80         58          0          0          0         76   defsig_rtmem_inner.o
        14          0          0          0          0         80   defsig_rtmem_outer.o
        18          0          0          0          0         80   exit.o
       158          0          0          0          0        128   h1_alloc_mt.o
        62          0          0          0          0         80   h1_extend_mt.o
       118          0          0          0          0        108   h1_free_mt.o
        18          0          0          0          0         84   h1_init_mt.o
         6          0          0          0          0        152   heapauxi.o
         4          0          0          0          0        136   hguard.o
         0          0          0          0          0          0   indicate_semi.o
       138          0          0          0          0        168   init_alloc.o
         2          0          0          0          0          0   libinit.o
        10          0          0          0          0          0   libinit2.o
         2          0          0          0          0          0   libshutdown.o
         2          0          0          0          0          0   libshutdown2.o
         8          4          0          0         96         68   libspace.o
       238          0          0          0          0        100   lludivv7m.o
         0          0          0          0          0          0   maybetermalloc1.o
        10          0          0          0          0         76   rt_heap_descriptor_twolibspace.o
         2          0          0          0          0          0   rtexit.o
        10          0          0          0          0          0   rtexit2.o
       128          0          0          0          0         68   strcmpv7m.o
        12          4          0          0          0         68   sys_exit.o
        74          0          0          0          0         80   sys_stackheap_outer.o
        14          0          0          0          0         76   sys_wrch.o
         2          0          0          0          0         68   use_no_semi.o
        94          4          0          0          0         92   dfix.o
       340         12          0          0          0        104   dmul.o
       156          4          0          0          0         92   dnaninf.o
        12          0          0          0          0         68   dretinf.o
        86          4          0          0          0         84   f2d.o
       430          8          0          0          0        168   faddsub_clz.o
        54          4          0          0          0         84   ffix.o
        38          0          0          0          0         68   fflt_clz.o
       258          4          0          0          0         84   fmul.o
       140          4          0          0          0         84   fnaninf.o
        10          0          0          0          0         68   fretinf.o
         0          0          0          0          0          0   usenofp.o

    ----------------------------------------------------------------------
      9028        700          0         40        196      89472   Library Totals
        38          0          0          3          0          0   (incl. Padding)

    ----------------------------------------------------------------------

      Code (inc. data)   RO Data    RW Data    ZI Data      Debug   Library Name

      6042        582          0         37        100      86556   RTX_CM3.lib
      1330         74          0          0         96       1920   c_w.l
      1618         44          0          0          0        996   fz_ws.l

    ----------------------------------------------------------------------
      9028        700          0         40        196      89472   Library Totals

    ----------------------------------------------------------------------

==============================================================================


      Code (inc. data)   RO Data    RW Data    ZI Data      Debug   

     19132       1414       1264        144       4216     248646   Grand Totals
     19132       1414       1264        144       4216     248646   ELF Image Totals
     19132       1414       1264        144          0          0   ROM Totals

==============================================================================

    Total RO  Size (Code + RO Data)                20396 (  19.92kB)
    Total RW  Size (RW Data + ZI Data)              4360 (   4.26kB)
    Total ROM Size (Code + RO Data + RW Data)      20540 (  20.06kB)

==============================================================================

